Archive member included to satisfy reference by file (symbol)

C:/ST/STM32CubeIDE_1.16.0/STM32CubeIDE/plugins/com.st.stm32cube.ide.mcu.externaltools.gnu-tools-for-stm32.12.3.rel1.win32_1.0.200.202406191623/tools/bin/../lib/gcc/arm-none-eabi/12.3.1/../../../../arm-none-eabi/lib/thumb/v7e-m+fp/hard\libc_nano.a(libc_a-exit.o)
                              C:/ST/STM32CubeIDE_1.16.0/STM32CubeIDE/plugins/com.st.stm32cube.ide.mcu.externaltools.gnu-tools-for-stm32.12.3.rel1.win32_1.0.200.202406191623/tools/bin/../lib/gcc/arm-none-eabi/12.3.1/../../../../arm-none-eabi/lib/thumb/v7e-m+fp/hard/crt0.o (exit)
C:/ST/STM32CubeIDE_1.16.0/STM32CubeIDE/plugins/com.st.stm32cube.ide.mcu.externaltools.gnu-tools-for-stm32.12.3.rel1.win32_1.0.200.202406191623/tools/bin/../lib/gcc/arm-none-eabi/12.3.1/../../../../arm-none-eabi/lib/thumb/v7e-m+fp/hard\libc_nano.a(libc_a-findfp.o)
                              C:/ST/STM32CubeIDE_1.16.0/STM32CubeIDE/plugins/com.st.stm32cube.ide.mcu.externaltools.gnu-tools-for-stm32.12.3.rel1.win32_1.0.200.202406191623/tools/bin/../lib/gcc/arm-none-eabi/12.3.1/../../../../arm-none-eabi/lib/thumb/v7e-m+fp/hard\libc_nano.a(libc_a-exit.o) (__stdio_exit_handler)
C:/ST/STM32CubeIDE_1.16.0/STM32CubeIDE/plugins/com.st.stm32cube.ide.mcu.externaltools.gnu-tools-for-stm32.12.3.rel1.win32_1.0.200.202406191623/tools/bin/../lib/gcc/arm-none-eabi/12.3.1/../../../../arm-none-eabi/lib/thumb/v7e-m+fp/hard\libc_nano.a(libc_a-fwalk.o)
                              C:/ST/STM32CubeIDE_1.16.0/STM32CubeIDE/plugins/com.st.stm32cube.ide.mcu.externaltools.gnu-tools-for-stm32.12.3.rel1.win32_1.0.200.202406191623/tools/bin/../lib/gcc/arm-none-eabi/12.3.1/../../../../arm-none-eabi/lib/thumb/v7e-m+fp/hard\libc_nano.a(libc_a-findfp.o) (_fwalk_sglue)
C:/ST/STM32CubeIDE_1.16.0/STM32CubeIDE/plugins/com.st.stm32cube.ide.mcu.externaltools.gnu-tools-for-stm32.12.3.rel1.win32_1.0.200.202406191623/tools/bin/../lib/gcc/arm-none-eabi/12.3.1/../../../../arm-none-eabi/lib/thumb/v7e-m+fp/hard\libc_nano.a(libc_a-stdio.o)
                              C:/ST/STM32CubeIDE_1.16.0/STM32CubeIDE/plugins/com.st.stm32cube.ide.mcu.externaltools.gnu-tools-for-stm32.12.3.rel1.win32_1.0.200.202406191623/tools/bin/../lib/gcc/arm-none-eabi/12.3.1/../../../../arm-none-eabi/lib/thumb/v7e-m+fp/hard\libc_nano.a(libc_a-findfp.o) (__sread)
C:/ST/STM32CubeIDE_1.16.0/STM32CubeIDE/plugins/com.st.stm32cube.ide.mcu.externaltools.gnu-tools-for-stm32.12.3.rel1.win32_1.0.200.202406191623/tools/bin/../lib/gcc/arm-none-eabi/12.3.1/../../../../arm-none-eabi/lib/thumb/v7e-m+fp/hard\libc_nano.a(libc_a-memset.o)
                              C:/ST/STM32CubeIDE_1.16.0/STM32CubeIDE/plugins/com.st.stm32cube.ide.mcu.externaltools.gnu-tools-for-stm32.12.3.rel1.win32_1.0.200.202406191623/tools/bin/../lib/gcc/arm-none-eabi/12.3.1/../../../../arm-none-eabi/lib/thumb/v7e-m+fp/hard/crt0.o (memset)
C:/ST/STM32CubeIDE_1.16.0/STM32CubeIDE/plugins/com.st.stm32cube.ide.mcu.externaltools.gnu-tools-for-stm32.12.3.rel1.win32_1.0.200.202406191623/tools/bin/../lib/gcc/arm-none-eabi/12.3.1/../../../../arm-none-eabi/lib/thumb/v7e-m+fp/hard\libc_nano.a(libc_a-closer.o)
                              C:/ST/STM32CubeIDE_1.16.0/STM32CubeIDE/plugins/com.st.stm32cube.ide.mcu.externaltools.gnu-tools-for-stm32.12.3.rel1.win32_1.0.200.202406191623/tools/bin/../lib/gcc/arm-none-eabi/12.3.1/../../../../arm-none-eabi/lib/thumb/v7e-m+fp/hard\libc_nano.a(libc_a-stdio.o) (_close_r)
C:/ST/STM32CubeIDE_1.16.0/STM32CubeIDE/plugins/com.st.stm32cube.ide.mcu.externaltools.gnu-tools-for-stm32.12.3.rel1.win32_1.0.200.202406191623/tools/bin/../lib/gcc/arm-none-eabi/12.3.1/../../../../arm-none-eabi/lib/thumb/v7e-m+fp/hard\libc_nano.a(libc_a-reent.o)
                              C:/ST/STM32CubeIDE_1.16.0/STM32CubeIDE/plugins/com.st.stm32cube.ide.mcu.externaltools.gnu-tools-for-stm32.12.3.rel1.win32_1.0.200.202406191623/tools/bin/../lib/gcc/arm-none-eabi/12.3.1/../../../../arm-none-eabi/lib/thumb/v7e-m+fp/hard\libc_nano.a(libc_a-closer.o) (errno)
C:/ST/STM32CubeIDE_1.16.0/STM32CubeIDE/plugins/com.st.stm32cube.ide.mcu.externaltools.gnu-tools-for-stm32.12.3.rel1.win32_1.0.200.202406191623/tools/bin/../lib/gcc/arm-none-eabi/12.3.1/../../../../arm-none-eabi/lib/thumb/v7e-m+fp/hard\libc_nano.a(libc_a-impure.o)
                              C:/ST/STM32CubeIDE_1.16.0/STM32CubeIDE/plugins/com.st.stm32cube.ide.mcu.externaltools.gnu-tools-for-stm32.12.3.rel1.win32_1.0.200.202406191623/tools/bin/../lib/gcc/arm-none-eabi/12.3.1/../../../../arm-none-eabi/lib/thumb/v7e-m+fp/hard\libc_nano.a(libc_a-reent.o) (_impure_ptr)
C:/ST/STM32CubeIDE_1.16.0/STM32CubeIDE/plugins/com.st.stm32cube.ide.mcu.externaltools.gnu-tools-for-stm32.12.3.rel1.win32_1.0.200.202406191623/tools/bin/../lib/gcc/arm-none-eabi/12.3.1/../../../../arm-none-eabi/lib/thumb/v7e-m+fp/hard\libc_nano.a(libc_a-lseekr.o)
[...]
Memory Configuration

Name             Origin             Length             Attributes
RAM              0x20000000         0x00008000         xrw
FLASH            0x08000000         0x00010000         xr
*default*        0x00000000         0xffffffff

Linker script and memory map

LOAD C:/ST/STM32CubeIDE_1.16.0/STM32CubeIDE/plugins/com.st.stm32cube.ide.mcu.externaltools.gnu-tools-for-stm32.12.3.rel1.win32_1.0.200.202406191623/tools/bin/../lib/gcc/arm-none-eabi/12.3.1/thumb/v7e-m+fp/hard/crti.o
LOAD C:/ST/STM32CubeIDE_1.16.0/STM32CubeIDE/plugins/com.st.stm32cube.ide.mcu.externaltools.gnu-tools-for-stm32.12.3.rel1.win32_1.0.200.202406191623/tools/bin/../lib/gcc/arm-none-eabi/12.3.1/thumb/v7e-m+fp/hard/crtbegin.o
LOAD C:/ST/STM32CubeIDE_1.16.0/STM32CubeIDE/plugins/com.st.stm32cube.ide.mcu.externaltools.gnu-tools-for-stm32.12.3.rel1.win32_1.0.200.202406191623/tools/bin/../lib/gcc/arm-none-eabi/12.3.1/../../../../arm-none-eabi/lib/thumb/v7e-m+fp/hard/crt0.o
LOAD ./Core/Src/adc.o
LOAD ./Core/Src/dma.o
LOAD ./Core/Src/gpio.o
LOAD ./Core/Src/main.o
LOAD ./Core/Src/opamp.o
LOAD ./Core/Src/stm32g4xx_hal_msp.o
LOAD ./Core/Src/stm32g4xx_it.o
LOAD ./Core/Src/syscalls.o
LOAD ./Core/Src/sysmem.o
LOAD ./Core/Src/system_stm32g4xx.o
LOAD ./Core/Src/tim.o
LOAD ./Core/Startup/startup_stm32g431c8ux.o
LOAD ./Drivers/STM32G4xx_HAL_Driver/Src/stm32g4xx_hal.o
LOAD ./Drivers/STM32G4xx_HAL_Driver/Src/stm32g4xx_hal_adc.o
LOAD ./Drivers/STM32G4xx_HAL_Driver/Src/stm32g4xx_hal_adc_ex.o
LOAD ./Drivers/STM32G4xx_HAL_Driver/Src/stm32g4xx_hal_cortex.o
LOAD ./Drivers/STM32G4xx_HAL_Driver/Src/stm32g4xx_hal_dma.o
LOAD ./Drivers/STM32G4xx_HAL_Driver/Src/stm32g4xx_hal_dma_ex.o
LOAD ./Drivers/STM32G4xx_HAL_Driver/Src/stm32g4xx_hal_exti.o
LOAD ./Drivers/STM32G4xx_HAL_Driver/Src/stm32g4xx_hal_flash.o
LOAD ./Drivers/STM32G4xx_HAL_Driver/Src/stm32g4xx_hal_flash_ex.o
LOAD ./Drivers/STM32G4xx_HAL_Driver/Src/stm32g4xx_hal_flash_ramfunc.o
LOAD ./Drivers/STM32G4xx_HAL_Driver/Src/stm32g4xx_hal_gpio.o
LOAD ./Drivers/STM32G4xx_HAL_Driver/Src/stm32g4xx_hal_opamp.o
LOAD ./Drivers/STM32G4xx_HAL_Driver/Src/stm32g4xx_hal_opamp_ex.o
LOAD ./Drivers/STM32G4xx_HAL_Driver/Src/stm32g4xx_hal_pwr.o
LOAD ./Drivers/STM32G4xx_HAL_Driver/Src/stm32g4xx_hal_pwr_ex.o
LOAD ./Drivers/STM32G4xx_HAL_Driver/Src/stm32g4xx_hal_rcc.o
LOAD ./Drivers/STM32G4xx_HAL_Driver/Src/stm32g4xx_hal_rcc_ex.o
LOAD ./Drivers/STM32G4xx_HAL_Driver/Src/stm32g4xx_hal_tim.o
LOAD ./Drivers/STM32G4xx_HAL_Driver/Src/stm32g4xx_hal_tim_ex.o
LOAD ./Drivers/STM32G4xx_HAL_Driver/Src/stm32g4xx_ll_adc.o
LOAD ./foc_layer/angle_estimator.o
LOAD ./foc_layer/clarke_and_park.o
LOAD ./foc_layer/vabctoduty.o
LOAD ./hw_layer/hardware_adc.o
LOAD ./hw_layer/hardware_pwm.o
START GROUP
LOAD C:/ST/STM32CubeIDE_1.16.0/STM32CubeIDE/plugins/com.st.stm32cube.ide.mcu.externaltools.gnu-tools-for-stm32.12.3.rel1.win32_1.0.200.202406191623/tools/bin/../lib/gcc/arm-none-eabi/12.3.1/../../../../arm-none-eabi/lib/thumb/v7e-m+fp/hard\libc_nano.a
LOAD C:/ST/STM32CubeIDE_1.16.0/STM32CubeIDE/plugins/com.st.stm32cube.ide.mcu.externaltools.gnu-tools-for-stm32.12.3.rel1.win32_1.0.200.202406191623/tools/bin/../lib/gcc/arm-none-eabi/12.3.1/../../../../arm-none-eabi/lib/thumb/v7e-m+fp/hard\libm.a
END GROUP
START GROUP
LOAD C:/ST/STM32CubeIDE_1.16.0/STM32CubeIDE/plugins/com.st.stm32cube.ide.mcu.externaltools.gnu-tools-for-stm32.12.3.rel1.win32_1.0.200.202406191623/tools/bin/../lib/gcc/arm-none-eabi/12.3.1/thumb/v7e-m+fp/hard\libgcc.a
LOAD C:/ST/STM32CubeIDE_1.16.0/STM32CubeIDE/plugins/com.st.stm32cube.ide.mcu.externaltools.gnu-tools-for-stm32.12.3.rel1.win32_1.0.200.202406191623/tools/bin/../lib/gcc/arm-none-eabi/12.3.1/../../../../arm-none-eabi/lib/thumb/v7e-m+fp/hard\libc_nano.a
END GROUP
START GROUP
LOAD C:/ST/STM32CubeIDE_1.16.0/STM32CubeIDE/plugins/com.st.stm32cube.ide.mcu.externaltools.gnu-tools-for-stm32.12.3.rel1.win32_1.0.200.202406191623/tools/bin/../lib/gcc/arm-none-eabi/12.3.1/thumb/v7e-m+fp/hard\libgcc.a
LOAD C:/ST/STM32CubeIDE_1.16.0/STM32CubeIDE/plugins/com.st.stm32cube.ide.mcu.externaltools.gnu-tools-for-stm32.12.3.rel1.win32_1.0.200.202406191623/tools/bin/../lib/gcc/arm-none-eabi/12.3.1/../../../../arm-none-eabi/lib/thumb/v7e-m+fp/hard\libc_nano.a
LOAD C:/ST/STM32CubeIDE_1.16.0/STM32CubeIDE/plugins/com.st.stm32cube.ide.mcu.externaltools.gnu-tools-for-stm32.12.3.rel1.win32_1.0.200.202406191623/tools/bin/../lib/gcc/arm-none-eabi/12.3.1/../../../../arm-none-eabi/lib/thumb/v7e-m+fp/hard\libnosys.a
END GROUP
START GROUP
LOAD C:/ST/STM32CubeIDE_1.16.0/STM32CubeIDE/plugins/com.st.stm32cube.ide.mcu.externaltools.gnu-tools-for-stm32.12.3.rel1.win32_1.0.200.202406191623/tools/bin/../lib/gcc/arm-none-eabi/12.3.1/thumb/v7e-m+fp/hard\libgcc.a
LOAD C:/ST/STM32CubeIDE_1.16.0/STM32CubeIDE/plugins/com.st.stm32cube.ide.mcu.externaltools.gnu-tools-for-stm32.12.3.rel1.win32_1.0.200.202406191623/tools/bin/../lib/gcc/arm-none-eabi/12.3.1/../../../../arm-none-eabi/lib/thumb/v7e-m+fp/hard\libc_nano.a
LOAD C:/ST/STM32CubeIDE_1.16.0/STM32CubeIDE/plugins/com.st.stm32cube.ide.mcu.externaltools.gnu-tools-for-stm32.12.3.rel1.win32_1.0.200.202406191623/tools/bin/../lib/gcc/arm-none-eabi/12.3.1/../../../../arm-none-eabi/lib/thumb/v7e-m+fp/hard\libnosys.a
END GROUP
LOAD C:/ST/STM32CubeIDE_1.16.0/STM32CubeIDE/plugins/com.st.stm32cube.ide.mcu.externaltools.gnu-tools-for-stm32.12.3.rel1.win32_1.0.200.202406191623/tools/bin/../lib/gcc/arm-none-eabi/12.3.1/thumb/v7e-m+fp/hard/crtend.o
LOAD C:/ST/STM32CubeIDE_1.16.0/STM32CubeIDE/plugins/com.st.stm32cube.ide.mcu.externaltools.gnu-tools-for-stm32.12.3.rel1.win32_1.0.200.202406191623/tools/bin/../lib/gcc/arm-none-eabi/12.3.1/thumb/v7e-m+fp/hard/crtn.o
                0x20008000                        _estack = (ORIGIN (RAM) + LENGTH (RAM))
                0x00000200                        _Min_Heap_Size = 0x200
                0x00000400                        _Min_Stack_Size = 0x400

.isr_vector     0x08000000      0x1d8
                0x08000000                        . = ALIGN (0x4)
 *(.isr_vector)
 .isr_vector    0x08000000      0x1d8 ./Core/Startup/startup_stm32g431c8ux.o
                0x08000000                g_pfnVectors
                0x080001d8                        . = ALIGN (0x4)

.text           0x080001d8     0x5dbc
                0x080001d8                        . = ALIGN (0x4)
 *(.text)
 .text          0x080001d8       0x40 C:/ST/STM32CubeIDE_1.16.0/STM32CubeIDE/plugins/com.st.stm32cube.ide.mcu.externaltools.gnu-tools-for-stm32.12.3.rel1.win32_1.0.200.202406191623/tools/bin/../lib/gcc/arm-none-eabi/12.3.1/thumb/v7e-m+fp/hard/crtbegin.o
 *(.text*)
 .text.MX_ADC1_Init
                0x08000218      0x174 ./Core/Src/adc.o
                0x08000218                MX_ADC1_Init
 .text.MX_ADC2_Init
                0x0800038c       0xcc ./Core/Src/adc.o
                0x0800038c                MX_ADC2_Init
 .text.HAL_ADC_MspInit
                0x08000458      0x1ac ./Core/Src/adc.o
                0x08000458                HAL_ADC_MspInit
 .text.MX_DMA_Init
                0x08000604       0x54 ./Core/Src/dma.o
                0x08000604                MX_DMA_Init
 .text.MX_GPIO_Init
                0x08000658       0xe4 ./Core/Src/gpio.o
                0x08000658                MX_GPIO_Init
 .text.main     0x0800073c       0xd0 ./Core/Src/main.o
                0x0800073c                main
 .text.SystemClock_Config
                0x0800080c       0x92 ./Core/Src/main.o
                0x0800080c                SystemClock_Config
 .text.Error_Handler
                0x0800089e        0xc ./Core/Src/main.o
                0x0800089e                Error_Handler
 .text.MX_OPAMP1_Init
                0x080008aa        0xe ./Core/Src/opamp.o
                0x080008aa                MX_OPAMP1_Init
 .text.MX_OPAMP2_Init
                0x080008b8        0xe ./Core/Src/opamp.o
                0x080008b8                MX_OPAMP2_Init
 .text.MX_OPAMP3_Init
                0x080008c6        0xe ./Core/Src/opamp.o
                0x080008c6                MX_OPAMP3_Init
 .text.HAL_MspInit
                0x080008d4       0x48 ./Core/Src/stm32g4xx_hal_msp.o
                0x080008d4                HAL_MspInit
 .text.NMI_Handler
                0x0800091c        0x8 ./Core/Src/stm32g4xx_it.o
                0x0800091c                NMI_Handler
 .text.HardFault_Handler
                0x08000924        0x8 ./Core/Src/stm32g4xx_it.o
                0x08000924                HardFault_Handler
 .text.MemManage_Handler
                0x0800092c        0x8 ./Core/Src/stm32g4xx_it.o
                0x0800092c                MemManage_Handler
 .text.BusFault_Handler
                0x08000934        0x8 ./Core/Src/stm32g4xx_it.o
                0x08000934                BusFault_Handler
 .text.UsageFault_Handler
                0x0800093c        0x8 ./Core/Src/stm32g4xx_it.o
                0x0800093c                UsageFault_Handler
 .text.SVC_Handler
                0x08000944        0xe ./Core/Src/stm32g4xx_it.o
                0x08000944                SVC_Handler
 .text.DebugMon_Handler
                0x08000952        0xe ./Core/Src/stm32g4xx_it.o
                0x08000952                DebugMon_Handler
 .text.PendSV_Handler
                0x08000960        0xe ./Core/Src/stm32g4xx_it.o
                0x08000960                PendSV_Handler
 .text.SysTick_Handler
                0x0800096e        0xc ./Core/Src/stm32g4xx_it.o
                0x0800096e                SysTick_Handler
 *fill*         0x0800097a        0x2 
 .text.DMA1_Channel1_IRQHandler
                0x0800097c       0x14 ./Core/Src/stm32g4xx_it.o
                0x0800097c                DMA1_Channel1_IRQHandler
 .text.TIM1_UP_TIM16_IRQHandler
                0x08000990       0x90 ./Core/Src/stm32g4xx_it.o
                0x08000990                TIM1_UP_TIM16_IRQHandler
 .text.SystemInit
                0x08000a20       0x24 ./Core/Src/system_stm32g4xx.o
                0x08000a20                SystemInit
 .text.MX_TIM1_Init
                0x08000a44      0x190 ./Core/Src/tim.o
                0x08000a44                MX_TIM1_Init
 .text.MX_TIM15_Init
                0x08000bd4       0xa4 ./Core/Src/tim.o
                0x08000bd4                MX_TIM15_Init
 .text.HAL_TIM_Base_MspInit
                0x08000c78       0x74 ./Core/Src/tim.o
                0x08000c78                HAL_TIM_Base_MspInit
 .text.HAL_TIM_MspPostInit
                0x08000cec       0xec ./Core/Src/tim.o
                0x08000cec                HAL_TIM_MspPostInit
 .text.Reset_Handler
                0x08000dd8       0x50 ./Core/Startup/startup_stm32g431c8ux.o
                0x08000dd8                Reset_Handler
 .text.Default_Handler
                0x08000e28        0x2 ./Core/Startup/startup_stm32g431c8ux.o
                0x08000e28                RTC_Alarm_IRQHandler
                0x08000e28                EXTI2_IRQHandler
                0x08000e28                TIM8_TRG_COM_IRQHandler
                0x08000e28                TIM8_CC_IRQHandler
                0x08000e28                TIM1_CC_IRQHandler
                0x08000e28                USB_HP_IRQHandler
                0x08000e28                CORDIC_IRQHandler
                0x08000e28                EXTI3_IRQHandler
                0x08000e28                I2C3_ER_IRQHandler
                0x08000e28                EXTI0_IRQHandler
                0x08000e28                I2C2_EV_IRQHandler
                0x08000e28                FPU_IRQHandler
                0x08000e28                FDCAN1_IT1_IRQHandler
                0x08000e28                ADC1_2_IRQHandler
                0x08000e28                SPI1_IRQHandler
                0x08000e28                TIM6_DAC_IRQHandler
                0x08000e28                TIM8_UP_IRQHandler
                0x08000e28                DMA2_Channel2_IRQHandler
                0x08000e28                DMA1_Channel4_IRQHandler
                0x08000e28                USART3_IRQHandler
                0x08000e28                TIM4_IRQHandler
                0x08000e28                DMA2_Channel1_IRQHandler
                0x08000e28                I2C1_EV_IRQHandler
                0x08000e28                DMA1_Channel6_IRQHandler
                0x08000e28                UART4_IRQHandler
                0x08000e28                DMA2_Channel4_IRQHandler
                0x08000e28                TIM3_IRQHandler
                0x08000e28                RCC_IRQHandler
                0x08000e28                Default_Handler
                0x08000e28                RTC_TAMP_LSECSS_IRQHandler
                0x08000e28                FMAC_IRQHandler
                0x08000e28                EXTI15_10_IRQHandler
                0x08000e28                TIM7_IRQHandler
                0x08000e28                UCPD1_IRQHandler
                0x08000e28                I2C3_EV_IRQHandler
                0x08000e28                EXTI9_5_IRQHandler
                0x08000e28                RTC_WKUP_IRQHandler
                0x08000e28                PVD_PVM_IRQHandler
                0x08000e28                SPI2_IRQHandler
                0x08000e28                DMA2_Channel5_IRQHandler
                0x08000e28                CRS_IRQHandler
                0x08000e28                DMA1_Channel5_IRQHandler
                0x08000e28                USB_LP_IRQHandler
                0x08000e28                EXTI4_IRQHandler
                0x08000e28                RNG_IRQHandler
                0x08000e28                TIM1_TRG_COM_TIM17_IRQHandler
                0x08000e28                DMA1_Channel3_IRQHandler
                0x08000e28                WWDG_IRQHandler
                0x08000e28                LPUART1_IRQHandler
                0x08000e28                DMA2_Channel6_IRQHandler
                0x08000e28                FDCAN1_IT0_IRQHandler
                0x08000e28                TIM2_IRQHandler
                0x08000e28                COMP1_2_3_IRQHandler
                0x08000e28                EXTI1_IRQHandler
                0x08000e28                USART2_IRQHandler
                0x08000e28                I2C2_ER_IRQHandler
                0x08000e28                DMA1_Channel2_IRQHandler
                0x08000e28                TIM8_BRK_IRQHandler
                0x08000e28                FLASH_IRQHandler
                0x08000e28                USART1_IRQHandler
                0x08000e28                SPI3_IRQHandler
                0x08000e28                I2C1_ER_IRQHandler
                0x08000e28                LPTIM1_IRQHandler
                0x08000e28                DMAMUX_OVR_IRQHandler
                0x08000e28                USBWakeUp_IRQHandler
                0x08000e28                SAI1_IRQHandler
                0x08000e28                DMA2_Channel3_IRQHandler
                0x08000e28                COMP4_IRQHandler
                0x08000e28                TIM1_BRK_TIM15_IRQHandler
 .text.HAL_Init
                0x08000e2a       0x30 ./Drivers/STM32G4xx_HAL_Driver/Src/stm32g4xx_hal.o
                0x08000e2a                HAL_Init
 *fill*         0x08000e5a        0x2 
 .text.HAL_InitTick
                0x08000e5c       0x74 ./Drivers/STM32G4xx_HAL_Driver/Src/stm32g4xx_hal.o
                0x08000e5c                HAL_InitTick
 .text.HAL_IncTick
                0x08000ed0       0x24 ./Drivers/STM32G4xx_HAL_Driver/Src/stm32g4xx_hal.o
                0x08000ed0                HAL_IncTick
 .text.HAL_GetTick
                0x08000ef4       0x18 ./Drivers/STM32G4xx_HAL_Driver/Src/stm32g4xx_hal.o
                0x08000ef4                HAL_GetTick
 .text.HAL_Delay
                0x08000f0c       0x44 ./Drivers/STM32G4xx_HAL_Driver/Src/stm32g4xx_hal.o
                0x08000f0c                HAL_Delay
 .text.LL_ADC_SetCommonClock
                0x08000f50       0x26 ./Drivers/STM32G4xx_HAL_Driver/Src/stm32g4xx_hal_adc.o
 .text.LL_ADC_SetCommonPathInternalCh
                0x08000f76       0x26 ./Drivers/STM32G4xx_HAL_Driver/Src/stm32g4xx_hal_adc.o
 .text.LL_ADC_GetCommonPathInternalCh
                0x08000f9c       0x1c ./Drivers/STM32G4xx_HAL_Driver/Src/stm32g4xx_hal_adc.o
 .text.LL_ADC_SetOffset
                0x08000fb8       0x48 ./Drivers/STM32G4xx_HAL_Driver/Src/stm32g4xx_hal_adc.o
 .text.LL_ADC_GetOffsetChannel
                0x08001000       0x2c ./Drivers/STM32G4xx_HAL_Driver/Src/stm32g4xx_hal_adc.o
 .text.LL_ADC_SetOffsetState
                0x0800102c       0x36 ./Drivers/STM32G4xx_HAL_Driver/Src/stm32g4xx_hal_adc.o
 .text.LL_ADC_SetOffsetSign
                0x08001062       0x36 ./Drivers/STM32G4xx_HAL_Driver/Src/stm32g4xx_hal_adc.o
 .text.LL_ADC_SetOffsetSaturation
                0x08001098       0x36 ./Drivers/STM32G4xx_HAL_Driver/Src/stm32g4xx_hal_adc.o
 .text.LL_ADC_SetSamplingTimeCommonConfig
                0x080010ce       0x26 ./Drivers/STM32G4xx_HAL_Driver/Src/stm32g4xx_hal_adc.o
 .text.LL_ADC_REG_IsTriggerSourceSWStart
                0x080010f4       0x26 ./Drivers/STM32G4xx_HAL_Driver/Src/stm32g4xx_hal_adc.o
 .text.LL_ADC_REG_SetSequencerRanks
                0x0800111a       0x58 ./Drivers/STM32G4xx_HAL_Driver/Src/stm32g4xx_hal_adc.o
 .text.LL_ADC_SetChannelSamplingTime
                0x08001172       0x56 ./Drivers/STM32G4xx_HAL_Driver/Src/stm32g4xx_hal_adc.o
 .text.LL_ADC_SetChannelSingleDiff
                0x080011c8       0x48 ./Drivers/STM32G4xx_HAL_Driver/Src/stm32g4xx_hal_adc.o
 .text.LL_ADC_GetMultimode
                0x08001210       0x1c ./Drivers/STM32G4xx_HAL_Driver/Src/stm32g4xx_hal_adc.o
 .text.LL_ADC_DisableDeepPowerDown
                0x0800122c       0x24 ./Drivers/STM32G4xx_HAL_Driver/Src/stm32g4xx_hal_adc.o
 .text.LL_ADC_IsDeepPowerDownEnabled
                0x08001250       0x28 ./Drivers/STM32G4xx_HAL_Driver/Src/stm32g4xx_hal_adc.o
 .text.LL_ADC_EnableInternalRegulator
                0x08001278       0x28 ./Drivers/STM32G4xx_HAL_Driver/Src/stm32g4xx_hal_adc.o
 .text.LL_ADC_IsInternalRegulatorEnabled
                0x080012a0       0x28 ./Drivers/STM32G4xx_HAL_Driver/Src/stm32g4xx_hal_adc.o
 .text.LL_ADC_Enable
                0x080012c8       0x28 ./Drivers/STM32G4xx_HAL_Driver/Src/stm32g4xx_hal_adc.o
 .text.LL_ADC_Disable
                0x080012f0       0x28 ./Drivers/STM32G4xx_HAL_Driver/Src/stm32g4xx_hal_adc.o
 .text.LL_ADC_IsEnabled
                0x08001318       0x26 ./Drivers/STM32G4xx_HAL_Driver/Src/stm32g4xx_hal_adc.o
 .text.LL_ADC_IsDisableOngoing
                0x0800133e       0x26 ./Drivers/STM32G4xx_HAL_Driver/Src/stm32g4xx_hal_adc.o
 .text.LL_ADC_REG_StartConversion
                0x08001364       0x28 ./Drivers/STM32G4xx_HAL_Driver/Src/stm32g4xx_hal_adc.o
 .text.LL_ADC_REG_IsConversionOngoing
                0x0800138c       0x26 ./Drivers/STM32G4xx_HAL_Driver/Src/stm32g4xx_hal_adc.o
 .text.LL_ADC_INJ_IsConversionOngoing
                0x080013b2       0x26 ./Drivers/STM32G4xx_HAL_Driver/Src/stm32g4xx_hal_adc.o
 .text.HAL_ADC_Init
                0x080013d8      0x308 ./Drivers/STM32G4xx_HAL_Driver/Src/stm32g4xx_hal_adc.o
                0x080013d8                HAL_ADC_Init
 .text.HAL_ADC_Start_DMA
                0x080016e0      0x168 ./Drivers/STM32G4xx_HAL_Driver/Src/stm32g4xx_hal_adc.o
                0x080016e0                HAL_ADC_Start_DMA
 .text.HAL_ADC_ConvHalfCpltCallback
                0x08001848       0x14 ./Drivers/STM32G4xx_HAL_Driver/Src/stm32g4xx_hal_adc.o
                0x08001848                HAL_ADC_ConvHalfCpltCallback
 .text.HAL_ADC_ErrorCallback
                0x0800185c       0x14 ./Drivers/STM32G4xx_HAL_Driver/Src/stm32g4xx_hal_adc.o
                0x0800185c                HAL_ADC_ErrorCallback
 .text.HAL_ADC_ConfigChannel
                0x08001870      0x7e0 ./Drivers/STM32G4xx_HAL_Driver/Src/stm32g4xx_hal_adc.o
                0x08001870                HAL_ADC_ConfigChannel
 .text.ADC_Enable
                0x08002050      0x10c ./Drivers/STM32G4xx_HAL_Driver/Src/stm32g4xx_hal_adc.o
                0x08002050                ADC_Enable
 .text.ADC_Disable
                0x0800215c       0xbe ./Drivers/STM32G4xx_HAL_Driver/Src/stm32g4xx_hal_adc.o
                0x0800215c                ADC_Disable
 .text.ADC_DMAConvCplt
                0x0800221a       0xd8 ./Drivers/STM32G4xx_HAL_Driver/Src/stm32g4xx_hal_adc.o
                0x0800221a                ADC_DMAConvCplt
 .text.ADC_DMAHalfConvCplt
                0x080022f2       0x1c ./Drivers/STM32G4xx_HAL_Driver/Src/stm32g4xx_hal_adc.o
                0x080022f2                ADC_DMAHalfConvCplt
 .text.ADC_DMAError
                0x0800230e       0x34 ./Drivers/STM32G4xx_HAL_Driver/Src/stm32g4xx_hal_adc.o
                0x0800230e                ADC_DMAError
 .text.LL_ADC_IsEnabled
                0x08002342       0x26 ./Drivers/STM32G4xx_HAL_Driver/Src/stm32g4xx_hal_adc_ex.o
 .text.LL_ADC_StartCalibration
                0x08002368       0x32 ./Drivers/STM32G4xx_HAL_Driver/Src/stm32g4xx_hal_adc_ex.o
 .text.LL_ADC_IsCalibrationOnGoing
                0x0800239a       0x28 ./Drivers/STM32G4xx_HAL_Driver/Src/stm32g4xx_hal_adc_ex.o
 .text.LL_ADC_REG_IsConversionOngoing
                0x080023c2       0x26 ./Drivers/STM32G4xx_HAL_Driver/Src/stm32g4xx_hal_adc_ex.o
 .text.HAL_ADCEx_Calibration_Start
                0x080023e8       0xc4 ./Drivers/STM32G4xx_HAL_Driver/Src/stm32g4xx_hal_adc_ex.o
                0x080023e8                HAL_ADCEx_Calibration_Start
 .text.HAL_ADCEx_MultiModeConfigChannel
                0x080024ac      0x148 ./Drivers/STM32G4xx_HAL_Driver/Src/stm32g4xx_hal_adc_ex.o
                0x080024ac                HAL_ADCEx_MultiModeConfigChannel
 .text.__NVIC_SetPriorityGrouping
                0x080025f4       0x48 ./Drivers/STM32G4xx_HAL_Driver/Src/stm32g4xx_hal_cortex.o
 .text.__NVIC_GetPriorityGrouping
                0x0800263c       0x1c ./Drivers/STM32G4xx_HAL_Driver/Src/stm32g4xx_hal_cortex.o
 .text.__NVIC_EnableIRQ
                0x08002658       0x3c ./Drivers/STM32G4xx_HAL_Driver/Src/stm32g4xx_hal_cortex.o
 .text.__NVIC_SetPriority
                0x08002694       0x54 ./Drivers/STM32G4xx_HAL_Driver/Src/stm32g4xx_hal_cortex.o
 .text.NVIC_EncodePriority
                0x080026e8       0x66 ./Drivers/STM32G4xx_HAL_Driver/Src/stm32g4xx_hal_cortex.o
 *fill*         0x0800274e        0x2 
 .text.SysTick_Config
                0x08002750       0x44 ./Drivers/STM32G4xx_HAL_Driver/Src/stm32g4xx_hal_cortex.o
 .text.HAL_NVIC_SetPriorityGrouping
                0x08002794       0x16 ./Drivers/STM32G4xx_HAL_Driver/Src/stm32g4xx_hal_cortex.o
                0x08002794                HAL_NVIC_SetPriorityGrouping
 .text.HAL_NVIC_SetPriority
                0x080027aa       0x34 ./Drivers/STM32G4xx_HAL_Driver/Src/stm32g4xx_hal_cortex.o
                0x080027aa                HAL_NVIC_SetPriority
 .text.HAL_NVIC_EnableIRQ
                0x080027de       0x1c ./Drivers/STM32G4xx_HAL_Driver/Src/stm32g4xx_hal_cortex.o
                0x080027de                HAL_NVIC_EnableIRQ
 .text.HAL_SYSTICK_Config
                0x080027fa       0x18 ./Drivers/STM32G4xx_HAL_Driver/Src/stm32g4xx_hal_cortex.o
                0x080027fa                HAL_SYSTICK_Config
 *fill*         0x08002812        0x2 
 .text.HAL_DMA_Init
                0x08002814      0x150 ./Drivers/STM32G4xx_HAL_Driver/Src/stm32g4xx_hal_dma.o
                0x08002814                HAL_DMA_Init
 .text.HAL_DMA_Start_IT
                0x08002964       0xf6 ./Drivers/STM32G4xx_HAL_Driver/Src/stm32g4xx_hal_dma.o
                0x08002964                HAL_DMA_Start_IT
 .text.HAL_DMA_IRQHandler
                0x08002a5a      0x15e ./Drivers/STM32G4xx_HAL_Driver/Src/stm32g4xx_hal_dma.o
                0x08002a5a                HAL_DMA_IRQHandler
 .text.DMA_SetConfig
                0x08002bb8       0x7c ./Drivers/STM32G4xx_HAL_Driver/Src/stm32g4xx_hal_dma.o
 .text.DMA_CalcDMAMUXChannelBaseAndMask
                0x08002c34       0x7c ./Drivers/STM32G4xx_HAL_Driver/Src/stm32g4xx_hal_dma.o
 .text.DMA_CalcDMAMUXRequestGenBaseAndMask
                0x08002cb0       0x48 ./Drivers/STM32G4xx_HAL_Driver/Src/stm32g4xx_hal_dma.o
 .text.HAL_GPIO_Init
                0x08002cf8      0x304 ./Drivers/STM32G4xx_HAL_Driver/Src/stm32g4xx_hal_gpio.o
                0x08002cf8                HAL_GPIO_Init
 .text.HAL_GPIO_WritePin
                0x08002ffc       0x30 ./Drivers/STM32G4xx_HAL_Driver/Src/stm32g4xx_hal_gpio.o
                0x08002ffc                HAL_GPIO_WritePin
 .text.HAL_PWREx_ControlVoltageScaling
                0x0800302c      0x148 ./Drivers/STM32G4xx_HAL_Driver/Src/stm32g4xx_hal_pwr_ex.o
                0x0800302c                HAL_PWREx_ControlVoltageScaling
 .text.HAL_PWREx_DisableUCPDDeadBattery
                0x08003174       0x20 ./Drivers/STM32G4xx_HAL_Driver/Src/stm32g4xx_hal_pwr_ex.o
                0x08003174                HAL_PWREx_DisableUCPDDeadBattery
 .text.HAL_RCC_OscConfig
                0x08003194      0x624 ./Drivers/STM32G4xx_HAL_Driver/Src/stm32g4xx_hal_rcc.o
                0x08003194                HAL_RCC_OscConfig
 .text.HAL_RCC_ClockConfig
                0x080037b8      0x278 ./Drivers/STM32G4xx_HAL_Driver/Src/stm32g4xx_hal_rcc.o
                0x080037b8                HAL_RCC_ClockConfig
 .text.HAL_RCC_GetSysClockFreq
                0x08003a30       0xc4 ./Drivers/STM32G4xx_HAL_Driver/Src/stm32g4xx_hal_rcc.o
                0x08003a30                HAL_RCC_GetSysClockFreq
 .text.RCC_GetSysClockFreqFromPLLSource
                0x08003af4       0x8c ./Drivers/STM32G4xx_HAL_Driver/Src/stm32g4xx_hal_rcc.o
 .text.HAL_RCCEx_PeriphCLKConfig
                0x08003b80      0x3e0 ./Drivers/STM32G4xx_HAL_Driver/Src/stm32g4xx_hal_rcc_ex.o
                0x08003b80                HAL_RCCEx_PeriphCLKConfig
 .text.HAL_TIM_Base_Init
                0x08003f60       0xae ./Drivers/STM32G4xx_HAL_Driver/Src/stm32g4xx_hal_tim.o
                0x08003f60                HAL_TIM_Base_Init
 *fill*         0x0800400e        0x2 
 .text.HAL_TIM_Base_Start
                0x08004010       0xc4 ./Drivers/STM32G4xx_HAL_Driver/Src/stm32g4xx_hal_tim.o
                0x08004010                HAL_TIM_Base_Start
 .text.HAL_TIM_Base_Start_IT
                0x080040d4       0xd4 ./Drivers/STM32G4xx_HAL_Driver/Src/stm32g4xx_hal_tim.o
                0x080040d4                HAL_TIM_Base_Start_IT
 .text.HAL_TIM_PWM_Init
                0x080041a8       0xae ./Drivers/STM32G4xx_HAL_Driver/Src/stm32g4xx_hal_tim.o
                0x080041a8                HAL_TIM_PWM_Init
 .text.HAL_TIM_PWM_MspInit
                0x08004256       0x14 ./Drivers/STM32G4xx_HAL_Driver/Src/stm32g4xx_hal_tim.o
                0x08004256                HAL_TIM_PWM_MspInit
 *fill*         0x0800426a        0x2 
 .text.HAL_TIM_PWM_Start
                0x0800426c      0x200 ./Drivers/STM32G4xx_HAL_Driver/Src/stm32g4xx_hal_tim.o
                0x0800426c                HAL_TIM_PWM_Start
 .text.HAL_TIM_IRQHandler
                0x0800446c      0x29e ./Drivers/STM32G4xx_HAL_Driver/Src/stm32g4xx_hal_tim.o
                0x0800446c                HAL_TIM_IRQHandler
 *fill*         0x0800470a        0x2 
 .text.HAL_TIM_PWM_ConfigChannel
                0x0800470c      0x228 ./Drivers/STM32G4xx_HAL_Driver/Src/stm32g4xx_hal_tim.o
                0x0800470c                HAL_TIM_PWM_ConfigChannel
 .text.HAL_TIM_ConfigClockSource
                0x08004934      0x1f4 ./Drivers/STM32G4xx_HAL_Driver/Src/stm32g4xx_hal_tim.o
                0x08004934                HAL_TIM_ConfigClockSource
 .text.HAL_TIM_PeriodElapsedCallback
                0x08004b28       0x14 ./Drivers/STM32G4xx_HAL_Driver/Src/stm32g4xx_hal_tim.o
                0x08004b28                HAL_TIM_PeriodElapsedCallback
 .text.HAL_TIM_OC_DelayElapsedCallback
                0x08004b3c       0x14 ./Drivers/STM32G4xx_HAL_Driver/Src/stm32g4xx_hal_tim.o
                0x08004b3c                HAL_TIM_OC_DelayElapsedCallback
 .text.HAL_TIM_IC_CaptureCallback
                0x08004b50       0x14 ./Drivers/STM32G4xx_HAL_Driver/Src/stm32g4xx_hal_tim.o
                0x08004b50                HAL_TIM_IC_CaptureCallback
 .text.HAL_TIM_PWM_PulseFinishedCallback
                0x08004b64       0x14 ./Drivers/STM32G4xx_HAL_Driver/Src/stm32g4xx_hal_tim.o
                0x08004b64                HAL_TIM_PWM_PulseFinishedCallback
 .text.HAL_TIM_TriggerCallback
                0x08004b78       0x14 ./Drivers/STM32G4xx_HAL_Driver/Src/stm32g4xx_hal_tim.o
                0x08004b78                HAL_TIM_TriggerCallback
 .text.TIM_Base_SetConfig
                0x08004b8c      0x138 ./Drivers/STM32G4xx_HAL_Driver/Src/stm32g4xx_hal_tim.o
                0x08004b8c                TIM_Base_SetConfig
 .text.TIM_OC1_SetConfig
                0x08004cc4      0x120 ./Drivers/STM32G4xx_HAL_Driver/Src/stm32g4xx_hal_tim.o
 .text.TIM_OC2_SetConfig
                0x08004de4      0x114 ./Drivers/STM32G4xx_HAL_Driver/Src/stm32g4xx_hal_tim.o
                0x08004de4                TIM_OC2_SetConfig
 .text.TIM_OC3_SetConfig
                0x08004ef8      0x110 ./Drivers/STM32G4xx_HAL_Driver/Src/stm32g4xx_hal_tim.o
 .text.TIM_OC4_SetConfig
                0x08005008      0x114 ./Drivers/STM32G4xx_HAL_Driver/Src/stm32g4xx_hal_tim.o
 .text.TIM_OC5_SetConfig
                0x0800511c       0xc8 ./Drivers/STM32G4xx_HAL_Driver/Src/stm32g4xx_hal_tim.o
 .text.TIM_OC6_SetConfig
                0x080051e4       0xcc ./Drivers/STM32G4xx_HAL_Driver/Src/stm32g4xx_hal_tim.o
 .text.TIM_TI1_ConfigInputStage
                0x080052b0       0x5e ./Drivers/STM32G4xx_HAL_Driver/Src/stm32g4xx_hal_tim.o
 .text.TIM_TI2_ConfigInputStage
                0x0800530e       0x60 ./Drivers/STM32G4xx_HAL_Driver/Src/stm32g4xx_hal_tim.o
 .text.TIM_ITRx_SetConfig
                0x0800536e       0x3a ./Drivers/STM32G4xx_HAL_Driver/Src/stm32g4xx_hal_tim.o
 .text.TIM_ETR_SetConfig
                0x080053a8       0x40 ./Drivers/STM32G4xx_HAL_Driver/Src/stm32g4xx_hal_tim.o
                0x080053a8                TIM_ETR_SetConfig
 .text.TIM_CCxChannelCmd
                0x080053e8       0x4a ./Drivers/STM32G4xx_HAL_Driver/Src/stm32g4xx_hal_tim.o
                0x080053e8                TIM_CCxChannelCmd
 *fill*         0x08005432        0x2 
 .text.HAL_TIMEx_PWMN_Start
                0x08005434      0x168 ./Drivers/STM32G4xx_HAL_Driver/Src/stm32g4xx_hal_tim_ex.o
                0x08005434                HAL_TIMEx_PWMN_Start
 .text.HAL_TIMEx_MasterConfigSynchronization
                0x0800559c      0x104 ./Drivers/STM32G4xx_HAL_Driver/Src/stm32g4xx_hal_tim_ex.o
                0x0800559c                HAL_TIMEx_MasterConfigSynchronization
 .text.HAL_TIMEx_ConfigBreakDeadTime
                0x080056a0      0x118 ./Drivers/STM32G4xx_HAL_Driver/Src/stm32g4xx_hal_tim_ex.o
                0x080056a0                HAL_TIMEx_ConfigBreakDeadTime
 .text.HAL_TIMEx_CommutCallback
                0x080057b8       0x14 ./Drivers/STM32G4xx_HAL_Driver/Src/stm32g4xx_hal_tim_ex.o
                0x080057b8                HAL_TIMEx_CommutCallback
 .text.HAL_TIMEx_BreakCallback
                0x080057cc       0x14 ./Drivers/STM32G4xx_HAL_Driver/Src/stm32g4xx_hal_tim_ex.o
                0x080057cc                HAL_TIMEx_BreakCallback
 .text.HAL_TIMEx_Break2Callback
                0x080057e0       0x14 ./Drivers/STM32G4xx_HAL_Driver/Src/stm32g4xx_hal_tim_ex.o
                0x080057e0                HAL_TIMEx_Break2Callback
 .text.HAL_TIMEx_EncoderIndexCallback
                0x080057f4       0x14 ./Drivers/STM32G4xx_HAL_Driver/Src/stm32g4xx_hal_tim_ex.o
                0x080057f4                HAL_TIMEx_EncoderIndexCallback
 .text.HAL_TIMEx_DirectionChangeCallback
                0x08005808       0x14 ./Drivers/STM32G4xx_HAL_Driver/Src/stm32g4xx_hal_tim_ex.o
                0x08005808                HAL_TIMEx_DirectionChangeCallback
 .text.HAL_TIMEx_IndexErrorCallback
                0x0800581c       0x14 ./Drivers/STM32G4xx_HAL_Driver/Src/stm32g4xx_hal_tim_ex.o
                0x0800581c                HAL_TIMEx_IndexErrorCallback
 .text.HAL_TIMEx_TransitionErrorCallback
                0x08005830       0x14 ./Drivers/STM32G4xx_HAL_Driver/Src/stm32g4xx_hal_tim_ex.o
                0x08005830                HAL_TIMEx_TransitionErrorCallback
 .text.TIM_CCxNChannelCmd
                0x08005844       0x4a ./Drivers/STM32G4xx_HAL_Driver/Src/stm32g4xx_hal_tim_ex.o
 *fill*         0x0800588e        0x2 
 .text._sqrt3_over_2
                0x08005890       0x1c ./foc_layer/clarke_and_park.o
 .text.clarke_inverse
                0x080058ac       0x96 ./foc_layer/clarke_and_park.o
                0x080058ac                clarke_inverse
 .text.park_inverse
                0x08005942       0x76 ./foc_layer/clarke_and_park.o
                0x08005942                park_inverse
 .text.fabsf_fast
                0x080059b8       0x34 ./foc_layer/vabctoduty.o
 .text.apply_min_magnitude
                0x080059ec       0x70 ./foc_layer/vabctoduty.o
 .text.clampf   0x08005a5c       0x52 ./foc_layer/vabctoduty.o
 *fill*         0x08005aae        0x2 
 .text.configure_vabc_to_duty_modulator
                0x08005ab0       0x30 ./foc_layer/vabctoduty.o
                0x08005ab0                configure_vabc_to_duty_modulator
 .text.run_vabc_to_duty_modulator
                0x08005ae0      0x1cc ./foc_layer/vabctoduty.o
                0x08005ae0                run_vabc_to_duty_modulator
 .text.configureHardwareADC
                0x08005cac       0x50 ./hw_layer/hardware_adc.o
                0x08005cac                configureHardwareADC
 .text.decodeHArdwareADC
                0x08005cfc       0x70 ./hw_layer/hardware_adc.o
                0x08005cfc                decodeHArdwareADC
 .text.HAL_ADC_ConvCpltCallback
                0x08005d6c       0x2c ./hw_layer/hardware_adc.o
                0x08005d6c                HAL_ADC_ConvCpltCallback
 .text.configureHardwarePWM
                0x08005d98       0xb4 ./hw_layer/hardware_pwm.o
                0x08005d98                configureHardwarePWM
 .text.runHardwarePWM
                0x08005e4c       0xd8 ./hw_layer/hardware_pwm.o
                0x08005e4c                runHardwarePWM
 .text.memset   0x08005f24       0x10 C:/ST/STM32CubeIDE_1.16.0/STM32CubeIDE/plugins/com.st.stm32cube.ide.mcu.externaltools.gnu-tools-for-stm32.12.3.rel1.win32_1.0.200.202406191623/tools/bin/../lib/gcc/arm-none-eabi/12.3.1/../../../../arm-none-eabi/lib/thumb/v7e-m+fp/hard\libc_nano.a(libc_a-memset.o)
                0x08005f24                memset
 .text.__libc_init_array
                0x08005f34       0x48 C:/ST/STM32CubeIDE_1.16.0/STM32CubeIDE/plugins/com.st.stm32cube.ide.mcu.externaltools.gnu-tools-for-stm32.12.3.rel1.win32_1.0.200.202406191623/tools/bin/../lib/gcc/arm-none-eabi/12.3.1/../../../../arm-none-eabi/lib/thumb/v7e-m+fp/hard\libc_nano.a(libc_a-init.o)
                0x08005f34                __libc_init_array
 *(.glue_7)
 .glue_7        0x08005f7c        0x0 linker stubs
 *(.glue_7t)
 .glue_7t       0x08005f7c        0x0 linker stubs
 *(.eh_frame)
 .eh_frame      0x08005f7c        0x0 C:/ST/STM32CubeIDE_1.16.0/STM32CubeIDE/plugins/com.st.stm32cube.ide.mcu.externaltools.gnu-tools-for-stm32.12.3.rel1.win32_1.0.200.202406191623/tools/bin/../lib/gcc/arm-none-eabi/12.3.1/thumb/v7e-m+fp/hard/crtbegin.o
 *(.init)
 .init          0x08005f7c        0x4 C:/ST/STM32CubeIDE_1.16.0/STM32CubeIDE/plugins/com.st.stm32cube.ide.mcu.externaltools.gnu-tools-for-stm32.12.3.rel1.win32_1.0.200.202406191623/tools/bin/../lib/gcc/arm-none-eabi/12.3.1/thumb/v7e-m+fp/hard/crti.o
                0x08005f7c                _init
 .init          0x08005f80        0x8 C:/ST/STM32CubeIDE_1.16.0/STM32CubeIDE/plugins/com.st.stm32cube.ide.mcu.externaltools.gnu-tools-for-stm32.12.3.rel1.win32_1.0.200.202406191623/tools/bin/../lib/gcc/arm-none-eabi/12.3.1/thumb/v7e-m+fp/hard/crtn.o
 *(.fini)
 .fini          0x08005f88        0x4 C:/ST/STM32CubeIDE_1.16.0/STM32CubeIDE/plugins/com.st.stm32cube.ide.mcu.externaltools.gnu-tools-for-stm32.12.3.rel1.win32_1.0.200.202406191623/tools/bin/../lib/gcc/arm-none-eabi/12.3.1/thumb/v7e-m+fp/hard/crti.o
                0x08005f88                _fini
 .fini          0x08005f8c        0x8 C:/ST/STM32CubeIDE_1.16.0/STM32CubeIDE/plugins/com.st.stm32cube.ide.mcu.externaltools.gnu-tools-for-stm32.12.3.rel1.win32_1.0.200.202406191623/tools/bin/../lib/gcc/arm-none-eabi/12.3.1/thumb/v7e-m+fp/hard/crtn.o
                0x08005f94                        . = ALIGN (0x4)
                0x08005f94                        _etext = .

.vfp11_veneer   0x08005f94        0x0
 .vfp11_veneer  0x08005f94        0x0 linker stubs

.v4_bx          0x08005f94        0x0
 .v4_bx         0x08005f94        0x0 linker stubs

.iplt           0x08005f94        0x0
 .iplt          0x08005f94        0x0 C:/ST/STM32CubeIDE_1.16.0/STM32CubeIDE/plugins/com.st.stm32cube.ide.mcu.externaltools.gnu-tools-for-stm32.12.3.rel1.win32_1.0.200.202406191623/tools/bin/../lib/gcc/arm-none-eabi/12.3.1/thumb/v7e-m+fp/hard/crtbegin.o

.rodata         0x08005f94       0x10
                0x08005f94                        . = ALIGN (0x4)
 *(.rodata)
 *(.rodata*)
 .rodata.AHBPrescTable
                0x08005f94       0x10 ./Core/Src/system_stm32g4xx.o
                0x08005f94                AHBPrescTable
                0x08005fa4                        . = ALIGN (0x4)

.ARM.extab      0x08005fa4        0x0
                0x08005fa4                        . = ALIGN (0x4)
 *(.ARM.extab* .gnu.linkonce.armextab.*)
                0x08005fa4                        . = ALIGN (0x4)

.ARM            0x08005fa4        0x0
                0x08005fa4                        . = ALIGN (0x4)
                0x08005fa4                        __exidx_start = .
 *(.ARM.exidx*)
                0x08005fa4                        __exidx_end = .
                0x08005fa4                        . = ALIGN (0x4)

.preinit_array  0x08005fa4        0x0
                0x08005fa4                        . = ALIGN (0x4)
                0x08005fa4                        PROVIDE (__preinit_array_start = .)
 *(.preinit_array*)
                0x08005fa4                        PROVIDE (__preinit_array_end = .)
                0x08005fa4                        . = ALIGN (0x4)

.init_array     0x08005fa4        0x4
                0x08005fa4                        . = ALIGN (0x4)
                0x08005fa4                        PROVIDE (__init_array_start = .)
 *(SORT_BY_NAME(.init_array.*))
 *(.init_array*)
 .init_array    0x08005fa4        0x4 C:/ST/STM32CubeIDE_1.16.0/STM32CubeIDE/plugins/com.st.stm32cube.ide.mcu.externaltools.gnu-tools-for-stm32.12.3.rel1.win32_1.0.200.202406191623/tools/bin/../lib/gcc/arm-none-eabi/12.3.1/thumb/v7e-m+fp/hard/crtbegin.o
                0x08005fa8                        PROVIDE (__init_array_end = .)
                0x08005fa8                        . = ALIGN (0x4)

.fini_array     0x08005fa8        0x4
                0x08005fa8                        . = ALIGN (0x4)
                [!provide]                        PROVIDE (__fini_array_start = .)
 *(SORT_BY_NAME(.fini_array.*))
 *(.fini_array*)
 .fini_array    0x08005fa8        0x4 C:/ST/STM32CubeIDE_1.16.0/STM32CubeIDE/plugins/com.st.stm32cube.ide.mcu.externaltools.gnu-tools-for-stm32.12.3.rel1.win32_1.0.200.202406191623/tools/bin/../lib/gcc/arm-none-eabi/12.3.1/thumb/v7e-m+fp/hard/crtbegin.o
                [!provide]                        PROVIDE (__fini_array_end = .)
                0x08005fac                        . = ALIGN (0x4)
                0x08005fac                        _sidata = LOADADDR (.data)

.rel.dyn        0x08005fac        0x0
 .rel.iplt      0x08005fac        0x0 C:/ST/STM32CubeIDE_1.16.0/STM32CubeIDE/plugins/com.st.stm32cube.ide.mcu.externaltools.gnu-tools-for-stm32.12.3.rel1.win32_1.0.200.202406191623/tools/bin/../lib/gcc/arm-none-eabi/12.3.1/thumb/v7e-m+fp/hard/crtbegin.o

.data           0x20000000      0x81c load address 0x08005fac
                0x20000000                        . = ALIGN (0x4)
                0x20000000                        _sdata = .
 *(.data)
 *(.data*)
 .data.superloop_delay_ms
                0x20000000        0x4 ./Core/Src/main.o
                0x20000000                superloop_delay_ms
 .data.vdq0     0x20000004        0xc ./Core/Src/stm32g4xx_it.o
                0x20000004                vdq0
 .data.SystemCoreClock
                0x20000010        0x4 ./Core/Src/system_stm32g4xx.o
                0x20000010                SystemCoreClock
 .data.uwTickPrio
                0x20000014        0x4 ./Drivers/STM32G4xx_HAL_Driver/Src/stm32g4xx_hal.o
                0x20000014                uwTickPrio
 .data.uwTickFreq
                0x20000018        0x4 ./Drivers/STM32G4xx_HAL_Driver/Src/stm32g4xx_hal.o
                0x20000018                uwTickFreq
 .data.sineWave
                0x2000001c      0x400 ./foc_layer/angle_estimator.o
                0x2000001c                sineWave
 .data.cosineWave
                0x2000041c      0x400 ./foc_layer/angle_estimator.o
                0x2000041c                cosineWave
 *(.RamFunc)
 *(.RamFunc*)
                0x2000081c                        . = ALIGN (0x4)
                0x2000081c                        _edata = .

.igot.plt       0x2000081c        0x0 load address 0x080067c8
 .igot.plt      0x2000081c        0x0 C:/ST/STM32CubeIDE_1.16.0/STM32CubeIDE/plugins/com.st.stm32cube.ide.mcu.externaltools.gnu-tools-for-stm32.12.3.rel1.win32_1.0.200.202406191623/tools/bin/../lib/gcc/arm-none-eabi/12.3.1/thumb/v7e-m+fp/hard/crtbegin.o
                0x2000081c                        . = ALIGN (0x4)

.bss            0x2000081c      0x26c load address 0x080067c8
                0x2000081c                        _sbss = .
                0x2000081c                        __bss_start__ = _sbss
 *(.bss)
 .bss           0x2000081c       0x1c C:/ST/STM32CubeIDE_1.16.0/STM32CubeIDE/plugins/com.st.stm32cube.ide.mcu.externaltools.gnu-tools-for-stm32.12.3.rel1.win32_1.0.200.202406191623/tools/bin/../lib/gcc/arm-none-eabi/12.3.1/thumb/v7e-m+fp/hard/crtbegin.o
 *(.bss*)
 .bss.hadc1     0x20000838       0x6c ./Core/Src/adc.o
                0x20000838                hadc1
 .bss.hadc2     0x200008a4       0x6c ./Core/Src/adc.o
                0x200008a4                hadc2
 .bss.hdma_adc1
                0x20000910       0x60 ./Core/Src/adc.o
                0x20000910                hdma_adc1
 .bss.HAL_RCC_ADC12_CLK_ENABLED
                0x20000970        0x4 ./Core/Src/adc.o
 .bss.vabc      0x20000974        0xc ./Core/Src/stm32g4xx_it.o
                0x20000974                vabc
 .bss.valphabeta
                0x20000980        0xc ./Core/Src/stm32g4xx_it.o
                0x20000980                valphabeta
 .bss.htim1     0x2000098c       0x4c ./Core/Src/tim.o
                0x2000098c                htim1
 .bss.htim15    0x200009d8       0x4c ./Core/Src/tim.o
                0x200009d8                htim15
 .bss.uwTick    0x20000a24        0x4 ./Drivers/STM32G4xx_HAL_Driver/Src/stm32g4xx_hal.o
                0x20000a24                uwTick
 .bss.sin_index
                0x20000a28        0x1 ./foc_layer/angle_estimator.o
                0x20000a28                sin_index
 .bss.cos_index
                0x20000a29        0x1 ./foc_layer/angle_estimator.o
                0x20000a29                cos_index
 *fill*         0x20000a2a        0x2 
 .bss.s_cfg     0x20000a2c        0xc ./foc_layer/vabctoduty.o
 .bss._slow_hadc
                0x20000a38        0x4 ./hw_layer/hardware_adc.o
                0x20000a38                _slow_hadc
 .bss._slow_adc_trigger_htim
                0x20000a3c        0x4 ./hw_layer/hardware_adc.o
                0x20000a3c                _slow_adc_trigger_htim
 .bss.slow_adc_buffer
                0x20000a40       0x14 ./hw_layer/hardware_adc.o
                0x20000a40                slow_adc_buffer
 .bss.adc_variables
                0x20000a54       0x14 ./hw_layer/hardware_adc.o
                0x20000a54                adc_variables
 .bss._pwm_htim
                0x20000a68        0x4 ./hw_layer/hardware_pwm.o
                0x20000a68                _pwm_htim
 .bss._channel1
                0x20000a6c        0x1 ./hw_layer/hardware_pwm.o
                0x20000a6c                _channel1
 .bss._channel2
                0x20000a6d        0x1 ./hw_layer/hardware_pwm.o
                0x20000a6d                _channel2
 .bss._channel3
                0x20000a6e        0x1 ./hw_layer/hardware_pwm.o
                0x20000a6e                _channel3
 *fill*         0x20000a6f        0x1 
 .bss.pwm_duty_cycles
                0x20000a70        0xc ./hw_layer/hardware_pwm.o
                0x20000a70                pwm_duty_cycles
 .bss.pwm_registers
                0x20000a7c        0xc ./hw_layer/hardware_pwm.o
                0x20000a7c                pwm_registers
 *(COMMON)
                0x20000a88                        . = ALIGN (0x4)
                0x20000a88                        _ebss = .
                0x20000a88                        __bss_end__ = _ebss

._user_heap_stack
                0x20000a88      0x600 load address 0x080067c8
                0x20000a88                        . = ALIGN (0x8)
                [!provide]                        PROVIDE (end = .)
                0x20000a88                        PROVIDE (_end = .)
                0x20000c88                        . = (. + _Min_Heap_Size)
 *fill*         0x20000a88      0x200 
                0x20001088                        . = (. + _Min_Stack_Size)
 *fill*         0x20000c88      0x400 
                0x20001088                        . = ALIGN (0x8)

/DISCARD/
 libc.a(*)
 libm.a(*)
 libgcc.a(*)

.ARM.attributes
                0x00000000       0x30
 *(.ARM.attributes)
 .ARM.attributes
                0x00000000       0x22 C:/ST/STM32CubeIDE_1.16.0/STM32CubeIDE/plugins/com.st.stm32cube.ide.mcu.externaltools.gnu-tools-for-stm32.12.3.rel1.win32_1.0.200.202406191623/tools/bin/../lib/gcc/arm-none-eabi/12.3.1/thumb/v7e-m+fp/hard/crti.o
 .ARM.attributes
                0x00000022       0x34 C:/ST/STM32CubeIDE_1.16.0/STM32CubeIDE/plugins/com.st.stm32cube.ide.mcu.externaltools.gnu-tools-for-stm32.12.3.rel1.win32_1.0.200.202406191623/tools/bin/../lib/gcc/arm-none-eabi/12.3.1/thumb/v7e-m+fp/hard/crtbegin.o
 .ARM.attributes
                0x00000056       0x34 ./Core/Src/adc.o
 .ARM.attributes
                0x0000008a       0x34 ./Core/Src/dma.o
 .ARM.attributes
                0x000000be       0x34 ./Core/Src/gpio.o
 .ARM.attributes
                0x000000f2       0x34 ./Core/Src/main.o
 .ARM.attributes
                0x00000126       0x34 ./Core/Src/opamp.o
 .ARM.attributes
                0x0000015a       0x34 ./Core/Src/stm32g4xx_hal_msp.o
 .ARM.attributes
                0x0000018e       0x34 ./Core/Src/stm32g4xx_it.o
 .ARM.attributes
                0x000001c2       0x34 ./Core/Src/system_stm32g4xx.o
 .ARM.attributes
                0x000001f6       0x34 ./Core/Src/tim.o
 .ARM.attributes
                0x0000022a       0x21 ./Core/Startup/startup_stm32g431c8ux.o
 .ARM.attributes
                0x0000024b       0x34 ./Drivers/STM32G4xx_HAL_Driver/Src/stm32g4xx_hal.o
 .ARM.attributes
                0x0000027f       0x34 ./Drivers/STM32G4xx_HAL_Driver/Src/stm32g4xx_hal_adc.o
 .ARM.attributes
                0x000002b3       0x34 ./Drivers/STM32G4xx_HAL_Driver/Src/stm32g4xx_hal_adc_ex.o
 .ARM.attributes
                0x000002e7       0x34 ./Drivers/STM32G4xx_HAL_Driver/Src/stm32g4xx_hal_cortex.o
 .ARM.attributes
                0x0000031b       0x34 ./Drivers/STM32G4xx_HAL_Driver/Src/stm32g4xx_hal_dma.o
 .ARM.attributes
                0x0000034f       0x34 ./Drivers/STM32G4xx_HAL_Driver/Src/stm32g4xx_hal_gpio.o
 .ARM.attributes
                0x00000383       0x34 ./Drivers/STM32G4xx_HAL_Driver/Src/stm32g4xx_hal_pwr_ex.o
 .ARM.attributes
                0x000003b7       0x34 ./Drivers/STM32G4xx_HAL_Driver/Src/stm32g4xx_hal_rcc.o
 .ARM.attributes
                0x000003eb       0x34 ./Drivers/STM32G4xx_HAL_Driver/Src/stm32g4xx_hal_rcc_ex.o
 .ARM.attributes
                0x0000041f       0x34 ./Drivers/STM32G4xx_HAL_Driver/Src/stm32g4xx_hal_tim.o
 .ARM.attributes
                0x00000453       0x34 ./Drivers/STM32G4xx_HAL_Driver/Src/stm32g4xx_hal_tim_ex.o
 .ARM.attributes
                0x00000487       0x34 ./foc_layer/angle_estimator.o
 .ARM.attributes
                0x000004bb       0x34 ./foc_layer/clarke_and_park.o
 .ARM.attributes
                0x000004ef       0x34 ./foc_layer/vabctoduty.o
 .ARM.attributes
                0x00000523       0x34 ./hw_layer/hardware_adc.o
 .ARM.attributes
                0x00000557       0x34 ./hw_layer/hardware_pwm.o
 .ARM.attributes
                0x0000058b       0x34 C:/ST/STM32CubeIDE_1.16.0/STM32CubeIDE/plugins/com.st.stm32cube.ide.mcu.externaltools.gnu-tools-for-stm32.12.3.rel1.win32_1.0.200.202406191623/tools/bin/../lib/gcc/arm-none-eabi/12.3.1/../../../../arm-none-eabi/lib/thumb/v7e-m+fp/hard\libc_nano.a(libc_a-memset.o)
 .ARM.attributes
                0x000005bf       0x34 C:/ST/STM32CubeIDE_1.16.0/STM32CubeIDE/plugins/com.st.stm32cube.ide.mcu.externaltools.gnu-tools-for-stm32.12.3.rel1.win32_1.0.200.202406191623/tools/bin/../lib/gcc/arm-none-eabi/12.3.1/../../../../arm-none-eabi/lib/thumb/v7e-m+fp/hard\libc_nano.a(libc_a-init.o)
 .ARM.attributes
                0x000005f3       0x22 C:/ST/STM32CubeIDE_1.16.0/STM32CubeIDE/plugins/com.st.stm32cube.ide.mcu.externaltools.gnu-tools-for-stm32.12.3.rel1.win32_1.0.200.202406191623/tools/bin/../lib/gcc/arm-none-eabi/12.3.1/thumb/v7e-m+fp/hard/crtn.o
OUTPUT(javiFOC.elf elf32-littlearm)
LOAD linker stubs
LOAD C:/ST/STM32CubeIDE_1.16.0/STM32CubeIDE/plugins/com.st.stm32cube.ide.mcu.externaltools.gnu-tools-for-stm32.12.3.rel1.win32_1.0.200.202406191623/tools/bin/../lib/gcc/arm-none-eabi/12.3.1/../../../../arm-none-eabi/lib/thumb/v7e-m+fp/hard\libc.a
LOAD C:/ST/STM32CubeIDE_1.16.0/STM32CubeIDE/plugins/com.st.stm32cube.ide.mcu.externaltools.gnu-tools-for-stm32.12.3.rel1.win32_1.0.200.202406191623/tools/bin/../lib/gcc/arm-none-eabi/12.3.1/../../../../arm-none-eabi/lib/thumb/v7e-m+fp/hard\libm.a
LOAD C:/ST/STM32CubeIDE_1.16.0/STM32CubeIDE/plugins/com.st.stm32cube.ide.mcu.externaltools.gnu-tools-for-stm32.12.3.rel1.win32_1.0.200.202406191623/tools/bin/../lib/gcc/arm-none-eabi/12.3.1/thumb/v7e-m+fp/hard\libgcc.a

.debug_info     0x00000000    0x13f56
 .debug_info    0x00000000      0xfde ./Core/Src/adc.o
 .debug_info    0x00000fde      0x4f2 ./Core/Src/dma.o
 .debug_info    0x000014d0      0x47f ./Core/Src/gpio.o
 .debug_info    0x0000194f      0xfae ./Core/Src/main.o
 .debug_info    0x000028fd       0xa8 ./Core/Src/opamp.o
 .debug_info    0x000029a5      0x2da ./Core/Src/stm32g4xx_hal_msp.o
 .debug_info    0x00002c7f      0xc1a ./Core/Src/stm32g4xx_it.o
 .debug_info    0x00003899      0x58e ./Core/Src/system_stm32g4xx.o
 .debug_info    0x00003e27     0x11ef ./Core/Src/tim.o
 .debug_info    0x00005016       0x30 ./Core/Startup/startup_stm32g431c8ux.o
 .debug_info    0x00005046      0xadb ./Drivers/STM32G4xx_HAL_Driver/Src/stm32g4xx_hal.o
 .debug_info    0x00005b21     0x2063 ./Drivers/STM32G4xx_HAL_Driver/Src/stm32g4xx_hal_adc.o
 .debug_info    0x00007b84     0x1d80 ./Drivers/STM32G4xx_HAL_Driver/Src/stm32g4xx_hal_adc_ex.o
 .debug_info    0x00009904      0xd3f ./Drivers/STM32G4xx_HAL_Driver/Src/stm32g4xx_hal_cortex.o
 .debug_info    0x0000a643      0x85f ./Drivers/STM32G4xx_HAL_Driver/Src/stm32g4xx_hal_dma.o
 .debug_info    0x0000aea2      0x763 ./Drivers/STM32G4xx_HAL_Driver/Src/stm32g4xx_hal_gpio.o
 .debug_info    0x0000b605      0x93f ./Drivers/STM32G4xx_HAL_Driver/Src/stm32g4xx_hal_pwr_ex.o
 .debug_info    0x0000bf44      0xb82 ./Drivers/STM32G4xx_HAL_Driver/Src/stm32g4xx_hal_rcc.o
 .debug_info    0x0000cac6      0xc15 ./Drivers/STM32G4xx_HAL_Driver/Src/stm32g4xx_hal_rcc_ex.o
 .debug_info    0x0000d6db     0x2c52 ./Drivers/STM32G4xx_HAL_Driver/Src/stm32g4xx_hal_tim.o
 .debug_info    0x0001032d     0x1d95 ./Drivers/STM32G4xx_HAL_Driver/Src/stm32g4xx_hal_tim_ex.o
 .debug_info    0x000120c2       0xff ./foc_layer/angle_estimator.o
 .debug_info    0x000121c1      0x2bc ./foc_layer/clarke_and_park.o
 .debug_info    0x0001247d      0x277 ./foc_layer/vabctoduty.o
 .debug_info    0x000126f4      0xebd ./hw_layer/hardware_adc.o
 .debug_info    0x000135b1      0x9a5 ./hw_layer/hardware_pwm.o

.debug_abbrev   0x00000000     0x3065
 .debug_abbrev  0x00000000      0x244 ./Core/Src/adc.o
 .debug_abbrev  0x00000244      0x109 ./Core/Src/dma.o
 .debug_abbrev  0x0000034d      0x152 ./Core/Src/gpio.o
 .debug_abbrev  0x0000049f      0x292 ./Core/Src/main.o
 .debug_abbrev  0x00000731       0x47 ./Core/Src/opamp.o
 .debug_abbrev  0x00000778       0xd9 ./Core/Src/stm32g4xx_hal_msp.o
 .debug_abbrev  0x00000851      0x21d ./Core/Src/stm32g4xx_it.o
 .debug_abbrev  0x00000a6e      0x11a ./Core/Src/system_stm32g4xx.o
 .debug_abbrev  0x00000b88      0x244 ./Core/Src/tim.o
 .debug_abbrev  0x00000dcc       0x24 ./Core/Startup/startup_stm32g431c8ux.o
 .debug_abbrev  0x00000df0      0x271 ./Drivers/STM32G4xx_HAL_Driver/Src/stm32g4xx_hal.o
 .debug_abbrev  0x00001061      0x2d3 ./Drivers/STM32G4xx_HAL_Driver/Src/stm32g4xx_hal_adc.o
 .debug_abbrev  0x00001334      0x2ee ./Drivers/STM32G4xx_HAL_Driver/Src/stm32g4xx_hal_adc_ex.o
 .debug_abbrev  0x00001622      0x31c ./Drivers/STM32G4xx_HAL_Driver/Src/stm32g4xx_hal_cortex.o
 .debug_abbrev  0x0000193e      0x1e2 ./Drivers/STM32G4xx_HAL_Driver/Src/stm32g4xx_hal_dma.o
 .debug_abbrev  0x00001b20      0x1cb ./Drivers/STM32G4xx_HAL_Driver/Src/stm32g4xx_hal_gpio.o
 .debug_abbrev  0x00001ceb      0x22c ./Drivers/STM32G4xx_HAL_Driver/Src/stm32g4xx_hal_pwr_ex.o
 .debug_abbrev  0x00001f17      0x2c9 ./Drivers/STM32G4xx_HAL_Driver/Src/stm32g4xx_hal_rcc.o
 .debug_abbrev  0x000021e0      0x258 ./Drivers/STM32G4xx_HAL_Driver/Src/stm32g4xx_hal_rcc_ex.o
 .debug_abbrev  0x00002438      0x2a7 ./Drivers/STM32G4xx_HAL_Driver/Src/stm32g4xx_hal_tim.o
 .debug_abbrev  0x000026df      0x2c5 ./Drivers/STM32G4xx_HAL_Driver/Src/stm32g4xx_hal_tim_ex.o
 .debug_abbrev  0x000029a4       0x6d ./foc_layer/angle_estimator.o
 .debug_abbrev  0x00002a11       0xf5 ./foc_layer/clarke_and_park.o
 .debug_abbrev  0x00002b06      0x146 ./foc_layer/vabctoduty.o
 .debug_abbrev  0x00002c4c      0x220 ./hw_layer/hardware_adc.o
 .debug_abbrev  0x00002e6c      0x1f9 ./hw_layer/hardware_pwm.o

.debug_aranges  0x00000000     0x1300
 .debug_aranges
                0x00000000       0x38 ./Core/Src/adc.o
 .debug_aranges
                0x00000038       0x20 ./Core/Src/dma.o
 .debug_aranges
                0x00000058       0x20 ./Core/Src/gpio.o
 .debug_aranges
                0x00000078       0x30 ./Core/Src/main.o
 .debug_aranges
                0x000000a8       0x30 ./Core/Src/opamp.o
 .debug_aranges
                0x000000d8       0x20 ./Core/Src/stm32g4xx_hal_msp.o
 .debug_aranges
                0x000000f8       0x70 ./Core/Src/stm32g4xx_it.o
 .debug_aranges
                0x00000168       0x28 ./Core/Src/system_stm32g4xx.o
 .debug_aranges
                0x00000190       0x40 ./Core/Src/tim.o
 .debug_aranges
                0x000001d0       0x28 ./Core/Startup/startup_stm32g431c8ux.o
 .debug_aranges
                0x000001f8      0x148 ./Drivers/STM32G4xx_HAL_Driver/Src/stm32g4xx_hal.o
 .debug_aranges
                0x00000340      0x248 ./Drivers/STM32G4xx_HAL_Driver/Src/stm32g4xx_hal_adc.o
 .debug_aranges
                0x00000588      0x1c0 ./Drivers/STM32G4xx_HAL_Driver/Src/stm32g4xx_hal_adc_ex.o
 .debug_aranges
                0x00000748      0x128 ./Drivers/STM32G4xx_HAL_Driver/Src/stm32g4xx_hal_cortex.o
 .debug_aranges
                0x00000870       0x90 ./Drivers/STM32G4xx_HAL_Driver/Src/stm32g4xx_hal_dma.o
 .debug_aranges
                0x00000900       0x58 ./Drivers/STM32G4xx_HAL_Driver/Src/stm32g4xx_hal_gpio.o
 .debug_aranges
                0x00000958      0x140 ./Drivers/STM32G4xx_HAL_Driver/Src/stm32g4xx_hal_pwr_ex.o
 .debug_aranges
                0x00000a98       0x98 ./Drivers/STM32G4xx_HAL_Driver/Src/stm32g4xx_hal_rcc.o
 .debug_aranges
                0x00000b30       0xb0 ./Drivers/STM32G4xx_HAL_Driver/Src/stm32g4xx_hal_rcc_ex.o
 .debug_aranges
                0x00000be0      0x3e0 ./Drivers/STM32G4xx_HAL_Driver/Src/stm32g4xx_hal_tim.o
 .debug_aranges
                0x00000fc0      0x240 ./Drivers/STM32G4xx_HAL_Driver/Src/stm32g4xx_hal_tim_ex.o
 .debug_aranges
                0x00001200       0x18 ./foc_layer/angle_estimator.o
 .debug_aranges
                0x00001218       0x50 ./foc_layer/clarke_and_park.o
 .debug_aranges
                0x00001268       0x40 ./foc_layer/vabctoduty.o
 .debug_aranges
                0x000012a8       0x30 ./hw_layer/hardware_adc.o
 .debug_aranges
                0x000012d8       0x28 ./hw_layer/hardware_pwm.o

.debug_rnglists
                0x00000000      0xe68
 .debug_rnglists
                0x00000000       0x29 ./Core/Src/adc.o
 .debug_rnglists
                0x00000029       0x13 ./Core/Src/dma.o
 .debug_rnglists
                0x0000003c       0x14 ./Core/Src/gpio.o
 .debug_rnglists
                0x00000050       0x21 ./Core/Src/main.o
 .debug_rnglists
                0x00000071       0x1f ./Core/Src/opamp.o
 .debug_rnglists
                0x00000090       0x13 ./Core/Src/stm32g4xx_hal_msp.o
 .debug_rnglists
                0x000000a3       0x50 ./Core/Src/stm32g4xx_it.o
 .debug_rnglists
                0x000000f3       0x1a ./Core/Src/system_stm32g4xx.o
 .debug_rnglists
                0x0000010d       0x2e ./Core/Src/tim.o
 .debug_rnglists
                0x0000013b       0x19 ./Core/Startup/startup_stm32g431c8ux.o
 .debug_rnglists
                0x00000154       0xf1 ./Drivers/STM32G4xx_HAL_Driver/Src/stm32g4xx_hal.o
 .debug_rnglists
                0x00000245      0x1c0 ./Drivers/STM32G4xx_HAL_Driver/Src/stm32g4xx_hal_adc.o
 .debug_rnglists
                0x00000405      0x15a ./Drivers/STM32G4xx_HAL_Driver/Src/stm32g4xx_hal_adc_ex.o
 .debug_rnglists
                0x0000055f       0xda ./Drivers/STM32G4xx_HAL_Driver/Src/stm32g4xx_hal_cortex.o
 .debug_rnglists
                0x00000639       0x71 ./Drivers/STM32G4xx_HAL_Driver/Src/stm32g4xx_hal_dma.o
 .debug_rnglists
                0x000006aa       0x3f ./Drivers/STM32G4xx_HAL_Driver/Src/stm32g4xx_hal_gpio.o
 .debug_rnglists
                0x000006e9       0xf1 ./Drivers/STM32G4xx_HAL_Driver/Src/stm32g4xx_hal_pwr_ex.o
 .debug_rnglists
                0x000007da       0x74 ./Drivers/STM32G4xx_HAL_Driver/Src/stm32g4xx_hal_rcc.o
 .debug_rnglists
                0x0000084e       0x87 ./Drivers/STM32G4xx_HAL_Driver/Src/stm32g4xx_hal_rcc_ex.o
 .debug_rnglists
                0x000008d5      0x328 ./Drivers/STM32G4xx_HAL_Driver/Src/stm32g4xx_hal_tim.o
 .debug_rnglists
                0x00000bfd      0x1cc ./Drivers/STM32G4xx_HAL_Driver/Src/stm32g4xx_hal_tim_ex.o
 .debug_rnglists
                0x00000dc9       0x39 ./foc_layer/clarke_and_park.o
 .debug_rnglists
                0x00000e02       0x2c ./foc_layer/vabctoduty.o
 .debug_rnglists
                0x00000e2e       0x1f ./hw_layer/hardware_adc.o
 .debug_rnglists
                0x00000e4d       0x1b ./hw_layer/hardware_pwm.o

.debug_macro    0x00000000    0x2061d
 .debug_macro   0x00000000      0x20b ./Core/Src/adc.o
 .debug_macro   0x0000020b      0xab4 ./Core/Src/adc.o
 .debug_macro   0x00000cbf      0x161 ./Core/Src/adc.o
 .debug_macro   0x00000e20       0x2e ./Core/Src/adc.o
 .debug_macro   0x00000e4e       0x28 ./Core/Src/adc.o
 .debug_macro   0x00000e76       0x22 ./Core/Src/adc.o
 .debug_macro   0x00000e98       0x8e ./Core/Src/adc.o
 .debug_macro   0x00000f26       0x51 ./Core/Src/adc.o
 .debug_macro   0x00000f77      0x103 ./Core/Src/adc.o
 .debug_macro   0x0000107a       0x6a ./Core/Src/adc.o
 .debug_macro   0x000010e4      0x1df ./Core/Src/adc.o
 .debug_macro   0x000012c3       0x1c ./Core/Src/adc.o
 .debug_macro   0x000012df       0x22 ./Core/Src/adc.o
 .debug_macro   0x00001301       0xfb ./Core/Src/adc.o
 .debug_macro   0x000013fc     0x1011 ./Core/Src/adc.o
 .debug_macro   0x0000240d      0x11f ./Core/Src/adc.o
 .debug_macro   0x0000252c    0x1138f ./Core/Src/adc.o
 .debug_macro   0x000138bb       0x6d ./Core/Src/adc.o
 .debug_macro   0x00013928     0x3558 ./Core/Src/adc.o
 .debug_macro   0x00016e80      0x189 ./Core/Src/adc.o
 .debug_macro   0x00017009       0x5c ./Core/Src/adc.o
 .debug_macro   0x00017065     0x141d ./Core/Src/adc.o
 .debug_macro   0x00018482      0x535 ./Core/Src/adc.o
 .debug_macro   0x000189b7      0x1b6 ./Core/Src/adc.o
 .debug_macro   0x00018b6d      0x288 ./Core/Src/adc.o
 .debug_macro   0x00018df5      0x41d ./Core/Src/adc.o
 .debug_macro   0x00019212      0x18b ./Core/Src/adc.o
 .debug_macro   0x0001939d       0x43 ./Core/Src/adc.o
 .debug_macro   0x000193e0      0x23d ./Core/Src/adc.o
 .debug_macro   0x0001961d     0x1112 ./Core/Src/adc.o
 .debug_macro   0x0001a72f      0x72e ./Core/Src/adc.o
 .debug_macro   0x0001ae5d      0x391 ./Core/Src/adc.o
 .debug_macro   0x0001b1ee      0x211 ./Core/Src/adc.o
 .debug_macro   0x0001b3ff      0x401 ./Core/Src/adc.o
 .debug_macro   0x0001b800      0x107 ./Core/Src/adc.o
 .debug_macro   0x0001b907      0x1ae ./Core/Src/adc.o
 .debug_macro   0x0001bab5      0x122 ./Core/Src/adc.o
 .debug_macro   0x0001bbd7      0x3d1 ./Core/Src/adc.o
 .debug_macro   0x0001bfa8      0xbda ./Core/Src/adc.o
 .debug_macro   0x0001cb82      0x47e ./Core/Src/adc.o
 .debug_macro   0x0001d000      0x306 ./Core/Src/adc.o
 .debug_macro   0x0001d306       0x52 ./Core/Src/adc.o
 .debug_macro   0x0001d358      0x20b ./Core/Src/dma.o
 .debug_macro   0x0001d563      0x20b ./Core/Src/gpio.o
 .debug_macro   0x0001d76e      0x269 ./Core/Src/main.o
 .debug_macro   0x0001d9d7      0x20b ./Core/Src/opamp.o
 .debug_macro   0x0001dbe2      0x201 ./Core/Src/stm32g4xx_hal_msp.o
 .debug_macro   0x0001dde3      0x259 ./Core/Src/stm32g4xx_it.o
 .debug_macro   0x0001e03c      0x1f2 ./Core/Src/system_stm32g4xx.o
 .debug_macro   0x0001e22e      0x20b ./Core/Src/tim.o
 .debug_macro   0x0001e439      0x240 ./Drivers/STM32G4xx_HAL_Driver/Src/stm32g4xx_hal.o
 .debug_macro   0x0001e679      0x20f ./Drivers/STM32G4xx_HAL_Driver/Src/stm32g4xx_hal_adc.o
 .debug_macro   0x0001e888      0x1fe ./Drivers/STM32G4xx_HAL_Driver/Src/stm32g4xx_hal_adc_ex.o
 .debug_macro   0x0001ea86      0x1f2 ./Drivers/STM32G4xx_HAL_Driver/Src/stm32g4xx_hal_cortex.o
 .debug_macro   0x0001ec78      0x1f2 ./Drivers/STM32G4xx_HAL_Driver/Src/stm32g4xx_hal_dma.o
 .debug_macro   0x0001ee6a      0x1f9 ./Drivers/STM32G4xx_HAL_Driver/Src/stm32g4xx_hal_gpio.o
 .debug_macro   0x0001f063      0x21c ./Drivers/STM32G4xx_HAL_Driver/Src/stm32g4xx_hal_pwr_ex.o
 .debug_macro   0x0001f27f      0x234 ./Drivers/STM32G4xx_HAL_Driver/Src/stm32g4xx_hal_rcc.o
 .debug_macro   0x0001f4b3      0x21c ./Drivers/STM32G4xx_HAL_Driver/Src/stm32g4xx_hal_rcc_ex.o
 .debug_macro   0x0001f6cf      0x1fa ./Drivers/STM32G4xx_HAL_Driver/Src/stm32g4xx_hal_tim.o
 .debug_macro   0x0001f8c9      0x1f8 ./Drivers/STM32G4xx_HAL_Driver/Src/stm32g4xx_hal_tim_ex.o
 .debug_macro   0x0001fac1      0x20b ./foc_layer/angle_estimator.o
 .debug_macro   0x0001fccc       0x1b ./foc_layer/clarke_and_park.o
 .debug_macro   0x0001fce7      0x2d4 ./foc_layer/vabctoduty.o
 .debug_macro   0x0001ffbb       0x61 ./foc_layer/vabctoduty.o
 .debug_macro   0x0002001c      0x19b ./foc_layer/vabctoduty.o
 .debug_macro   0x000201b7      0x251 ./hw_layer/hardware_adc.o
 .debug_macro   0x00020408      0x215 ./hw_layer/hardware_pwm.o

.debug_line     0x00000000    0x16f4e
 .debug_line    0x00000000      0x991 ./Core/Src/adc.o
 .debug_line    0x00000991      0x7af ./Core/Src/dma.o
 .debug_line    0x00001140      0x7d6 ./Core/Src/gpio.o
 .debug_line    0x00001916      0x97f ./Core/Src/main.o
 .debug_line    0x00002295      0x7d5 ./Core/Src/opamp.o
 .debug_line    0x00002a6a      0x7b3 ./Core/Src/stm32g4xx_hal_msp.o
 .debug_line    0x0000321d      0x9a5 ./Core/Src/stm32g4xx_it.o
 .debug_line    0x00003bc2      0x81f ./Core/Src/system_stm32g4xx.o
 .debug_line    0x000043e1      0x955 ./Core/Src/tim.o
 .debug_line    0x00004d36       0x7b ./Core/Startup/startup_stm32g431c8ux.o
 .debug_line    0x00004db1      0xbdb ./Drivers/STM32G4xx_HAL_Driver/Src/stm32g4xx_hal.o
 .debug_line    0x0000598c     0x2006 ./Drivers/STM32G4xx_HAL_Driver/Src/stm32g4xx_hal_adc.o
 .debug_line    0x00007992     0x1a4b ./Drivers/STM32G4xx_HAL_Driver/Src/stm32g4xx_hal_adc_ex.o
 .debug_line    0x000093dd      0xd6e ./Drivers/STM32G4xx_HAL_Driver/Src/stm32g4xx_hal_cortex.o
 .debug_line    0x0000a14b      0xf05 ./Drivers/STM32G4xx_HAL_Driver/Src/stm32g4xx_hal_dma.o
 .debug_line    0x0000b050      0xbf4 ./Drivers/STM32G4xx_HAL_Driver/Src/stm32g4xx_hal_gpio.o
 .debug_line    0x0000bc44      0xd4a ./Drivers/STM32G4xx_HAL_Driver/Src/stm32g4xx_hal_pwr_ex.o
 .debug_line    0x0000c98e      0xfa6 ./Drivers/STM32G4xx_HAL_Driver/Src/stm32g4xx_hal_rcc.o
 .debug_line    0x0000d934     0x116e ./Drivers/STM32G4xx_HAL_Driver/Src/stm32g4xx_hal_rcc_ex.o
 .debug_line    0x0000eaa2     0x3f69 ./Drivers/STM32G4xx_HAL_Driver/Src/stm32g4xx_hal_tim.o
 .debug_line    0x00012a0b     0x211b ./Drivers/STM32G4xx_HAL_Driver/Src/stm32g4xx_hal_tim_ex.o
 .debug_line    0x00014b26      0x7ae ./foc_layer/angle_estimator.o
 .debug_line    0x000152d4      0x197 ./foc_layer/clarke_and_park.o
 .debug_line    0x0001546b      0xa8d ./foc_layer/vabctoduty.o
 .debug_line    0x00015ef8      0x815 ./hw_layer/hardware_adc.o
 .debug_line    0x0001670d      0x841 ./hw_layer/hardware_pwm.o

.debug_str      0x00000000    0xd6bc6
 .debug_str     0x00000000    0xcdb69 ./Core/Src/adc.o
                              0xce1ab (size before relaxing)
 .debug_str     0x000cdb69      0x49b ./Core/Src/dma.o
                              0xcdce2 (size before relaxing)
 .debug_str     0x000ce004       0x68 ./Core/Src/gpio.o
                              0xcd929 (size before relaxing)
 .debug_str     0x000ce06c      0x600 ./Core/Src/main.o
                              0xce3f6 (size before relaxing)
 .debug_str     0x000ce66c       0x14 ./Core/Src/opamp.o
                              0xcd713 (size before relaxing)
 .debug_str     0x000ce680       0x4d ./Core/Src/stm32g4xx_hal_msp.o
                              0xcd87f (size before relaxing)
 .debug_str     0x000ce6cd      0x25d ./Core/Src/stm32g4xx_it.o
                              0xce088 (size before relaxing)
 .debug_str     0x000ce92a       0xdb ./Core/Src/system_stm32g4xx.o
                              0xcd798 (size before relaxing)
 .debug_str     0x000cea05      0x2f7 ./Core/Src/tim.o
                              0xce6ed (size before relaxing)
 .debug_str     0x000cecfc       0x44 ./Core/Startup/startup_stm32g431c8ux.o
                                 0x84 (size before relaxing)
 .debug_str     0x000ced40      0x5dd ./Drivers/STM32G4xx_HAL_Driver/Src/stm32g4xx_hal.o
                              0xce2d7 (size before relaxing)
 .debug_str     0x000cf31d      0xb16 ./Drivers/STM32G4xx_HAL_Driver/Src/stm32g4xx_hal_adc.o
                              0xce7c5 (size before relaxing)
 .debug_str     0x000cfe33      0x691 ./Drivers/STM32G4xx_HAL_Driver/Src/stm32g4xx_hal_adc_ex.o
                              0xce76b (size before relaxing)
 .debug_str     0x000d04c4      0x35a ./Drivers/STM32G4xx_HAL_Driver/Src/stm32g4xx_hal_cortex.o
                              0xcdf93 (size before relaxing)
 .debug_str     0x000d081e      0x285 ./Drivers/STM32G4xx_HAL_Driver/Src/stm32g4xx_hal_dma.o
                              0xcdb72 (size before relaxing)
 .debug_str     0x000d0aa3      0x123 ./Drivers/STM32G4xx_HAL_Driver/Src/stm32g4xx_hal_gpio.o
                              0xcd923 (size before relaxing)
 .debug_str     0x000d0bc6      0x495 ./Drivers/STM32G4xx_HAL_Driver/Src/stm32g4xx_hal_pwr_ex.o
                              0xcdc86 (size before relaxing)
 .debug_str     0x000d105b      0x4e0 ./Drivers/STM32G4xx_HAL_Driver/Src/stm32g4xx_hal_rcc.o
                              0xcde91 (size before relaxing)
 .debug_str     0x000d153b      0x40b ./Drivers/STM32G4xx_HAL_Driver/Src/stm32g4xx_hal_rcc_ex.o
                              0xcde92 (size before relaxing)
 .debug_str     0x000d1946      0xe82 ./Drivers/STM32G4xx_HAL_Driver/Src/stm32g4xx_hal_tim.o
                              0xcec96 (size before relaxing)
 .debug_str     0x000d27c8      0x804 ./Drivers/STM32G4xx_HAL_Driver/Src/stm32g4xx_hal_tim_ex.o
                              0xce90a (size before relaxing)
 .debug_str     0x000d2fcc       0x1f ./foc_layer/angle_estimator.o
                              0xcd738 (size before relaxing)
 .debug_str     0x000d2feb       0xa1 ./foc_layer/clarke_and_park.o
                               0x2efe (size before relaxing)
 .debug_str     0x000d308c     0x397e ./foc_layer/vabctoduty.o
                              0xd110c (size before relaxing)
 .debug_str     0x000d6a0a      0x179 ./hw_layer/hardware_adc.o
                              0xce34c (size before relaxing)
 .debug_str     0x000d6b83       0x43 ./hw_layer/hardware_pwm.o
                              0xcde9b (size before relaxing)

.comment        0x00000000       0x43
 .comment       0x00000000       0x43 ./Core/Src/adc.o
                                 0x44 (size before relaxing)
 .comment       0x00000043       0x44 ./Core/Src/dma.o
 .comment       0x00000043       0x44 ./Core/Src/gpio.o
 .comment       0x00000043       0x44 ./Core/Src/main.o
 .comment       0x00000043       0x44 ./Core/Src/opamp.o
 .comment       0x00000043       0x44 ./Core/Src/stm32g4xx_hal_msp.o
 .comment       0x00000043       0x44 ./Core/Src/stm32g4xx_it.o
 .comment       0x00000043       0x44 ./Core/Src/system_stm32g4xx.o
 .comment       0x00000043       0x44 ./Core/Src/tim.o
 .comment       0x00000043       0x44 ./Drivers/STM32G4xx_HAL_Driver/Src/stm32g4xx_hal.o
 .comment       0x00000043       0x44 ./Drivers/STM32G4xx_HAL_Driver/Src/stm32g4xx_hal_adc.o
 .comment       0x00000043       0x44 ./Drivers/STM32G4xx_HAL_Driver/Src/stm32g4xx_hal_adc_ex.o
 .comment       0x00000043       0x44 ./Drivers/STM32G4xx_HAL_Driver/Src/stm32g4xx_hal_cortex.o
 .comment       0x00000043       0x44 ./Drivers/STM32G4xx_HAL_Driver/Src/stm32g4xx_hal_dma.o
 .comment       0x00000043       0x44 ./Drivers/STM32G4xx_HAL_Driver/Src/stm32g4xx_hal_gpio.o
 .comment       0x00000043       0x44 ./Drivers/STM32G4xx_HAL_Driver/Src/stm32g4xx_hal_pwr_ex.o
 .comment       0x00000043       0x44 ./Drivers/STM32G4xx_HAL_Driver/Src/stm32g4xx_hal_rcc.o
 .comment       0x00000043       0x44 ./Drivers/STM32G4xx_HAL_Driver/Src/stm32g4xx_hal_rcc_ex.o
 .comment       0x00000043       0x44 ./Drivers/STM32G4xx_HAL_Driver/Src/stm32g4xx_hal_tim.o
 .comment       0x00000043       0x44 ./Drivers/STM32G4xx_HAL_Driver/Src/stm32g4xx_hal_tim_ex.o
 .comment       0x00000043       0x44 ./foc_layer/angle_estimator.o
 .comment       0x00000043       0x44 ./foc_layer/clarke_and_park.o
 .comment       0x00000043       0x44 ./foc_layer/vabctoduty.o
 .comment       0x00000043       0x44 ./hw_layer/hardware_adc.o
 .comment       0x00000043       0x44 ./hw_layer/hardware_pwm.o

.debug_frame    0x00000000     0x4e30
 .debug_frame   0x00000000       0xa0 ./Core/Src/adc.o
 .debug_frame   0x000000a0       0x34 ./Core/Src/dma.o
 .debug_frame   0x000000d4       0x34 ./Core/Src/gpio.o
 .debug_frame   0x00000108       0x6c ./Core/Src/main.o
 .debug_frame   0x00000174       0x70 ./Core/Src/opamp.o
 .debug_frame   0x000001e4       0x34 ./Core/Src/stm32g4xx_hal_msp.o
 .debug_frame   0x00000218      0x13c ./Core/Src/stm32g4xx_it.o
 .debug_frame   0x00000354       0x58 ./Core/Src/system_stm32g4xx.o
 .debug_frame   0x000003ac       0xc4 ./Core/Src/tim.o
 .debug_frame   0x00000470      0x500 ./Drivers/STM32G4xx_HAL_Driver/Src/stm32g4xx_hal.o
 .debug_frame   0x00000970      0xacc ./Drivers/STM32G4xx_HAL_Driver/Src/stm32g4xx_hal_adc.o
 .debug_frame   0x0000143c      0x81c ./Drivers/STM32G4xx_HAL_Driver/Src/stm32g4xx_hal_adc_ex.o
 .debug_frame   0x00001c58      0x4e8 ./Drivers/STM32G4xx_HAL_Driver/Src/stm32g4xx_hal_cortex.o
 .debug_frame   0x00002140      0x24c ./Drivers/STM32G4xx_HAL_Driver/Src/stm32g4xx_hal_dma.o
 .debug_frame   0x0000238c      0x14c ./Drivers/STM32G4xx_HAL_Driver/Src/stm32g4xx_hal_gpio.o
 .debug_frame   0x000024d8      0x4fc ./Drivers/STM32G4xx_HAL_Driver/Src/stm32g4xx_hal_pwr_ex.o
 .debug_frame   0x000029d4      0x23c ./Drivers/STM32G4xx_HAL_Driver/Src/stm32g4xx_hal_rcc.o
 .debug_frame   0x00002c10      0x2ac ./Drivers/STM32G4xx_HAL_Driver/Src/stm32g4xx_hal_rcc_ex.o
 .debug_frame   0x00002ebc     0x121c ./Drivers/STM32G4xx_HAL_Driver/Src/stm32g4xx_hal_tim.o
 .debug_frame   0x000040d8      0xa68 ./Drivers/STM32G4xx_HAL_Driver/Src/stm32g4xx_hal_tim_ex.o
 .debug_frame   0x00004b40      0x108 ./foc_layer/clarke_and_park.o
 .debug_frame   0x00004c48       0xc8 ./foc_layer/vabctoduty.o
 .debug_frame   0x00004d10       0x78 ./hw_layer/hardware_adc.o
 .debug_frame   0x00004d88       0x5c ./hw_layer/hardware_pwm.o
 .debug_frame   0x00004de4       0x20 C:/ST/STM32CubeIDE_1.16.0/STM32CubeIDE/plugins/com.st.stm32cube.ide.mcu.externaltools.gnu-tools-for-stm32.12.3.rel1.win32_1.0.200.202406191623/tools/bin/../lib/gcc/arm-none-eabi/12.3.1/../../../../arm-none-eabi/lib/thumb/v7e-m+fp/hard\libc_nano.a(libc_a-memset.o)
 .debug_frame   0x00004e04       0x2c C:/ST/STM32CubeIDE_1.16.0/STM32CubeIDE/plugins/com.st.stm32cube.ide.mcu.externaltools.gnu-tools-for-stm32.12.3.rel1.win32_1.0.200.202406191623/tools/bin/../lib/gcc/arm-none-eabi/12.3.1/../../../../arm-none-eabi/lib/thumb/v7e-m+fp/hard\libc_nano.a(libc_a-init.o)

.debug_line_str
                0x00000000       0x68
 .debug_line_str
                0x00000000       0x68 ./Core/Startup/startup_stm32g431c8ux.o
