Archive member included to satisfy reference by file (symbol)

C:/ST/STM32CubeIDE_1.16.0/STM32CubeIDE/plugins/com.st.stm32cube.ide.mcu.externaltools.gnu-tools-for-stm32.12.3.rel1.win32_1.0.200.202406191623/tools/bin/../lib/gcc/arm-none-eabi/12.3.1/../../../../arm-none-eabi/lib/thumb/v7e-m+fp/hard\libc_nano.a(libc_a-exit.o)
                              C:/ST/STM32CubeIDE_1.16.0/STM32CubeIDE/plugins/com.st.stm32cube.ide.mcu.externaltools.gnu-tools-for-stm32.12.3.rel1.win32_1.0.200.202406191623/tools/bin/../lib/gcc/arm-none-eabi/12.3.1/../../../../arm-none-eabi/lib/thumb/v7e-m+fp/hard/crt0.o (exit)
C:/ST/STM32CubeIDE_1.16.0/STM32CubeIDE/plugins/com.st.stm32cube.ide.mcu.externaltools.gnu-tools-for-stm32.12.3.rel1.win32_1.0.200.202406191623/tools/bin/../lib/gcc/arm-none-eabi/12.3.1/../../../../arm-none-eabi/lib/thumb/v7e-m+fp/hard\libc_nano.a(libc_a-findfp.o)
                              C:/ST/STM32CubeIDE_1.16.0/STM32CubeIDE/plugins/com.st.stm32cube.ide.mcu.externaltools.gnu-tools-for-stm32.12.3.rel1.win32_1.0.200.202406191623/tools/bin/../lib/gcc/arm-none-eabi/12.3.1/../../../../arm-none-eabi/lib/thumb/v7e-m+fp/hard\libc_nano.a(libc_a-exit.o) (__stdio_exit_handler)
C:/ST/STM32CubeIDE_1.16.0/STM32CubeIDE/plugins/com.st.stm32cube.ide.mcu.externaltools.gnu-tools-for-stm32.12.3.rel1.win32_1.0.200.202406191623/tools/bin/../lib/gcc/arm-none-eabi/12.3.1/../../../../arm-none-eabi/lib/thumb/v7e-m+fp/hard\libc_nano.a(libc_a-fwalk.o)
                              C:/ST/STM32CubeIDE_1.16.0/STM32CubeIDE/plugins/com.st.stm32cube.ide.mcu.externaltools.gnu-tools-for-stm32.12.3.rel1.win32_1.0.200.202406191623/tools/bin/../lib/gcc/arm-none-eabi/12.3.1/../../../../arm-none-eabi/lib/thumb/v7e-m+fp/hard\libc_nano.a(libc_a-findfp.o) (_fwalk_sglue)
C:/ST/STM32CubeIDE_1.16.0/STM32CubeIDE/plugins/com.st.stm32cube.ide.mcu.externaltools.gnu-tools-for-stm32.12.3.rel1.win32_1.0.200.202406191623/tools/bin/../lib/gcc/arm-none-eabi/12.3.1/../../../../arm-none-eabi/lib/thumb/v7e-m+fp/hard\libc_nano.a(libc_a-stdio.o)
                              C:/ST/STM32CubeIDE_1.16.0/STM32CubeIDE/plugins/com.st.stm32cube.ide.mcu.externaltools.gnu-tools-for-stm32.12.3.rel1.win32_1.0.200.202406191623/tools/bin/../lib/gcc/arm-none-eabi/12.3.1/../../../../arm-none-eabi/lib/thumb/v7e-m+fp/hard\libc_nano.a(libc_a-findfp.o) (__sread)
C:/ST/STM32CubeIDE_1.16.0/STM32CubeIDE/plugins/com.st.stm32cube.ide.mcu.externaltools.gnu-tools-for-stm32.12.3.rel1.win32_1.0.200.202406191623/tools/bin/../lib/gcc/arm-none-eabi/12.3.1/../../../../arm-none-eabi/lib/thumb/v7e-m+fp/hard\libc_nano.a(libc_a-memset.o)
                              C:/ST/STM32CubeIDE_1.16.0/STM32CubeIDE/plugins/com.st.stm32cube.ide.mcu.externaltools.gnu-tools-for-stm32.12.3.rel1.win32_1.0.200.202406191623/tools/bin/../lib/gcc/arm-none-eabi/12.3.1/../../../../arm-none-eabi/lib/thumb/v7e-m+fp/hard/crt0.o (memset)
C:/ST/STM32CubeIDE_1.16.0/STM32CubeIDE/plugins/com.st.stm32cube.ide.mcu.externaltools.gnu-tools-for-stm32.12.3.rel1.win32_1.0.200.202406191623/tools/bin/../lib/gcc/arm-none-eabi/12.3.1/../../../../arm-none-eabi/lib/thumb/v7e-m+fp/hard\libc_nano.a(libc_a-closer.o)
                              C:/ST/STM32CubeIDE_1.16.0/STM32CubeIDE/plugins/com.st.stm32cube.ide.mcu.externaltools.gnu-tools-for-stm32.12.3.rel1.win32_1.0.200.202406191623/tools/bin/../lib/gcc/arm-none-eabi/12.3.1/../../../../arm-none-eabi/lib/thumb/v7e-m+fp/hard\libc_nano.a(libc_a-stdio.o) (_close_r)
C:/ST/STM32CubeIDE_1.16.0/STM32CubeIDE/plugins/com.st.stm32cube.ide.mcu.externaltools.gnu-tools-for-stm32.12.3.rel1.win32_1.0.200.202406191623/tools/bin/../lib/gcc/arm-none-eabi/12.3.1/../../../../arm-none-eabi/lib/thumb/v7e-m+fp/hard\libc_nano.a(libc_a-reent.o)
                              C:/ST/STM32CubeIDE_1.16.0/STM32CubeIDE/plugins/com.st.stm32cube.ide.mcu.externaltools.gnu-tools-for-stm32.12.3.rel1.win32_1.0.200.202406191623/tools/bin/../lib/gcc/arm-none-eabi/12.3.1/../../../../arm-none-eabi/lib/thumb/v7e-m+fp/hard\libc_nano.a(libc_a-closer.o) (errno)
C:/ST/STM32CubeIDE_1.16.0/STM32CubeIDE/plugins/com.st.stm32cube.ide.mcu.externaltools.gnu-tools-for-stm32.12.3.rel1.win32_1.0.200.202406191623/tools/bin/../lib/gcc/arm-none-eabi/12.3.1/../../../../arm-none-eabi/lib/thumb/v7e-m+fp/hard\libc_nano.a(libc_a-impure.o)
                              C:/ST/STM32CubeIDE_1.16.0/STM32CubeIDE/plugins/com.st.stm32cube.ide.mcu.externaltools.gnu-tools-for-stm32.12.3.rel1.win32_1.0.200.202406191623/tools/bin/../lib/gcc/arm-none-eabi/12.3.1/../../../../arm-none-eabi/lib/thumb/v7e-m+fp/hard\libc_nano.a(libc_a-reent.o) (_impure_ptr)
C:/ST/STM32CubeIDE_1.16.0/STM32CubeIDE/plugins/com.st.stm32cube.ide.mcu.externaltools.gnu-tools-for-stm32.12.3.rel1.win32_1.0.200.202406191623/tools/bin/../lib/gcc/arm-none-eabi/12.3.1/../../../../arm-none-eabi/lib/thumb/v7e-m+fp/hard\libc_nano.a(libc_a-lseekr.o)
[...]
Memory Configuration

Name             Origin             Length             Attributes
RAM              0x20000000         0x00008000         xrw
FLASH            0x08000000         0x00010000         xr
*default*        0x00000000         0xffffffff

Linker script and memory map

LOAD C:/ST/STM32CubeIDE_1.16.0/STM32CubeIDE/plugins/com.st.stm32cube.ide.mcu.externaltools.gnu-tools-for-stm32.12.3.rel1.win32_1.0.200.202406191623/tools/bin/../lib/gcc/arm-none-eabi/12.3.1/thumb/v7e-m+fp/hard/crti.o
LOAD C:/ST/STM32CubeIDE_1.16.0/STM32CubeIDE/plugins/com.st.stm32cube.ide.mcu.externaltools.gnu-tools-for-stm32.12.3.rel1.win32_1.0.200.202406191623/tools/bin/../lib/gcc/arm-none-eabi/12.3.1/thumb/v7e-m+fp/hard/crtbegin.o
LOAD C:/ST/STM32CubeIDE_1.16.0/STM32CubeIDE/plugins/com.st.stm32cube.ide.mcu.externaltools.gnu-tools-for-stm32.12.3.rel1.win32_1.0.200.202406191623/tools/bin/../lib/gcc/arm-none-eabi/12.3.1/../../../../arm-none-eabi/lib/thumb/v7e-m+fp/hard/crt0.o
LOAD ./Core/Src/adc.o
LOAD ./Core/Src/dma.o
LOAD ./Core/Src/gpio.o
LOAD ./Core/Src/main.o
LOAD ./Core/Src/opamp.o
LOAD ./Core/Src/stm32g4xx_hal_msp.o
LOAD ./Core/Src/stm32g4xx_it.o
LOAD ./Core/Src/syscalls.o
LOAD ./Core/Src/sysmem.o
LOAD ./Core/Src/system_stm32g4xx.o
LOAD ./Core/Src/tim.o
LOAD ./Core/Startup/startup_stm32g431c8ux.o
LOAD ./Drivers/STM32G4xx_HAL_Driver/Src/stm32g4xx_hal.o
LOAD ./Drivers/STM32G4xx_HAL_Driver/Src/stm32g4xx_hal_adc.o
LOAD ./Drivers/STM32G4xx_HAL_Driver/Src/stm32g4xx_hal_adc_ex.o
LOAD ./Drivers/STM32G4xx_HAL_Driver/Src/stm32g4xx_hal_cortex.o
LOAD ./Drivers/STM32G4xx_HAL_Driver/Src/stm32g4xx_hal_dma.o
LOAD ./Drivers/STM32G4xx_HAL_Driver/Src/stm32g4xx_hal_dma_ex.o
LOAD ./Drivers/STM32G4xx_HAL_Driver/Src/stm32g4xx_hal_exti.o
LOAD ./Drivers/STM32G4xx_HAL_Driver/Src/stm32g4xx_hal_flash.o
LOAD ./Drivers/STM32G4xx_HAL_Driver/Src/stm32g4xx_hal_flash_ex.o
LOAD ./Drivers/STM32G4xx_HAL_Driver/Src/stm32g4xx_hal_flash_ramfunc.o
LOAD ./Drivers/STM32G4xx_HAL_Driver/Src/stm32g4xx_hal_gpio.o
LOAD ./Drivers/STM32G4xx_HAL_Driver/Src/stm32g4xx_hal_opamp.o
LOAD ./Drivers/STM32G4xx_HAL_Driver/Src/stm32g4xx_hal_opamp_ex.o
LOAD ./Drivers/STM32G4xx_HAL_Driver/Src/stm32g4xx_hal_pwr.o
LOAD ./Drivers/STM32G4xx_HAL_Driver/Src/stm32g4xx_hal_pwr_ex.o
LOAD ./Drivers/STM32G4xx_HAL_Driver/Src/stm32g4xx_hal_rcc.o
LOAD ./Drivers/STM32G4xx_HAL_Driver/Src/stm32g4xx_hal_rcc_ex.o
LOAD ./Drivers/STM32G4xx_HAL_Driver/Src/stm32g4xx_hal_tim.o
LOAD ./Drivers/STM32G4xx_HAL_Driver/Src/stm32g4xx_hal_tim_ex.o
LOAD ./Drivers/STM32G4xx_HAL_Driver/Src/stm32g4xx_ll_adc.o
LOAD ./foc_layer/angle_estimator.o
LOAD ./foc_layer/clarke_and_park.o
LOAD ./foc_layer/vabctoduty.o
LOAD ./hw_layer/hardware_adc.o
LOAD ./hw_layer/hardware_opamp.o
LOAD ./hw_layer/hardware_pwm.o
START GROUP
LOAD C:/ST/STM32CubeIDE_1.16.0/STM32CubeIDE/plugins/com.st.stm32cube.ide.mcu.externaltools.gnu-tools-for-stm32.12.3.rel1.win32_1.0.200.202406191623/tools/bin/../lib/gcc/arm-none-eabi/12.3.1/../../../../arm-none-eabi/lib/thumb/v7e-m+fp/hard\libc_nano.a
LOAD C:/ST/STM32CubeIDE_1.16.0/STM32CubeIDE/plugins/com.st.stm32cube.ide.mcu.externaltools.gnu-tools-for-stm32.12.3.rel1.win32_1.0.200.202406191623/tools/bin/../lib/gcc/arm-none-eabi/12.3.1/../../../../arm-none-eabi/lib/thumb/v7e-m+fp/hard\libm.a
END GROUP
START GROUP
LOAD C:/ST/STM32CubeIDE_1.16.0/STM32CubeIDE/plugins/com.st.stm32cube.ide.mcu.externaltools.gnu-tools-for-stm32.12.3.rel1.win32_1.0.200.202406191623/tools/bin/../lib/gcc/arm-none-eabi/12.3.1/thumb/v7e-m+fp/hard\libgcc.a
LOAD C:/ST/STM32CubeIDE_1.16.0/STM32CubeIDE/plugins/com.st.stm32cube.ide.mcu.externaltools.gnu-tools-for-stm32.12.3.rel1.win32_1.0.200.202406191623/tools/bin/../lib/gcc/arm-none-eabi/12.3.1/../../../../arm-none-eabi/lib/thumb/v7e-m+fp/hard\libc_nano.a
END GROUP
START GROUP
LOAD C:/ST/STM32CubeIDE_1.16.0/STM32CubeIDE/plugins/com.st.stm32cube.ide.mcu.externaltools.gnu-tools-for-stm32.12.3.rel1.win32_1.0.200.202406191623/tools/bin/../lib/gcc/arm-none-eabi/12.3.1/thumb/v7e-m+fp/hard\libgcc.a
LOAD C:/ST/STM32CubeIDE_1.16.0/STM32CubeIDE/plugins/com.st.stm32cube.ide.mcu.externaltools.gnu-tools-for-stm32.12.3.rel1.win32_1.0.200.202406191623/tools/bin/../lib/gcc/arm-none-eabi/12.3.1/../../../../arm-none-eabi/lib/thumb/v7e-m+fp/hard\libc_nano.a
LOAD C:/ST/STM32CubeIDE_1.16.0/STM32CubeIDE/plugins/com.st.stm32cube.ide.mcu.externaltools.gnu-tools-for-stm32.12.3.rel1.win32_1.0.200.202406191623/tools/bin/../lib/gcc/arm-none-eabi/12.3.1/../../../../arm-none-eabi/lib/thumb/v7e-m+fp/hard\libnosys.a
END GROUP
START GROUP
LOAD C:/ST/STM32CubeIDE_1.16.0/STM32CubeIDE/plugins/com.st.stm32cube.ide.mcu.externaltools.gnu-tools-for-stm32.12.3.rel1.win32_1.0.200.202406191623/tools/bin/../lib/gcc/arm-none-eabi/12.3.1/thumb/v7e-m+fp/hard\libgcc.a
LOAD C:/ST/STM32CubeIDE_1.16.0/STM32CubeIDE/plugins/com.st.stm32cube.ide.mcu.externaltools.gnu-tools-for-stm32.12.3.rel1.win32_1.0.200.202406191623/tools/bin/../lib/gcc/arm-none-eabi/12.3.1/../../../../arm-none-eabi/lib/thumb/v7e-m+fp/hard\libc_nano.a
LOAD C:/ST/STM32CubeIDE_1.16.0/STM32CubeIDE/plugins/com.st.stm32cube.ide.mcu.externaltools.gnu-tools-for-stm32.12.3.rel1.win32_1.0.200.202406191623/tools/bin/../lib/gcc/arm-none-eabi/12.3.1/../../../../arm-none-eabi/lib/thumb/v7e-m+fp/hard\libnosys.a
END GROUP
LOAD C:/ST/STM32CubeIDE_1.16.0/STM32CubeIDE/plugins/com.st.stm32cube.ide.mcu.externaltools.gnu-tools-for-stm32.12.3.rel1.win32_1.0.200.202406191623/tools/bin/../lib/gcc/arm-none-eabi/12.3.1/thumb/v7e-m+fp/hard/crtend.o
LOAD C:/ST/STM32CubeIDE_1.16.0/STM32CubeIDE/plugins/com.st.stm32cube.ide.mcu.externaltools.gnu-tools-for-stm32.12.3.rel1.win32_1.0.200.202406191623/tools/bin/../lib/gcc/arm-none-eabi/12.3.1/thumb/v7e-m+fp/hard/crtn.o
                0x20008000                        _estack = (ORIGIN (RAM) + LENGTH (RAM))
                0x00000200                        _Min_Heap_Size = 0x200
                0x00000400                        _Min_Stack_Size = 0x400

.isr_vector     0x08000000      0x1d8
                0x08000000                        . = ALIGN (0x4)
 *(.isr_vector)
 .isr_vector    0x08000000      0x1d8 ./Core/Startup/startup_stm32g431c8ux.o
                0x08000000                g_pfnVectors
                0x080001d8                        . = ALIGN (0x4)

.text           0x080001d8     0x67a0
                0x080001d8                        . = ALIGN (0x4)
 *(.text)
 .text          0x080001d8       0x40 C:/ST/STM32CubeIDE_1.16.0/STM32CubeIDE/plugins/com.st.stm32cube.ide.mcu.externaltools.gnu-tools-for-stm32.12.3.rel1.win32_1.0.200.202406191623/tools/bin/../lib/gcc/arm-none-eabi/12.3.1/thumb/v7e-m+fp/hard/crtbegin.o
 *(.text*)
 .text.MX_ADC1_Init
                0x08000218      0x174 ./Core/Src/adc.o
                0x08000218                MX_ADC1_Init
 .text.MX_ADC2_Init
                0x0800038c       0xf0 ./Core/Src/adc.o
                0x0800038c                MX_ADC2_Init
 .text.HAL_ADC_MspInit
                0x0800047c      0x20c ./Core/Src/adc.o
                0x0800047c                HAL_ADC_MspInit
 .text.MX_DMA_Init
                0x08000688       0x64 ./Core/Src/dma.o
                0x08000688                MX_DMA_Init
 .text.MX_GPIO_Init
                0x080006ec       0xac ./Core/Src/gpio.o
                0x080006ec                MX_GPIO_Init
 .text.main     0x08000798      0x108 ./Core/Src/main.o
                0x08000798                main
 .text.SystemClock_Config
                0x080008a0       0x92 ./Core/Src/main.o
                0x080008a0                SystemClock_Config
 .text.Error_Handler
                0x08000932        0xc ./Core/Src/main.o
                0x08000932                Error_Handler
 *fill*         0x0800093e        0x2 
 .text.MX_OPAMP1_Init
                0x08000940       0x58 ./Core/Src/opamp.o
                0x08000940                MX_OPAMP1_Init
 .text.MX_OPAMP2_Init
                0x08000998       0x58 ./Core/Src/opamp.o
                0x08000998                MX_OPAMP2_Init
 .text.MX_OPAMP3_Init
                0x080009f0       0x58 ./Core/Src/opamp.o
                0x080009f0                MX_OPAMP3_Init
 .text.HAL_OPAMP_MspInit
                0x08000a48       0xec ./Core/Src/opamp.o
                0x08000a48                HAL_OPAMP_MspInit
 .text.HAL_MspInit
                0x08000b34       0x48 ./Core/Src/stm32g4xx_hal_msp.o
                0x08000b34                HAL_MspInit
 .text.NMI_Handler
                0x08000b7c        0x8 ./Core/Src/stm32g4xx_it.o
                0x08000b7c                NMI_Handler
 .text.HardFault_Handler
                0x08000b84        0x8 ./Core/Src/stm32g4xx_it.o
                0x08000b84                HardFault_Handler
 .text.MemManage_Handler
                0x08000b8c        0x8 ./Core/Src/stm32g4xx_it.o
                0x08000b8c                MemManage_Handler
 .text.BusFault_Handler
                0x08000b94        0x8 ./Core/Src/stm32g4xx_it.o
                0x08000b94                BusFault_Handler
 .text.UsageFault_Handler
                0x08000b9c        0x8 ./Core/Src/stm32g4xx_it.o
                0x08000b9c                UsageFault_Handler
 .text.SVC_Handler
                0x08000ba4        0xe ./Core/Src/stm32g4xx_it.o
                0x08000ba4                SVC_Handler
 .text.DebugMon_Handler
                0x08000bb2        0xe ./Core/Src/stm32g4xx_it.o
                0x08000bb2                DebugMon_Handler
 .text.PendSV_Handler
                0x08000bc0        0xe ./Core/Src/stm32g4xx_it.o
                0x08000bc0                PendSV_Handler
 .text.SysTick_Handler
                0x08000bce        0xc ./Core/Src/stm32g4xx_it.o
                0x08000bce                SysTick_Handler
 *fill*         0x08000bda        0x2 
 .text.DMA1_Channel1_IRQHandler
                0x08000bdc       0x14 ./Core/Src/stm32g4xx_it.o
                0x08000bdc                DMA1_Channel1_IRQHandler
 .text.DMA1_Channel2_IRQHandler
                0x08000bf0       0x14 ./Core/Src/stm32g4xx_it.o
                0x08000bf0                DMA1_Channel2_IRQHandler
 .text.TIM1_UP_TIM16_IRQHandler
                0x08000c04       0xa4 ./Core/Src/stm32g4xx_it.o
                0x08000c04                TIM1_UP_TIM16_IRQHandler
 .text.SystemInit
                0x08000ca8       0x24 ./Core/Src/system_stm32g4xx.o
                0x08000ca8                SystemInit
 .text.MX_TIM1_Init
                0x08000ccc      0x190 ./Core/Src/tim.o
                0x08000ccc                MX_TIM1_Init
 .text.MX_TIM15_Init
                0x08000e5c       0xa4 ./Core/Src/tim.o
                0x08000e5c                MX_TIM15_Init
 .text.HAL_TIM_Base_MspInit
                0x08000f00       0x74 ./Core/Src/tim.o
                0x08000f00                HAL_TIM_Base_MspInit
 .text.HAL_TIM_MspPostInit
                0x08000f74       0xec ./Core/Src/tim.o
                0x08000f74                HAL_TIM_MspPostInit
 .text.Reset_Handler
                0x08001060       0x50 ./Core/Startup/startup_stm32g431c8ux.o
                0x08001060                Reset_Handler
 .text.Default_Handler
                0x080010b0        0x2 ./Core/Startup/startup_stm32g431c8ux.o
                0x080010b0                RTC_Alarm_IRQHandler
                0x080010b0                EXTI2_IRQHandler
                0x080010b0                TIM8_TRG_COM_IRQHandler
                0x080010b0                TIM8_CC_IRQHandler
                0x080010b0                TIM1_CC_IRQHandler
                0x080010b0                USB_HP_IRQHandler
                0x080010b0                CORDIC_IRQHandler
                0x080010b0                EXTI3_IRQHandler
                0x080010b0                I2C3_ER_IRQHandler
                0x080010b0                EXTI0_IRQHandler
                0x080010b0                I2C2_EV_IRQHandler
                0x080010b0                FPU_IRQHandler
                0x080010b0                FDCAN1_IT1_IRQHandler
                0x080010b0                ADC1_2_IRQHandler
                0x080010b0                SPI1_IRQHandler
                0x080010b0                TIM6_DAC_IRQHandler
                0x080010b0                TIM8_UP_IRQHandler
                0x080010b0                DMA2_Channel2_IRQHandler
                0x080010b0                DMA1_Channel4_IRQHandler
                0x080010b0                USART3_IRQHandler
                0x080010b0                TIM4_IRQHandler
                0x080010b0                DMA2_Channel1_IRQHandler
                0x080010b0                I2C1_EV_IRQHandler
                0x080010b0                DMA1_Channel6_IRQHandler
                0x080010b0                UART4_IRQHandler
                0x080010b0                DMA2_Channel4_IRQHandler
                0x080010b0                TIM3_IRQHandler
                0x080010b0                RCC_IRQHandler
                0x080010b0                Default_Handler
                0x080010b0                RTC_TAMP_LSECSS_IRQHandler
                0x080010b0                FMAC_IRQHandler
                0x080010b0                EXTI15_10_IRQHandler
                0x080010b0                TIM7_IRQHandler
                0x080010b0                UCPD1_IRQHandler
                0x080010b0                I2C3_EV_IRQHandler
                0x080010b0                EXTI9_5_IRQHandler
                0x080010b0                RTC_WKUP_IRQHandler
                0x080010b0                PVD_PVM_IRQHandler
                0x080010b0                SPI2_IRQHandler
                0x080010b0                DMA2_Channel5_IRQHandler
                0x080010b0                CRS_IRQHandler
                0x080010b0                DMA1_Channel5_IRQHandler
                0x080010b0                USB_LP_IRQHandler
                0x080010b0                EXTI4_IRQHandler
                0x080010b0                RNG_IRQHandler
                0x080010b0                TIM1_TRG_COM_TIM17_IRQHandler
                0x080010b0                DMA1_Channel3_IRQHandler
                0x080010b0                WWDG_IRQHandler
                0x080010b0                LPUART1_IRQHandler
                0x080010b0                DMA2_Channel6_IRQHandler
                0x080010b0                FDCAN1_IT0_IRQHandler
                0x080010b0                TIM2_IRQHandler
                0x080010b0                COMP1_2_3_IRQHandler
                0x080010b0                EXTI1_IRQHandler
                0x080010b0                USART2_IRQHandler
                0x080010b0                I2C2_ER_IRQHandler
                0x080010b0                TIM8_BRK_IRQHandler
                0x080010b0                FLASH_IRQHandler
                0x080010b0                USART1_IRQHandler
                0x080010b0                SPI3_IRQHandler
                0x080010b0                I2C1_ER_IRQHandler
                0x080010b0                LPTIM1_IRQHandler
                0x080010b0                DMAMUX_OVR_IRQHandler
                0x080010b0                USBWakeUp_IRQHandler
                0x080010b0                SAI1_IRQHandler
                0x080010b0                DMA2_Channel3_IRQHandler
                0x080010b0                COMP4_IRQHandler
                0x080010b0                TIM1_BRK_TIM15_IRQHandler
 .text.HAL_Init
                0x080010b2       0x30 ./Drivers/STM32G4xx_HAL_Driver/Src/stm32g4xx_hal.o
                0x080010b2                HAL_Init
 *fill*         0x080010e2        0x2 
 .text.HAL_InitTick
                0x080010e4       0x74 ./Drivers/STM32G4xx_HAL_Driver/Src/stm32g4xx_hal.o
                0x080010e4                HAL_InitTick
 .text.HAL_IncTick
                0x08001158       0x24 ./Drivers/STM32G4xx_HAL_Driver/Src/stm32g4xx_hal.o
                0x08001158                HAL_IncTick
 .text.HAL_GetTick
                0x0800117c       0x18 ./Drivers/STM32G4xx_HAL_Driver/Src/stm32g4xx_hal.o
                0x0800117c                HAL_GetTick
 .text.HAL_Delay
                0x08001194       0x44 ./Drivers/STM32G4xx_HAL_Driver/Src/stm32g4xx_hal.o
                0x08001194                HAL_Delay
 .text.LL_ADC_SetCommonClock
                0x080011d8       0x26 ./Drivers/STM32G4xx_HAL_Driver/Src/stm32g4xx_hal_adc.o
 .text.LL_ADC_SetCommonPathInternalCh
                0x080011fe       0x26 ./Drivers/STM32G4xx_HAL_Driver/Src/stm32g4xx_hal_adc.o
 .text.LL_ADC_GetCommonPathInternalCh
                0x08001224       0x1c ./Drivers/STM32G4xx_HAL_Driver/Src/stm32g4xx_hal_adc.o
 .text.LL_ADC_SetOffset
                0x08001240       0x48 ./Drivers/STM32G4xx_HAL_Driver/Src/stm32g4xx_hal_adc.o
 .text.LL_ADC_GetOffsetChannel
                0x08001288       0x2c ./Drivers/STM32G4xx_HAL_Driver/Src/stm32g4xx_hal_adc.o
 .text.LL_ADC_SetOffsetState
                0x080012b4       0x36 ./Drivers/STM32G4xx_HAL_Driver/Src/stm32g4xx_hal_adc.o
 .text.LL_ADC_SetOffsetSign
                0x080012ea       0x36 ./Drivers/STM32G4xx_HAL_Driver/Src/stm32g4xx_hal_adc.o
 .text.LL_ADC_SetOffsetSaturation
                0x08001320       0x36 ./Drivers/STM32G4xx_HAL_Driver/Src/stm32g4xx_hal_adc.o
 .text.LL_ADC_SetSamplingTimeCommonConfig
                0x08001356       0x26 ./Drivers/STM32G4xx_HAL_Driver/Src/stm32g4xx_hal_adc.o
 .text.LL_ADC_REG_IsTriggerSourceSWStart
                0x0800137c       0x26 ./Drivers/STM32G4xx_HAL_Driver/Src/stm32g4xx_hal_adc.o
 .text.LL_ADC_REG_SetSequencerRanks
                0x080013a2       0x58 ./Drivers/STM32G4xx_HAL_Driver/Src/stm32g4xx_hal_adc.o
 .text.LL_ADC_SetChannelSamplingTime
                0x080013fa       0x56 ./Drivers/STM32G4xx_HAL_Driver/Src/stm32g4xx_hal_adc.o
 .text.LL_ADC_SetChannelSingleDiff
                0x08001450       0x48 ./Drivers/STM32G4xx_HAL_Driver/Src/stm32g4xx_hal_adc.o
 .text.LL_ADC_GetMultimode
                0x08001498       0x1c ./Drivers/STM32G4xx_HAL_Driver/Src/stm32g4xx_hal_adc.o
 .text.LL_ADC_DisableDeepPowerDown
                0x080014b4       0x24 ./Drivers/STM32G4xx_HAL_Driver/Src/stm32g4xx_hal_adc.o
 .text.LL_ADC_IsDeepPowerDownEnabled
                0x080014d8       0x28 ./Drivers/STM32G4xx_HAL_Driver/Src/stm32g4xx_hal_adc.o
 .text.LL_ADC_EnableInternalRegulator
                0x08001500       0x28 ./Drivers/STM32G4xx_HAL_Driver/Src/stm32g4xx_hal_adc.o
 .text.LL_ADC_IsInternalRegulatorEnabled
                0x08001528       0x28 ./Drivers/STM32G4xx_HAL_Driver/Src/stm32g4xx_hal_adc.o
 .text.LL_ADC_Enable
                0x08001550       0x28 ./Drivers/STM32G4xx_HAL_Driver/Src/stm32g4xx_hal_adc.o
 .text.LL_ADC_Disable
                0x08001578       0x28 ./Drivers/STM32G4xx_HAL_Driver/Src/stm32g4xx_hal_adc.o
 .text.LL_ADC_IsEnabled
                0x080015a0       0x26 ./Drivers/STM32G4xx_HAL_Driver/Src/stm32g4xx_hal_adc.o
 .text.LL_ADC_IsDisableOngoing
                0x080015c6       0x26 ./Drivers/STM32G4xx_HAL_Driver/Src/stm32g4xx_hal_adc.o
 .text.LL_ADC_REG_StartConversion
                0x080015ec       0x28 ./Drivers/STM32G4xx_HAL_Driver/Src/stm32g4xx_hal_adc.o
 .text.LL_ADC_REG_IsConversionOngoing
                0x08001614       0x26 ./Drivers/STM32G4xx_HAL_Driver/Src/stm32g4xx_hal_adc.o
 .text.LL_ADC_INJ_IsConversionOngoing
                0x0800163a       0x26 ./Drivers/STM32G4xx_HAL_Driver/Src/stm32g4xx_hal_adc.o
 .text.HAL_ADC_Init
                0x08001660      0x308 ./Drivers/STM32G4xx_HAL_Driver/Src/stm32g4xx_hal_adc.o
                0x08001660                HAL_ADC_Init
 .text.HAL_ADC_Start_DMA
                0x08001968      0x168 ./Drivers/STM32G4xx_HAL_Driver/Src/stm32g4xx_hal_adc.o
                0x08001968                HAL_ADC_Start_DMA
 .text.HAL_ADC_ConvHalfCpltCallback
                0x08001ad0       0x14 ./Drivers/STM32G4xx_HAL_Driver/Src/stm32g4xx_hal_adc.o
                0x08001ad0                HAL_ADC_ConvHalfCpltCallback
 .text.HAL_ADC_ErrorCallback
                0x08001ae4       0x14 ./Drivers/STM32G4xx_HAL_Driver/Src/stm32g4xx_hal_adc.o
                0x08001ae4                HAL_ADC_ErrorCallback
 .text.HAL_ADC_ConfigChannel
                0x08001af8      0x7e0 ./Drivers/STM32G4xx_HAL_Driver/Src/stm32g4xx_hal_adc.o
                0x08001af8                HAL_ADC_ConfigChannel
 .text.ADC_Enable
                0x080022d8      0x10c ./Drivers/STM32G4xx_HAL_Driver/Src/stm32g4xx_hal_adc.o
                0x080022d8                ADC_Enable
 .text.ADC_Disable
                0x080023e4       0xbe ./Drivers/STM32G4xx_HAL_Driver/Src/stm32g4xx_hal_adc.o
                0x080023e4                ADC_Disable
 .text.ADC_DMAConvCplt
                0x080024a2       0xd8 ./Drivers/STM32G4xx_HAL_Driver/Src/stm32g4xx_hal_adc.o
                0x080024a2                ADC_DMAConvCplt
 .text.ADC_DMAHalfConvCplt
                0x0800257a       0x1c ./Drivers/STM32G4xx_HAL_Driver/Src/stm32g4xx_hal_adc.o
                0x0800257a                ADC_DMAHalfConvCplt
 .text.ADC_DMAError
                0x08002596       0x34 ./Drivers/STM32G4xx_HAL_Driver/Src/stm32g4xx_hal_adc.o
                0x08002596                ADC_DMAError
 .text.LL_ADC_IsEnabled
                0x080025ca       0x26 ./Drivers/STM32G4xx_HAL_Driver/Src/stm32g4xx_hal_adc_ex.o
 .text.LL_ADC_StartCalibration
                0x080025f0       0x32 ./Drivers/STM32G4xx_HAL_Driver/Src/stm32g4xx_hal_adc_ex.o
 .text.LL_ADC_IsCalibrationOnGoing
                0x08002622       0x28 ./Drivers/STM32G4xx_HAL_Driver/Src/stm32g4xx_hal_adc_ex.o
 .text.LL_ADC_REG_IsConversionOngoing
                0x0800264a       0x26 ./Drivers/STM32G4xx_HAL_Driver/Src/stm32g4xx_hal_adc_ex.o
 .text.HAL_ADCEx_Calibration_Start
                0x08002670       0xc4 ./Drivers/STM32G4xx_HAL_Driver/Src/stm32g4xx_hal_adc_ex.o
                0x08002670                HAL_ADCEx_Calibration_Start
 .text.HAL_ADCEx_MultiModeConfigChannel
                0x08002734      0x148 ./Drivers/STM32G4xx_HAL_Driver/Src/stm32g4xx_hal_adc_ex.o
                0x08002734                HAL_ADCEx_MultiModeConfigChannel
 .text.__NVIC_SetPriorityGrouping
                0x0800287c       0x48 ./Drivers/STM32G4xx_HAL_Driver/Src/stm32g4xx_hal_cortex.o
 .text.__NVIC_GetPriorityGrouping
                0x080028c4       0x1c ./Drivers/STM32G4xx_HAL_Driver/Src/stm32g4xx_hal_cortex.o
 .text.__NVIC_EnableIRQ
                0x080028e0       0x3c ./Drivers/STM32G4xx_HAL_Driver/Src/stm32g4xx_hal_cortex.o
 .text.__NVIC_SetPriority
                0x0800291c       0x54 ./Drivers/STM32G4xx_HAL_Driver/Src/stm32g4xx_hal_cortex.o
 .text.NVIC_EncodePriority
                0x08002970       0x66 ./Drivers/STM32G4xx_HAL_Driver/Src/stm32g4xx_hal_cortex.o
 *fill*         0x080029d6        0x2 
 .text.SysTick_Config
                0x080029d8       0x44 ./Drivers/STM32G4xx_HAL_Driver/Src/stm32g4xx_hal_cortex.o
 .text.HAL_NVIC_SetPriorityGrouping
                0x08002a1c       0x16 ./Drivers/STM32G4xx_HAL_Driver/Src/stm32g4xx_hal_cortex.o
                0x08002a1c                HAL_NVIC_SetPriorityGrouping
 .text.HAL_NVIC_SetPriority
                0x08002a32       0x34 ./Drivers/STM32G4xx_HAL_Driver/Src/stm32g4xx_hal_cortex.o
                0x08002a32                HAL_NVIC_SetPriority
 .text.HAL_NVIC_EnableIRQ
                0x08002a66       0x1c ./Drivers/STM32G4xx_HAL_Driver/Src/stm32g4xx_hal_cortex.o
                0x08002a66                HAL_NVIC_EnableIRQ
 .text.HAL_SYSTICK_Config
                0x08002a82       0x18 ./Drivers/STM32G4xx_HAL_Driver/Src/stm32g4xx_hal_cortex.o
                0x08002a82                HAL_SYSTICK_Config
 *fill*         0x08002a9a        0x2 
 .text.HAL_DMA_Init
                0x08002a9c      0x150 ./Drivers/STM32G4xx_HAL_Driver/Src/stm32g4xx_hal_dma.o
                0x08002a9c                HAL_DMA_Init
 .text.HAL_DMA_Start_IT
                0x08002bec       0xf6 ./Drivers/STM32G4xx_HAL_Driver/Src/stm32g4xx_hal_dma.o
                0x08002bec                HAL_DMA_Start_IT
 .text.HAL_DMA_IRQHandler
                0x08002ce2      0x15e ./Drivers/STM32G4xx_HAL_Driver/Src/stm32g4xx_hal_dma.o
                0x08002ce2                HAL_DMA_IRQHandler
 .text.DMA_SetConfig
                0x08002e40       0x7c ./Drivers/STM32G4xx_HAL_Driver/Src/stm32g4xx_hal_dma.o
 .text.DMA_CalcDMAMUXChannelBaseAndMask
                0x08002ebc       0x7c ./Drivers/STM32G4xx_HAL_Driver/Src/stm32g4xx_hal_dma.o
 .text.DMA_CalcDMAMUXRequestGenBaseAndMask
                0x08002f38       0x48 ./Drivers/STM32G4xx_HAL_Driver/Src/stm32g4xx_hal_dma.o
 .text.HAL_GPIO_Init
                0x08002f80      0x304 ./Drivers/STM32G4xx_HAL_Driver/Src/stm32g4xx_hal_gpio.o
                0x08002f80                HAL_GPIO_Init
 .text.HAL_GPIO_WritePin
                0x08003284       0x30 ./Drivers/STM32G4xx_HAL_Driver/Src/stm32g4xx_hal_gpio.o
                0x08003284                HAL_GPIO_WritePin
 .text.HAL_OPAMP_Init
                0x080032b4      0x1a0 ./Drivers/STM32G4xx_HAL_Driver/Src/stm32g4xx_hal_opamp.o
                0x080032b4                HAL_OPAMP_Init
 .text.HAL_OPAMP_Start
                0x08003454       0x62 ./Drivers/STM32G4xx_HAL_Driver/Src/stm32g4xx_hal_opamp.o
                0x08003454                HAL_OPAMP_Start
 .text.HAL_OPAMP_SelfCalibrate
                0x080034b6      0x24a ./Drivers/STM32G4xx_HAL_Driver/Src/stm32g4xx_hal_opamp.o
                0x080034b6                HAL_OPAMP_SelfCalibrate
 .text.HAL_PWREx_ControlVoltageScaling
                0x08003700      0x148 ./Drivers/STM32G4xx_HAL_Driver/Src/stm32g4xx_hal_pwr_ex.o
                0x08003700                HAL_PWREx_ControlVoltageScaling
 .text.HAL_PWREx_DisableUCPDDeadBattery
                0x08003848       0x20 ./Drivers/STM32G4xx_HAL_Driver/Src/stm32g4xx_hal_pwr_ex.o
                0x08003848                HAL_PWREx_DisableUCPDDeadBattery
 .text.HAL_RCC_OscConfig
                0x08003868      0x624 ./Drivers/STM32G4xx_HAL_Driver/Src/stm32g4xx_hal_rcc.o
                0x08003868                HAL_RCC_OscConfig
 .text.HAL_RCC_ClockConfig
                0x08003e8c      0x278 ./Drivers/STM32G4xx_HAL_Driver/Src/stm32g4xx_hal_rcc.o
                0x08003e8c                HAL_RCC_ClockConfig
 .text.HAL_RCC_GetSysClockFreq
                0x08004104       0xc4 ./Drivers/STM32G4xx_HAL_Driver/Src/stm32g4xx_hal_rcc.o
                0x08004104                HAL_RCC_GetSysClockFreq
 .text.RCC_GetSysClockFreqFromPLLSource
                0x080041c8       0x8c ./Drivers/STM32G4xx_HAL_Driver/Src/stm32g4xx_hal_rcc.o
 .text.HAL_RCCEx_PeriphCLKConfig
                0x08004254      0x3e0 ./Drivers/STM32G4xx_HAL_Driver/Src/stm32g4xx_hal_rcc_ex.o
                0x08004254                HAL_RCCEx_PeriphCLKConfig
 .text.HAL_TIM_Base_Init
                0x08004634       0xae ./Drivers/STM32G4xx_HAL_Driver/Src/stm32g4xx_hal_tim.o
                0x08004634                HAL_TIM_Base_Init
 *fill*         0x080046e2        0x2 
 .text.HAL_TIM_Base_Start
                0x080046e4       0xc4 ./Drivers/STM32G4xx_HAL_Driver/Src/stm32g4xx_hal_tim.o
                0x080046e4                HAL_TIM_Base_Start
 .text.HAL_TIM_Base_Start_IT
                0x080047a8       0xd4 ./Drivers/STM32G4xx_HAL_Driver/Src/stm32g4xx_hal_tim.o
                0x080047a8                HAL_TIM_Base_Start_IT
 .text.HAL_TIM_PWM_Init
                0x0800487c       0xae ./Drivers/STM32G4xx_HAL_Driver/Src/stm32g4xx_hal_tim.o
                0x0800487c                HAL_TIM_PWM_Init
 .text.HAL_TIM_PWM_MspInit
                0x0800492a       0x14 ./Drivers/STM32G4xx_HAL_Driver/Src/stm32g4xx_hal_tim.o
                0x0800492a                HAL_TIM_PWM_MspInit
 *fill*         0x0800493e        0x2 
 .text.HAL_TIM_PWM_Start
                0x08004940      0x200 ./Drivers/STM32G4xx_HAL_Driver/Src/stm32g4xx_hal_tim.o
                0x08004940                HAL_TIM_PWM_Start
 .text.HAL_TIM_IRQHandler
                0x08004b40      0x29e ./Drivers/STM32G4xx_HAL_Driver/Src/stm32g4xx_hal_tim.o
                0x08004b40                HAL_TIM_IRQHandler
 *fill*         0x08004dde        0x2 
 .text.HAL_TIM_PWM_ConfigChannel
                0x08004de0      0x228 ./Drivers/STM32G4xx_HAL_Driver/Src/stm32g4xx_hal_tim.o
                0x08004de0                HAL_TIM_PWM_ConfigChannel
 .text.HAL_TIM_ConfigClockSource
                0x08005008      0x1f4 ./Drivers/STM32G4xx_HAL_Driver/Src/stm32g4xx_hal_tim.o
                0x08005008                HAL_TIM_ConfigClockSource
 .text.HAL_TIM_PeriodElapsedCallback
                0x080051fc       0x14 ./Drivers/STM32G4xx_HAL_Driver/Src/stm32g4xx_hal_tim.o
                0x080051fc                HAL_TIM_PeriodElapsedCallback
 .text.HAL_TIM_OC_DelayElapsedCallback
                0x08005210       0x14 ./Drivers/STM32G4xx_HAL_Driver/Src/stm32g4xx_hal_tim.o
                0x08005210                HAL_TIM_OC_DelayElapsedCallback
 .text.HAL_TIM_IC_CaptureCallback
                0x08005224       0x14 ./Drivers/STM32G4xx_HAL_Driver/Src/stm32g4xx_hal_tim.o
                0x08005224                HAL_TIM_IC_CaptureCallback
 .text.HAL_TIM_PWM_PulseFinishedCallback
                0x08005238       0x14 ./Drivers/STM32G4xx_HAL_Driver/Src/stm32g4xx_hal_tim.o
                0x08005238                HAL_TIM_PWM_PulseFinishedCallback
 .text.HAL_TIM_TriggerCallback
                0x0800524c       0x14 ./Drivers/STM32G4xx_HAL_Driver/Src/stm32g4xx_hal_tim.o
                0x0800524c                HAL_TIM_TriggerCallback
 .text.TIM_Base_SetConfig
                0x08005260      0x138 ./Drivers/STM32G4xx_HAL_Driver/Src/stm32g4xx_hal_tim.o
                0x08005260                TIM_Base_SetConfig
 .text.TIM_OC1_SetConfig
                0x08005398      0x120 ./Drivers/STM32G4xx_HAL_Driver/Src/stm32g4xx_hal_tim.o
 .text.TIM_OC2_SetConfig
                0x080054b8      0x114 ./Drivers/STM32G4xx_HAL_Driver/Src/stm32g4xx_hal_tim.o
                0x080054b8                TIM_OC2_SetConfig
 .text.TIM_OC3_SetConfig
                0x080055cc      0x110 ./Drivers/STM32G4xx_HAL_Driver/Src/stm32g4xx_hal_tim.o
 .text.TIM_OC4_SetConfig
                0x080056dc      0x114 ./Drivers/STM32G4xx_HAL_Driver/Src/stm32g4xx_hal_tim.o
 .text.TIM_OC5_SetConfig
                0x080057f0       0xc8 ./Drivers/STM32G4xx_HAL_Driver/Src/stm32g4xx_hal_tim.o
 .text.TIM_OC6_SetConfig
                0x080058b8       0xcc ./Drivers/STM32G4xx_HAL_Driver/Src/stm32g4xx_hal_tim.o
 .text.TIM_TI1_ConfigInputStage
                0x08005984       0x5e ./Drivers/STM32G4xx_HAL_Driver/Src/stm32g4xx_hal_tim.o
 .text.TIM_TI2_ConfigInputStage
                0x080059e2       0x60 ./Drivers/STM32G4xx_HAL_Driver/Src/stm32g4xx_hal_tim.o
 .text.TIM_ITRx_SetConfig
                0x08005a42       0x3a ./Drivers/STM32G4xx_HAL_Driver/Src/stm32g4xx_hal_tim.o
 .text.TIM_ETR_SetConfig
                0x08005a7c       0x40 ./Drivers/STM32G4xx_HAL_Driver/Src/stm32g4xx_hal_tim.o
                0x08005a7c                TIM_ETR_SetConfig
 .text.TIM_CCxChannelCmd
                0x08005abc       0x4a ./Drivers/STM32G4xx_HAL_Driver/Src/stm32g4xx_hal_tim.o
                0x08005abc                TIM_CCxChannelCmd
 *fill*         0x08005b06        0x2 
 .text.HAL_TIMEx_PWMN_Start
                0x08005b08      0x168 ./Drivers/STM32G4xx_HAL_Driver/Src/stm32g4xx_hal_tim_ex.o
                0x08005b08                HAL_TIMEx_PWMN_Start
 .text.HAL_TIMEx_MasterConfigSynchronization
                0x08005c70      0x104 ./Drivers/STM32G4xx_HAL_Driver/Src/stm32g4xx_hal_tim_ex.o
                0x08005c70                HAL_TIMEx_MasterConfigSynchronization
 .text.HAL_TIMEx_ConfigBreakDeadTime
                0x08005d74      0x118 ./Drivers/STM32G4xx_HAL_Driver/Src/stm32g4xx_hal_tim_ex.o
                0x08005d74                HAL_TIMEx_ConfigBreakDeadTime
 .text.HAL_TIMEx_CommutCallback
                0x08005e8c       0x14 ./Drivers/STM32G4xx_HAL_Driver/Src/stm32g4xx_hal_tim_ex.o
                0x08005e8c                HAL_TIMEx_CommutCallback
 .text.HAL_TIMEx_BreakCallback
                0x08005ea0       0x14 ./Drivers/STM32G4xx_HAL_Driver/Src/stm32g4xx_hal_tim_ex.o
                0x08005ea0                HAL_TIMEx_BreakCallback
 .text.HAL_TIMEx_Break2Callback
                0x08005eb4       0x14 ./Drivers/STM32G4xx_HAL_Driver/Src/stm32g4xx_hal_tim_ex.o
                0x08005eb4                HAL_TIMEx_Break2Callback
 .text.HAL_TIMEx_EncoderIndexCallback
                0x08005ec8       0x14 ./Drivers/STM32G4xx_HAL_Driver/Src/stm32g4xx_hal_tim_ex.o
                0x08005ec8                HAL_TIMEx_EncoderIndexCallback
 .text.HAL_TIMEx_DirectionChangeCallback
                0x08005edc       0x14 ./Drivers/STM32G4xx_HAL_Driver/Src/stm32g4xx_hal_tim_ex.o
                0x08005edc                HAL_TIMEx_DirectionChangeCallback
 .text.HAL_TIMEx_IndexErrorCallback
                0x08005ef0       0x14 ./Drivers/STM32G4xx_HAL_Driver/Src/stm32g4xx_hal_tim_ex.o
                0x08005ef0                HAL_TIMEx_IndexErrorCallback
 .text.HAL_TIMEx_TransitionErrorCallback
                0x08005f04       0x14 ./Drivers/STM32G4xx_HAL_Driver/Src/stm32g4xx_hal_tim_ex.o
                0x08005f04                HAL_TIMEx_TransitionErrorCallback
 .text.TIM_CCxNChannelCmd
                0x08005f18       0x4a ./Drivers/STM32G4xx_HAL_Driver/Src/stm32g4xx_hal_tim_ex.o
 .text.Calculate_SVPWM_sector_from_index
                0x08005f62       0x4a ./foc_layer/angle_estimator.o
                0x08005f62                Calculate_SVPWM_sector_from_index
 .text._sqrt3_over_2
                0x08005fac       0x1c ./foc_layer/clarke_and_park.o
 .text.clarke_inverse
                0x08005fc8       0x96 ./foc_layer/clarke_and_park.o
                0x08005fc8                clarke_inverse
 .text.park_inverse
                0x0800605e       0x76 ./foc_layer/clarke_and_park.o
                0x0800605e                park_inverse
 .text.fabsf_fast
                0x080060d4       0x34 ./foc_layer/vabctoduty.o
 .text.apply_min_magnitude
                0x08006108       0x70 ./foc_layer/vabctoduty.o
 .text.clampf   0x08006178       0x52 ./foc_layer/vabctoduty.o
 *fill*         0x080061ca        0x2 
 .text.configure_vabc_to_duty_modulator
                0x080061cc       0x30 ./foc_layer/vabctoduty.o
                0x080061cc                configure_vabc_to_duty_modulator
 .text.run_vabc_to_duty_modulator
                0x080061fc      0x1cc ./foc_layer/vabctoduty.o
                0x080061fc                run_vabc_to_duty_modulator
 .text.configureSlowHardwareADC
                0x080063c8       0x50 ./hw_layer/hardware_adc.o
                0x080063c8                configureSlowHardwareADC
 .text.configureFastHardwareADC
                0x08006418       0x38 ./hw_layer/hardware_adc.o
                0x08006418                configureFastHardwareADC
 .text.ntc_temp
                0x08006450      0x178 ./hw_layer/hardware_adc.o
                0x08006450                ntc_temp
 .text.decodeSlowHardwareADC
                0x080065c8      0x150 ./hw_layer/hardware_adc.o
                0x080065c8                decodeSlowHardwareADC
 .text.HAL_ADC_ConvCpltCallback
                0x08006718       0x2c ./hw_layer/hardware_adc.o
                0x08006718                HAL_ADC_ConvCpltCallback
 .text.configureHardwareOpAmp
                0x08006744       0x38 ./hw_layer/hardware_opamp.o
                0x08006744                configureHardwareOpAmp
 .text.configureHardwarePWM
                0x0800677c       0xb4 ./hw_layer/hardware_pwm.o
                0x0800677c                configureHardwarePWM
 .text.runHardwarePWM
                0x08006830       0xd8 ./hw_layer/hardware_pwm.o
                0x08006830                runHardwarePWM
 .text.memset   0x08006908       0x10 C:/ST/STM32CubeIDE_1.16.0/STM32CubeIDE/plugins/com.st.stm32cube.ide.mcu.externaltools.gnu-tools-for-stm32.12.3.rel1.win32_1.0.200.202406191623/tools/bin/../lib/gcc/arm-none-eabi/12.3.1/../../../../arm-none-eabi/lib/thumb/v7e-m+fp/hard\libc_nano.a(libc_a-memset.o)
                0x08006908                memset
 .text.__libc_init_array
                0x08006918       0x48 C:/ST/STM32CubeIDE_1.16.0/STM32CubeIDE/plugins/com.st.stm32cube.ide.mcu.externaltools.gnu-tools-for-stm32.12.3.rel1.win32_1.0.200.202406191623/tools/bin/../lib/gcc/arm-none-eabi/12.3.1/../../../../arm-none-eabi/lib/thumb/v7e-m+fp/hard\libc_nano.a(libc_a-init.o)
                0x08006918                __libc_init_array
 *(.glue_7)
 .glue_7        0x08006960        0x0 linker stubs
 *(.glue_7t)
 .glue_7t       0x08006960        0x0 linker stubs
 *(.eh_frame)
 .eh_frame      0x08006960        0x0 C:/ST/STM32CubeIDE_1.16.0/STM32CubeIDE/plugins/com.st.stm32cube.ide.mcu.externaltools.gnu-tools-for-stm32.12.3.rel1.win32_1.0.200.202406191623/tools/bin/../lib/gcc/arm-none-eabi/12.3.1/thumb/v7e-m+fp/hard/crtbegin.o
 *(.init)
 .init          0x08006960        0x4 C:/ST/STM32CubeIDE_1.16.0/STM32CubeIDE/plugins/com.st.stm32cube.ide.mcu.externaltools.gnu-tools-for-stm32.12.3.rel1.win32_1.0.200.202406191623/tools/bin/../lib/gcc/arm-none-eabi/12.3.1/thumb/v7e-m+fp/hard/crti.o
                0x08006960                _init
 .init          0x08006964        0x8 C:/ST/STM32CubeIDE_1.16.0/STM32CubeIDE/plugins/com.st.stm32cube.ide.mcu.externaltools.gnu-tools-for-stm32.12.3.rel1.win32_1.0.200.202406191623/tools/bin/../lib/gcc/arm-none-eabi/12.3.1/thumb/v7e-m+fp/hard/crtn.o
 *(.fini)
 .fini          0x0800696c        0x4 C:/ST/STM32CubeIDE_1.16.0/STM32CubeIDE/plugins/com.st.stm32cube.ide.mcu.externaltools.gnu-tools-for-stm32.12.3.rel1.win32_1.0.200.202406191623/tools/bin/../lib/gcc/arm-none-eabi/12.3.1/thumb/v7e-m+fp/hard/crti.o
                0x0800696c                _fini
 .fini          0x08006970        0x8 C:/ST/STM32CubeIDE_1.16.0/STM32CubeIDE/plugins/com.st.stm32cube.ide.mcu.externaltools.gnu-tools-for-stm32.12.3.rel1.win32_1.0.200.202406191623/tools/bin/../lib/gcc/arm-none-eabi/12.3.1/thumb/v7e-m+fp/hard/crtn.o
                0x08006978                        . = ALIGN (0x4)
                0x08006978                        _etext = .

.vfp11_veneer   0x08006978        0x0
 .vfp11_veneer  0x08006978        0x0 linker stubs

.v4_bx          0x08006978        0x0
 .v4_bx         0x08006978        0x0 linker stubs

.iplt           0x08006978        0x0
 .iplt          0x08006978        0x0 C:/ST/STM32CubeIDE_1.16.0/STM32CubeIDE/plugins/com.st.stm32cube.ide.mcu.externaltools.gnu-tools-for-stm32.12.3.rel1.win32_1.0.200.202406191623/tools/bin/../lib/gcc/arm-none-eabi/12.3.1/thumb/v7e-m+fp/hard/crtbegin.o

.rodata         0x08006978       0x40
                0x08006978                        . = ALIGN (0x4)
 *(.rodata)
 *(.rodata*)
 .rodata.AHBPrescTable
                0x08006978       0x10 ./Core/Src/system_stm32g4xx.o
                0x08006978                AHBPrescTable
 .rodata.adc_lut.1
                0x08006988       0x20 ./hw_layer/hardware_adc.o
 .rodata.temp_lut.0
                0x080069a8       0x10 ./hw_layer/hardware_adc.o
                0x080069b8                        . = ALIGN (0x4)

.ARM.extab      0x080069b8        0x0
                0x080069b8                        . = ALIGN (0x4)
 *(.ARM.extab* .gnu.linkonce.armextab.*)
                0x080069b8                        . = ALIGN (0x4)

.ARM            0x080069b8        0x0
                0x080069b8                        . = ALIGN (0x4)
                0x080069b8                        __exidx_start = .
 *(.ARM.exidx*)
                0x080069b8                        __exidx_end = .
                0x080069b8                        . = ALIGN (0x4)

.preinit_array  0x080069b8        0x0
                0x080069b8                        . = ALIGN (0x4)
                0x080069b8                        PROVIDE (__preinit_array_start = .)
 *(.preinit_array*)
                0x080069b8                        PROVIDE (__preinit_array_end = .)
                0x080069b8                        . = ALIGN (0x4)

.init_array     0x080069b8        0x4
                0x080069b8                        . = ALIGN (0x4)
                0x080069b8                        PROVIDE (__init_array_start = .)
 *(SORT_BY_NAME(.init_array.*))
 *(.init_array*)
 .init_array    0x080069b8        0x4 C:/ST/STM32CubeIDE_1.16.0/STM32CubeIDE/plugins/com.st.stm32cube.ide.mcu.externaltools.gnu-tools-for-stm32.12.3.rel1.win32_1.0.200.202406191623/tools/bin/../lib/gcc/arm-none-eabi/12.3.1/thumb/v7e-m+fp/hard/crtbegin.o
                0x080069bc                        PROVIDE (__init_array_end = .)
                0x080069bc                        . = ALIGN (0x4)

.fini_array     0x080069bc        0x4
                0x080069bc                        . = ALIGN (0x4)
                [!provide]                        PROVIDE (__fini_array_start = .)
 *(SORT_BY_NAME(.fini_array.*))
 *(.fini_array*)
 .fini_array    0x080069bc        0x4 C:/ST/STM32CubeIDE_1.16.0/STM32CubeIDE/plugins/com.st.stm32cube.ide.mcu.externaltools.gnu-tools-for-stm32.12.3.rel1.win32_1.0.200.202406191623/tools/bin/../lib/gcc/arm-none-eabi/12.3.1/thumb/v7e-m+fp/hard/crtbegin.o
                [!provide]                        PROVIDE (__fini_array_end = .)
                0x080069c0                        . = ALIGN (0x4)
                0x080069c0                        _sidata = LOADADDR (.data)

.rel.dyn        0x080069c0        0x0
 .rel.iplt      0x080069c0        0x0 C:/ST/STM32CubeIDE_1.16.0/STM32CubeIDE/plugins/com.st.stm32cube.ide.mcu.externaltools.gnu-tools-for-stm32.12.3.rel1.win32_1.0.200.202406191623/tools/bin/../lib/gcc/arm-none-eabi/12.3.1/thumb/v7e-m+fp/hard/crtbegin.o

.data           0x20000000      0x81c load address 0x080069c0
                0x20000000                        . = ALIGN (0x4)
                0x20000000                        _sdata = .
 *(.data)
 *(.data*)
 .data.superloop_delay_ms
                0x20000000        0x4 ./Core/Src/main.o
                0x20000000                superloop_delay_ms
 .data.vdq0     0x20000004        0xc ./Core/Src/stm32g4xx_it.o
                0x20000004                vdq0
 .data.SystemCoreClock
                0x20000010        0x4 ./Core/Src/system_stm32g4xx.o
                0x20000010                SystemCoreClock
 .data.uwTickPrio
                0x20000014        0x4 ./Drivers/STM32G4xx_HAL_Driver/Src/stm32g4xx_hal.o
                0x20000014                uwTickPrio
 .data.uwTickFreq
                0x20000018        0x4 ./Drivers/STM32G4xx_HAL_Driver/Src/stm32g4xx_hal.o
                0x20000018                uwTickFreq
 .data.sineWave
                0x2000001c      0x400 ./foc_layer/angle_estimator.o
                0x2000001c                sineWave
 .data.cosineWave
                0x2000041c      0x400 ./foc_layer/angle_estimator.o
                0x2000041c                cosineWave
 *(.RamFunc)
 *(.RamFunc*)
                0x2000081c                        . = ALIGN (0x4)
                0x2000081c                        _edata = .

.igot.plt       0x2000081c        0x0 load address 0x080071dc
 .igot.plt      0x2000081c        0x0 C:/ST/STM32CubeIDE_1.16.0/STM32CubeIDE/plugins/com.st.stm32cube.ide.mcu.externaltools.gnu-tools-for-stm32.12.3.rel1.win32_1.0.200.202406191623/tools/bin/../lib/gcc/arm-none-eabi/12.3.1/thumb/v7e-m+fp/hard/crtbegin.o
                0x2000081c                        . = ALIGN (0x4)

.bss            0x2000081c      0x38c load address 0x080071dc
                0x2000081c                        _sbss = .
                0x2000081c                        __bss_start__ = _sbss
 *(.bss)
 .bss           0x2000081c       0x1c C:/ST/STM32CubeIDE_1.16.0/STM32CubeIDE/plugins/com.st.stm32cube.ide.mcu.externaltools.gnu-tools-for-stm32.12.3.rel1.win32_1.0.200.202406191623/tools/bin/../lib/gcc/arm-none-eabi/12.3.1/thumb/v7e-m+fp/hard/crtbegin.o
 *(.bss*)
 .bss.hadc1     0x20000838       0x6c ./Core/Src/adc.o
                0x20000838                hadc1
 .bss.hadc2     0x200008a4       0x6c ./Core/Src/adc.o
                0x200008a4                hadc2
 .bss.hdma_adc1
                0x20000910       0x60 ./Core/Src/adc.o
                0x20000910                hdma_adc1
 .bss.hdma_adc2
                0x20000970       0x60 ./Core/Src/adc.o
                0x20000970                hdma_adc2
 .bss.HAL_RCC_ADC12_CLK_ENABLED
                0x200009d0        0x4 ./Core/Src/adc.o
 .bss.hopamp1   0x200009d4       0x3c ./Core/Src/opamp.o
                0x200009d4                hopamp1
 .bss.hopamp2   0x20000a10       0x3c ./Core/Src/opamp.o
                0x20000a10                hopamp2
 .bss.hopamp3   0x20000a4c       0x3c ./Core/Src/opamp.o
                0x20000a4c                hopamp3
 .bss.vabc      0x20000a88        0xc ./Core/Src/stm32g4xx_it.o
                0x20000a88                vabc
 .bss.valphabeta
                0x20000a94        0xc ./Core/Src/stm32g4xx_it.o
                0x20000a94                valphabeta
 .bss.htim1     0x20000aa0       0x4c ./Core/Src/tim.o
                0x20000aa0                htim1
 .bss.htim15    0x20000aec       0x4c ./Core/Src/tim.o
                0x20000aec                htim15
 .bss.uwTick    0x20000b38        0x4 ./Drivers/STM32G4xx_HAL_Driver/Src/stm32g4xx_hal.o
                0x20000b38                uwTick
 .bss.sin_index
                0x20000b3c        0x1 ./foc_layer/angle_estimator.o
                0x20000b3c                sin_index
 .bss.cos_index
                0x20000b3d        0x1 ./foc_layer/angle_estimator.o
                0x20000b3d                cos_index
 .bss.sector    0x20000b3e        0x1 ./foc_layer/angle_estimator.o
                0x20000b3e                sector
 *fill*         0x20000b3f        0x1 
 .bss.s_cfg     0x20000b40        0xc ./foc_layer/vabctoduty.o
 .bss._slow_hadc
                0x20000b4c        0x4 ./hw_layer/hardware_adc.o
                0x20000b4c                _slow_hadc
 .bss._slow_adc_trigger_htim
                0x20000b50        0x4 ./hw_layer/hardware_adc.o
                0x20000b50                _slow_adc_trigger_htim
 .bss._fast_hadc
                0x20000b54        0x4 ./hw_layer/hardware_adc.o
                0x20000b54                _fast_hadc
 .bss.slow_adc_buffer
                0x20000b58       0x14 ./hw_layer/hardware_adc.o
                0x20000b58                slow_adc_buffer
 .bss.fastadc_buffer
                0x20000b6c        0x8 ./hw_layer/hardware_adc.o
                0x20000b6c                fastadc_buffer
 .bss.adc_variables
                0x20000b74       0x14 ./hw_layer/hardware_adc.o
                0x20000b74                adc_variables
 .bss._pwm_htim
                0x20000b88        0x4 ./hw_layer/hardware_pwm.o
                0x20000b88                _pwm_htim
 .bss._channel1
                0x20000b8c        0x1 ./hw_layer/hardware_pwm.o
                0x20000b8c                _channel1
 .bss._channel2
                0x20000b8d        0x1 ./hw_layer/hardware_pwm.o
                0x20000b8d                _channel2
 .bss._channel3
                0x20000b8e        0x1 ./hw_layer/hardware_pwm.o
                0x20000b8e                _channel3
 *fill*         0x20000b8f        0x1 
 .bss.pwm_duty_cycles
                0x20000b90        0xc ./hw_layer/hardware_pwm.o
                0x20000b90                pwm_duty_cycles
 .bss.pwm_registers
                0x20000b9c        0xc ./hw_layer/hardware_pwm.o
                0x20000b9c                pwm_registers
 *(COMMON)
                0x20000ba8                        . = ALIGN (0x4)
                0x20000ba8                        _ebss = .
                0x20000ba8                        __bss_end__ = _ebss

._user_heap_stack
                0x20000ba8      0x600 load address 0x080071dc
                0x20000ba8                        . = ALIGN (0x8)
                [!provide]                        PROVIDE (end = .)
                0x20000ba8                        PROVIDE (_end = .)
                0x20000da8                        . = (. + _Min_Heap_Size)
 *fill*         0x20000ba8      0x200 
                0x200011a8                        . = (. + _Min_Stack_Size)
 *fill*         0x20000da8      0x400 
                0x200011a8                        . = ALIGN (0x8)

/DISCARD/
 libc.a(*)
 libm.a(*)
 libgcc.a(*)

.ARM.attributes
                0x00000000       0x30
 *(.ARM.attributes)
 .ARM.attributes
                0x00000000       0x22 C:/ST/STM32CubeIDE_1.16.0/STM32CubeIDE/plugins/com.st.stm32cube.ide.mcu.externaltools.gnu-tools-for-stm32.12.3.rel1.win32_1.0.200.202406191623/tools/bin/../lib/gcc/arm-none-eabi/12.3.1/thumb/v7e-m+fp/hard/crti.o
 .ARM.attributes
                0x00000022       0x34 C:/ST/STM32CubeIDE_1.16.0/STM32CubeIDE/plugins/com.st.stm32cube.ide.mcu.externaltools.gnu-tools-for-stm32.12.3.rel1.win32_1.0.200.202406191623/tools/bin/../lib/gcc/arm-none-eabi/12.3.1/thumb/v7e-m+fp/hard/crtbegin.o
 .ARM.attributes
                0x00000056       0x34 ./Core/Src/adc.o
 .ARM.attributes
                0x0000008a       0x34 ./Core/Src/dma.o
 .ARM.attributes
                0x000000be       0x34 ./Core/Src/gpio.o
 .ARM.attributes
                0x000000f2       0x34 ./Core/Src/main.o
 .ARM.attributes
                0x00000126       0x34 ./Core/Src/opamp.o
 .ARM.attributes
                0x0000015a       0x34 ./Core/Src/stm32g4xx_hal_msp.o
 .ARM.attributes
                0x0000018e       0x34 ./Core/Src/stm32g4xx_it.o
 .ARM.attributes
                0x000001c2       0x34 ./Core/Src/system_stm32g4xx.o
 .ARM.attributes
                0x000001f6       0x34 ./Core/Src/tim.o
 .ARM.attributes
                0x0000022a       0x21 ./Core/Startup/startup_stm32g431c8ux.o
 .ARM.attributes
                0x0000024b       0x34 ./Drivers/STM32G4xx_HAL_Driver/Src/stm32g4xx_hal.o
 .ARM.attributes
                0x0000027f       0x34 ./Drivers/STM32G4xx_HAL_Driver/Src/stm32g4xx_hal_adc.o
 .ARM.attributes
                0x000002b3       0x34 ./Drivers/STM32G4xx_HAL_Driver/Src/stm32g4xx_hal_adc_ex.o
 .ARM.attributes
                0x000002e7       0x34 ./Drivers/STM32G4xx_HAL_Driver/Src/stm32g4xx_hal_cortex.o
 .ARM.attributes
                0x0000031b       0x34 ./Drivers/STM32G4xx_HAL_Driver/Src/stm32g4xx_hal_dma.o
 .ARM.attributes
                0x0000034f       0x34 ./Drivers/STM32G4xx_HAL_Driver/Src/stm32g4xx_hal_gpio.o
 .ARM.attributes
                0x00000383       0x34 ./Drivers/STM32G4xx_HAL_Driver/Src/stm32g4xx_hal_opamp.o
 .ARM.attributes
                0x000003b7       0x34 ./Drivers/STM32G4xx_HAL_Driver/Src/stm32g4xx_hal_pwr_ex.o
 .ARM.attributes
                0x000003eb       0x34 ./Drivers/STM32G4xx_HAL_Driver/Src/stm32g4xx_hal_rcc.o
 .ARM.attributes
                0x0000041f       0x34 ./Drivers/STM32G4xx_HAL_Driver/Src/stm32g4xx_hal_rcc_ex.o
 .ARM.attributes
                0x00000453       0x34 ./Drivers/STM32G4xx_HAL_Driver/Src/stm32g4xx_hal_tim.o
 .ARM.attributes
                0x00000487       0x34 ./Drivers/STM32G4xx_HAL_Driver/Src/stm32g4xx_hal_tim_ex.o
 .ARM.attributes
                0x000004bb       0x34 ./foc_layer/angle_estimator.o
 .ARM.attributes
                0x000004ef       0x34 ./foc_layer/clarke_and_park.o
 .ARM.attributes
                0x00000523       0x34 ./foc_layer/vabctoduty.o
 .ARM.attributes
                0x00000557       0x34 ./hw_layer/hardware_adc.o
 .ARM.attributes
                0x0000058b       0x34 ./hw_layer/hardware_opamp.o
 .ARM.attributes
                0x000005bf       0x34 ./hw_layer/hardware_pwm.o
 .ARM.attributes
                0x000005f3       0x34 C:/ST/STM32CubeIDE_1.16.0/STM32CubeIDE/plugins/com.st.stm32cube.ide.mcu.externaltools.gnu-tools-for-stm32.12.3.rel1.win32_1.0.200.202406191623/tools/bin/../lib/gcc/arm-none-eabi/12.3.1/../../../../arm-none-eabi/lib/thumb/v7e-m+fp/hard\libc_nano.a(libc_a-memset.o)
 .ARM.attributes
                0x00000627       0x34 C:/ST/STM32CubeIDE_1.16.0/STM32CubeIDE/plugins/com.st.stm32cube.ide.mcu.externaltools.gnu-tools-for-stm32.12.3.rel1.win32_1.0.200.202406191623/tools/bin/../lib/gcc/arm-none-eabi/12.3.1/../../../../arm-none-eabi/lib/thumb/v7e-m+fp/hard\libc_nano.a(libc_a-init.o)
 .ARM.attributes
                0x0000065b       0x22 C:/ST/STM32CubeIDE_1.16.0/STM32CubeIDE/plugins/com.st.stm32cube.ide.mcu.externaltools.gnu-tools-for-stm32.12.3.rel1.win32_1.0.200.202406191623/tools/bin/../lib/gcc/arm-none-eabi/12.3.1/thumb/v7e-m+fp/hard/crtn.o
OUTPUT(javiFOC.elf elf32-littlearm)
LOAD linker stubs
LOAD C:/ST/STM32CubeIDE_1.16.0/STM32CubeIDE/plugins/com.st.stm32cube.ide.mcu.externaltools.gnu-tools-for-stm32.12.3.rel1.win32_1.0.200.202406191623/tools/bin/../lib/gcc/arm-none-eabi/12.3.1/../../../../arm-none-eabi/lib/thumb/v7e-m+fp/hard\libc.a
LOAD C:/ST/STM32CubeIDE_1.16.0/STM32CubeIDE/plugins/com.st.stm32cube.ide.mcu.externaltools.gnu-tools-for-stm32.12.3.rel1.win32_1.0.200.202406191623/tools/bin/../lib/gcc/arm-none-eabi/12.3.1/../../../../arm-none-eabi/lib/thumb/v7e-m+fp/hard\libm.a
LOAD C:/ST/STM32CubeIDE_1.16.0/STM32CubeIDE/plugins/com.st.stm32cube.ide.mcu.externaltools.gnu-tools-for-stm32.12.3.rel1.win32_1.0.200.202406191623/tools/bin/../lib/gcc/arm-none-eabi/12.3.1/thumb/v7e-m+fp/hard\libgcc.a

.debug_info     0x00000000    0x15539
 .debug_info    0x00000000      0xfec ./Core/Src/adc.o
 .debug_info    0x00000fec      0x4f2 ./Core/Src/dma.o
 .debug_info    0x000014de      0x47f ./Core/Src/gpio.o
 .debug_info    0x0000195d     0x11dc ./Core/Src/main.o
 .debug_info    0x00002b39      0x720 ./Core/Src/opamp.o
 .debug_info    0x00003259      0x2da ./Core/Src/stm32g4xx_hal_msp.o
 .debug_info    0x00003533      0xc9c ./Core/Src/stm32g4xx_it.o
 .debug_info    0x000041cf      0x58e ./Core/Src/system_stm32g4xx.o
 .debug_info    0x0000475d     0x11ef ./Core/Src/tim.o
 .debug_info    0x0000594c       0x30 ./Core/Startup/startup_stm32g431c8ux.o
 .debug_info    0x0000597c      0xadb ./Drivers/STM32G4xx_HAL_Driver/Src/stm32g4xx_hal.o
 .debug_info    0x00006457     0x2063 ./Drivers/STM32G4xx_HAL_Driver/Src/stm32g4xx_hal_adc.o
 .debug_info    0x000084ba     0x1d80 ./Drivers/STM32G4xx_HAL_Driver/Src/stm32g4xx_hal_adc_ex.o
 .debug_info    0x0000a23a      0xd3f ./Drivers/STM32G4xx_HAL_Driver/Src/stm32g4xx_hal_cortex.o
 .debug_info    0x0000af79      0x85f ./Drivers/STM32G4xx_HAL_Driver/Src/stm32g4xx_hal_dma.o
 .debug_info    0x0000b7d8      0x763 ./Drivers/STM32G4xx_HAL_Driver/Src/stm32g4xx_hal_gpio.o
 .debug_info    0x0000bf3b      0x76a ./Drivers/STM32G4xx_HAL_Driver/Src/stm32g4xx_hal_opamp.o
 .debug_info    0x0000c6a5      0x93f ./Drivers/STM32G4xx_HAL_Driver/Src/stm32g4xx_hal_pwr_ex.o
 .debug_info    0x0000cfe4      0xb82 ./Drivers/STM32G4xx_HAL_Driver/Src/stm32g4xx_hal_rcc.o
 .debug_info    0x0000db66      0xc15 ./Drivers/STM32G4xx_HAL_Driver/Src/stm32g4xx_hal_rcc_ex.o
 .debug_info    0x0000e77b     0x2c52 ./Drivers/STM32G4xx_HAL_Driver/Src/stm32g4xx_hal_tim.o
 .debug_info    0x000113cd     0x1d95 ./Drivers/STM32G4xx_HAL_Driver/Src/stm32g4xx_hal_tim_ex.o
 .debug_info    0x00013162      0x145 ./foc_layer/angle_estimator.o
 .debug_info    0x000132a7      0x2bc ./foc_layer/clarke_and_park.o
 .debug_info    0x00013563      0x277 ./foc_layer/vabctoduty.o
 .debug_info    0x000137da     0x10b1 ./hw_layer/hardware_adc.o
 .debug_info    0x0001488b      0x309 ./hw_layer/hardware_opamp.o
 .debug_info    0x00014b94      0x9a5 ./hw_layer/hardware_pwm.o

.debug_abbrev   0x00000000     0x3574
 .debug_abbrev  0x00000000      0x246 ./Core/Src/adc.o
 .debug_abbrev  0x00000246      0x109 ./Core/Src/dma.o
 .debug_abbrev  0x0000034f      0x152 ./Core/Src/gpio.o
 .debug_abbrev  0x000004a1      0x2a8 ./Core/Src/main.o
 .debug_abbrev  0x00000749      0x1d5 ./Core/Src/opamp.o
 .debug_abbrev  0x0000091e       0xd9 ./Core/Src/stm32g4xx_hal_msp.o
 .debug_abbrev  0x000009f7      0x21c ./Core/Src/stm32g4xx_it.o
 .debug_abbrev  0x00000c13      0x11a ./Core/Src/system_stm32g4xx.o
 .debug_abbrev  0x00000d2d      0x244 ./Core/Src/tim.o
 .debug_abbrev  0x00000f71       0x24 ./Core/Startup/startup_stm32g431c8ux.o
 .debug_abbrev  0x00000f95      0x271 ./Drivers/STM32G4xx_HAL_Driver/Src/stm32g4xx_hal.o
 .debug_abbrev  0x00001206      0x2d3 ./Drivers/STM32G4xx_HAL_Driver/Src/stm32g4xx_hal_adc.o
 .debug_abbrev  0x000014d9      0x2ee ./Drivers/STM32G4xx_HAL_Driver/Src/stm32g4xx_hal_adc_ex.o
 .debug_abbrev  0x000017c7      0x31c ./Drivers/STM32G4xx_HAL_Driver/Src/stm32g4xx_hal_cortex.o
 .debug_abbrev  0x00001ae3      0x1e2 ./Drivers/STM32G4xx_HAL_Driver/Src/stm32g4xx_hal_dma.o
 .debug_abbrev  0x00001cc5      0x1cb ./Drivers/STM32G4xx_HAL_Driver/Src/stm32g4xx_hal_gpio.o
 .debug_abbrev  0x00001e90      0x1a6 ./Drivers/STM32G4xx_HAL_Driver/Src/stm32g4xx_hal_opamp.o
 .debug_abbrev  0x00002036      0x22c ./Drivers/STM32G4xx_HAL_Driver/Src/stm32g4xx_hal_pwr_ex.o
 .debug_abbrev  0x00002262      0x2c9 ./Drivers/STM32G4xx_HAL_Driver/Src/stm32g4xx_hal_rcc.o
 .debug_abbrev  0x0000252b      0x258 ./Drivers/STM32G4xx_HAL_Driver/Src/stm32g4xx_hal_rcc_ex.o
 .debug_abbrev  0x00002783      0x2a7 ./Drivers/STM32G4xx_HAL_Driver/Src/stm32g4xx_hal_tim.o
 .debug_abbrev  0x00002a2a      0x2c5 ./Drivers/STM32G4xx_HAL_Driver/Src/stm32g4xx_hal_tim_ex.o
 .debug_abbrev  0x00002cef       0x9d ./foc_layer/angle_estimator.o
 .debug_abbrev  0x00002d8c       0xf5 ./foc_layer/clarke_and_park.o
 .debug_abbrev  0x00002e81      0x146 ./foc_layer/vabctoduty.o
 .debug_abbrev  0x00002fc7      0x286 ./hw_layer/hardware_adc.o
 .debug_abbrev  0x0000324d      0x12e ./hw_layer/hardware_opamp.o
 .debug_abbrev  0x0000337b      0x1f9 ./hw_layer/hardware_pwm.o

.debug_aranges  0x00000000     0x13c0
 .debug_aranges
                0x00000000       0x38 ./Core/Src/adc.o
 .debug_aranges
                0x00000038       0x20 ./Core/Src/dma.o
 .debug_aranges
                0x00000058       0x20 ./Core/Src/gpio.o
 .debug_aranges
                0x00000078       0x30 ./Core/Src/main.o
 .debug_aranges
                0x000000a8       0x40 ./Core/Src/opamp.o
 .debug_aranges
                0x000000e8       0x20 ./Core/Src/stm32g4xx_hal_msp.o
 .debug_aranges
                0x00000108       0x78 ./Core/Src/stm32g4xx_it.o
 .debug_aranges
                0x00000180       0x28 ./Core/Src/system_stm32g4xx.o
 .debug_aranges
                0x000001a8       0x40 ./Core/Src/tim.o
 .debug_aranges
                0x000001e8       0x28 ./Core/Startup/startup_stm32g431c8ux.o
 .debug_aranges
                0x00000210      0x148 ./Drivers/STM32G4xx_HAL_Driver/Src/stm32g4xx_hal.o
 .debug_aranges
                0x00000358      0x248 ./Drivers/STM32G4xx_HAL_Driver/Src/stm32g4xx_hal_adc.o
 .debug_aranges
                0x000005a0      0x1c0 ./Drivers/STM32G4xx_HAL_Driver/Src/stm32g4xx_hal_adc_ex.o
 .debug_aranges
                0x00000760      0x128 ./Drivers/STM32G4xx_HAL_Driver/Src/stm32g4xx_hal_cortex.o
 .debug_aranges
                0x00000888       0x90 ./Drivers/STM32G4xx_HAL_Driver/Src/stm32g4xx_hal_dma.o
 .debug_aranges
                0x00000918       0x58 ./Drivers/STM32G4xx_HAL_Driver/Src/stm32g4xx_hal_gpio.o
 .debug_aranges
                0x00000970       0x70 ./Drivers/STM32G4xx_HAL_Driver/Src/stm32g4xx_hal_opamp.o
 .debug_aranges
                0x000009e0      0x140 ./Drivers/STM32G4xx_HAL_Driver/Src/stm32g4xx_hal_pwr_ex.o
 .debug_aranges
                0x00000b20       0x98 ./Drivers/STM32G4xx_HAL_Driver/Src/stm32g4xx_hal_rcc.o
 .debug_aranges
                0x00000bb8       0xb0 ./Drivers/STM32G4xx_HAL_Driver/Src/stm32g4xx_hal_rcc_ex.o
 .debug_aranges
                0x00000c68      0x3e0 ./Drivers/STM32G4xx_HAL_Driver/Src/stm32g4xx_hal_tim.o
 .debug_aranges
                0x00001048      0x240 ./Drivers/STM32G4xx_HAL_Driver/Src/stm32g4xx_hal_tim_ex.o
 .debug_aranges
                0x00001288       0x20 ./foc_layer/angle_estimator.o
 .debug_aranges
                0x000012a8       0x50 ./foc_layer/clarke_and_park.o
 .debug_aranges
                0x000012f8       0x40 ./foc_layer/vabctoduty.o
 .debug_aranges
                0x00001338       0x40 ./hw_layer/hardware_adc.o
 .debug_aranges
                0x00001378       0x20 ./hw_layer/hardware_opamp.o
 .debug_aranges
                0x00001398       0x28 ./hw_layer/hardware_pwm.o

.debug_rnglists
                0x00000000      0xf01
 .debug_rnglists
                0x00000000       0x29 ./Core/Src/adc.o
 .debug_rnglists
                0x00000029       0x13 ./Core/Src/dma.o
 .debug_rnglists
                0x0000003c       0x14 ./Core/Src/gpio.o
 .debug_rnglists
                0x00000050       0x21 ./Core/Src/main.o
 .debug_rnglists
                0x00000071       0x2c ./Core/Src/opamp.o
 .debug_rnglists
                0x0000009d       0x13 ./Core/Src/stm32g4xx_hal_msp.o
 .debug_rnglists
                0x000000b0       0x56 ./Core/Src/stm32g4xx_it.o
 .debug_rnglists
                0x00000106       0x1a ./Core/Src/system_stm32g4xx.o
 .debug_rnglists
                0x00000120       0x2e ./Core/Src/tim.o
 .debug_rnglists
                0x0000014e       0x19 ./Core/Startup/startup_stm32g431c8ux.o
 .debug_rnglists
                0x00000167       0xf1 ./Drivers/STM32G4xx_HAL_Driver/Src/stm32g4xx_hal.o
 .debug_rnglists
                0x00000258      0x1c0 ./Drivers/STM32G4xx_HAL_Driver/Src/stm32g4xx_hal_adc.o
 .debug_rnglists
                0x00000418      0x15a ./Drivers/STM32G4xx_HAL_Driver/Src/stm32g4xx_hal_adc_ex.o
 .debug_rnglists
                0x00000572       0xda ./Drivers/STM32G4xx_HAL_Driver/Src/stm32g4xx_hal_cortex.o
 .debug_rnglists
                0x0000064c       0x71 ./Drivers/STM32G4xx_HAL_Driver/Src/stm32g4xx_hal_dma.o
 .debug_rnglists
                0x000006bd       0x3f ./Drivers/STM32G4xx_HAL_Driver/Src/stm32g4xx_hal_gpio.o
 .debug_rnglists
                0x000006fc       0x52 ./Drivers/STM32G4xx_HAL_Driver/Src/stm32g4xx_hal_opamp.o
 .debug_rnglists
                0x0000074e       0xf1 ./Drivers/STM32G4xx_HAL_Driver/Src/stm32g4xx_hal_pwr_ex.o
 .debug_rnglists
                0x0000083f       0x74 ./Drivers/STM32G4xx_HAL_Driver/Src/stm32g4xx_hal_rcc.o
 .debug_rnglists
                0x000008b3       0x87 ./Drivers/STM32G4xx_HAL_Driver/Src/stm32g4xx_hal_rcc_ex.o
 .debug_rnglists
                0x0000093a      0x328 ./Drivers/STM32G4xx_HAL_Driver/Src/stm32g4xx_hal_tim.o
 .debug_rnglists
                0x00000c62      0x1cc ./Drivers/STM32G4xx_HAL_Driver/Src/stm32g4xx_hal_tim_ex.o
 .debug_rnglists
                0x00000e2e       0x13 ./foc_layer/angle_estimator.o
 .debug_rnglists
                0x00000e41       0x39 ./foc_layer/clarke_and_park.o
 .debug_rnglists
                0x00000e7a       0x2c ./foc_layer/vabctoduty.o
 .debug_rnglists
                0x00000ea6       0x2d ./hw_layer/hardware_adc.o
 .debug_rnglists
                0x00000ed3       0x13 ./hw_layer/hardware_opamp.o
 .debug_rnglists
                0x00000ee6       0x1b ./hw_layer/hardware_pwm.o

.debug_macro    0x00000000    0x20a51
 .debug_macro   0x00000000      0x20b ./Core/Src/adc.o
 .debug_macro   0x0000020b      0xab4 ./Core/Src/adc.o
 .debug_macro   0x00000cbf      0x161 ./Core/Src/adc.o
 .debug_macro   0x00000e20       0x2e ./Core/Src/adc.o
 .debug_macro   0x00000e4e       0x28 ./Core/Src/adc.o
 .debug_macro   0x00000e76       0x22 ./Core/Src/adc.o
 .debug_macro   0x00000e98       0x8e ./Core/Src/adc.o
 .debug_macro   0x00000f26       0x51 ./Core/Src/adc.o
 .debug_macro   0x00000f77      0x103 ./Core/Src/adc.o
 .debug_macro   0x0000107a       0x6a ./Core/Src/adc.o
 .debug_macro   0x000010e4      0x1df ./Core/Src/adc.o
 .debug_macro   0x000012c3       0x1c ./Core/Src/adc.o
 .debug_macro   0x000012df       0x22 ./Core/Src/adc.o
 .debug_macro   0x00001301       0xfb ./Core/Src/adc.o
 .debug_macro   0x000013fc     0x1011 ./Core/Src/adc.o
 .debug_macro   0x0000240d      0x11f ./Core/Src/adc.o
 .debug_macro   0x0000252c    0x1138f ./Core/Src/adc.o
 .debug_macro   0x000138bb       0x6d ./Core/Src/adc.o
 .debug_macro   0x00013928     0x3558 ./Core/Src/adc.o
 .debug_macro   0x00016e80      0x189 ./Core/Src/adc.o
 .debug_macro   0x00017009       0x5c ./Core/Src/adc.o
 .debug_macro   0x00017065     0x141d ./Core/Src/adc.o
 .debug_macro   0x00018482      0x535 ./Core/Src/adc.o
 .debug_macro   0x000189b7      0x1b6 ./Core/Src/adc.o
 .debug_macro   0x00018b6d      0x288 ./Core/Src/adc.o
 .debug_macro   0x00018df5      0x41d ./Core/Src/adc.o
 .debug_macro   0x00019212      0x18b ./Core/Src/adc.o
 .debug_macro   0x0001939d       0x43 ./Core/Src/adc.o
 .debug_macro   0x000193e0      0x23d ./Core/Src/adc.o
 .debug_macro   0x0001961d     0x1112 ./Core/Src/adc.o
 .debug_macro   0x0001a72f      0x72e ./Core/Src/adc.o
 .debug_macro   0x0001ae5d      0x391 ./Core/Src/adc.o
 .debug_macro   0x0001b1ee      0x211 ./Core/Src/adc.o
 .debug_macro   0x0001b3ff      0x401 ./Core/Src/adc.o
 .debug_macro   0x0001b800      0x107 ./Core/Src/adc.o
 .debug_macro   0x0001b907      0x1ae ./Core/Src/adc.o
 .debug_macro   0x0001bab5      0x122 ./Core/Src/adc.o
 .debug_macro   0x0001bbd7      0x3d1 ./Core/Src/adc.o
 .debug_macro   0x0001bfa8      0xbda ./Core/Src/adc.o
 .debug_macro   0x0001cb82      0x47e ./Core/Src/adc.o
 .debug_macro   0x0001d000      0x306 ./Core/Src/adc.o
 .debug_macro   0x0001d306       0x52 ./Core/Src/adc.o
 .debug_macro   0x0001d358      0x20b ./Core/Src/dma.o
 .debug_macro   0x0001d563      0x20b ./Core/Src/gpio.o
 .debug_macro   0x0001d76e      0x273 ./Core/Src/main.o
 .debug_macro   0x0001d9e1      0x20b ./Core/Src/opamp.o
 .debug_macro   0x0001dbec      0x201 ./Core/Src/stm32g4xx_hal_msp.o
 .debug_macro   0x0001dded      0x259 ./Core/Src/stm32g4xx_it.o
 .debug_macro   0x0001e046      0x1f2 ./Core/Src/system_stm32g4xx.o
 .debug_macro   0x0001e238      0x20b ./Core/Src/tim.o
 .debug_macro   0x0001e443      0x240 ./Drivers/STM32G4xx_HAL_Driver/Src/stm32g4xx_hal.o
 .debug_macro   0x0001e683      0x20f ./Drivers/STM32G4xx_HAL_Driver/Src/stm32g4xx_hal_adc.o
 .debug_macro   0x0001e892      0x1fe ./Drivers/STM32G4xx_HAL_Driver/Src/stm32g4xx_hal_adc_ex.o
 .debug_macro   0x0001ea90      0x1f2 ./Drivers/STM32G4xx_HAL_Driver/Src/stm32g4xx_hal_cortex.o
 .debug_macro   0x0001ec82      0x1f2 ./Drivers/STM32G4xx_HAL_Driver/Src/stm32g4xx_hal_dma.o
 .debug_macro   0x0001ee74      0x1f9 ./Drivers/STM32G4xx_HAL_Driver/Src/stm32g4xx_hal_gpio.o
 .debug_macro   0x0001f06d      0x20f ./Drivers/STM32G4xx_HAL_Driver/Src/stm32g4xx_hal_opamp.o
 .debug_macro   0x0001f27c      0x21c ./Drivers/STM32G4xx_HAL_Driver/Src/stm32g4xx_hal_pwr_ex.o
 .debug_macro   0x0001f498      0x234 ./Drivers/STM32G4xx_HAL_Driver/Src/stm32g4xx_hal_rcc.o
 .debug_macro   0x0001f6cc      0x21c ./Drivers/STM32G4xx_HAL_Driver/Src/stm32g4xx_hal_rcc_ex.o
 .debug_macro   0x0001f8e8      0x1fa ./Drivers/STM32G4xx_HAL_Driver/Src/stm32g4xx_hal_tim.o
 .debug_macro   0x0001fae2      0x1f8 ./Drivers/STM32G4xx_HAL_Driver/Src/stm32g4xx_hal_tim_ex.o
 .debug_macro   0x0001fcda      0x20b ./foc_layer/angle_estimator.o
 .debug_macro   0x0001fee5       0x1b ./foc_layer/clarke_and_park.o
 .debug_macro   0x0001ff00      0x2d4 ./foc_layer/vabctoduty.o
 .debug_macro   0x000201d4       0x61 ./foc_layer/vabctoduty.o
 .debug_macro   0x00020235      0x19b ./foc_layer/vabctoduty.o
 .debug_macro   0x000203d0      0x257 ./hw_layer/hardware_adc.o
 .debug_macro   0x00020627      0x215 ./hw_layer/hardware_opamp.o
 .debug_macro   0x0002083c      0x215 ./hw_layer/hardware_pwm.o

.debug_line     0x00000000    0x18536
 .debug_line    0x00000000      0x9c8 ./Core/Src/adc.o
 .debug_line    0x000009c8      0x7b1 ./Core/Src/dma.o
 .debug_line    0x00001179      0x7c2 ./Core/Src/gpio.o
 .debug_line    0x0000193b      0x9a3 ./Core/Src/main.o
 .debug_line    0x000022de      0x8e7 ./Core/Src/opamp.o
 .debug_line    0x00002bc5      0x7b3 ./Core/Src/stm32g4xx_hal_msp.o
 .debug_line    0x00003378      0x9c2 ./Core/Src/stm32g4xx_it.o
 .debug_line    0x00003d3a      0x81f ./Core/Src/system_stm32g4xx.o
 .debug_line    0x00004559      0x955 ./Core/Src/tim.o
 .debug_line    0x00004eae       0x7b ./Core/Startup/startup_stm32g431c8ux.o
 .debug_line    0x00004f29      0xbdb ./Drivers/STM32G4xx_HAL_Driver/Src/stm32g4xx_hal.o
 .debug_line    0x00005b04     0x2006 ./Drivers/STM32G4xx_HAL_Driver/Src/stm32g4xx_hal_adc.o
 .debug_line    0x00007b0a     0x1a4b ./Drivers/STM32G4xx_HAL_Driver/Src/stm32g4xx_hal_adc_ex.o
 .debug_line    0x00009555      0xd6e ./Drivers/STM32G4xx_HAL_Driver/Src/stm32g4xx_hal_cortex.o
 .debug_line    0x0000a2c3      0xf05 ./Drivers/STM32G4xx_HAL_Driver/Src/stm32g4xx_hal_dma.o
 .debug_line    0x0000b1c8      0xbf4 ./Drivers/STM32G4xx_HAL_Driver/Src/stm32g4xx_hal_gpio.o
 .debug_line    0x0000bdbc      0xaed ./Drivers/STM32G4xx_HAL_Driver/Src/stm32g4xx_hal_opamp.o
 .debug_line    0x0000c8a9      0xd4a ./Drivers/STM32G4xx_HAL_Driver/Src/stm32g4xx_hal_pwr_ex.o
 .debug_line    0x0000d5f3      0xfa6 ./Drivers/STM32G4xx_HAL_Driver/Src/stm32g4xx_hal_rcc.o
 .debug_line    0x0000e599     0x116e ./Drivers/STM32G4xx_HAL_Driver/Src/stm32g4xx_hal_rcc_ex.o
 .debug_line    0x0000f707     0x3f69 ./Drivers/STM32G4xx_HAL_Driver/Src/stm32g4xx_hal_tim.o
 .debug_line    0x00013670     0x211b ./Drivers/STM32G4xx_HAL_Driver/Src/stm32g4xx_hal_tim_ex.o
 .debug_line    0x0001578b      0x7f6 ./foc_layer/angle_estimator.o
 .debug_line    0x00015f81      0x197 ./foc_layer/clarke_and_park.o
 .debug_line    0x00016118      0xa8d ./foc_layer/vabctoduty.o
 .debug_line    0x00016ba5      0x97e ./hw_layer/hardware_adc.o
 .debug_line    0x00017523      0x7d2 ./hw_layer/hardware_opamp.o
 .debug_line    0x00017cf5      0x841 ./hw_layer/hardware_pwm.o

.debug_str      0x00000000    0xd720d
 .debug_str     0x00000000    0xcdb72 ./Core/Src/adc.o
                              0xce1b4 (size before relaxing)
 .debug_str     0x000cdb72      0x49b ./Core/Src/dma.o
                              0xcdce1 (size before relaxing)
 .debug_str     0x000ce00d       0x68 ./Core/Src/gpio.o
                              0xcd928 (size before relaxing)
 .debug_str     0x000ce075      0x7e9 ./Core/Src/main.o
                              0xce61b (size before relaxing)
 .debug_str     0x000ce85e       0x55 ./Core/Src/opamp.o
                              0xcdbb5 (size before relaxing)
 .debug_str     0x000ce8b3       0x4d ./Core/Src/stm32g4xx_hal_msp.o
                              0xcd87e (size before relaxing)
 .debug_str     0x000ce900      0x27a ./Core/Src/stm32g4xx_it.o
                              0xce12f (size before relaxing)
 .debug_str     0x000ceb7a       0xdb ./Core/Src/system_stm32g4xx.o
                              0xcd798 (size before relaxing)
 .debug_str     0x000cec55      0x2f7 ./Core/Src/tim.o
                              0xce6ec (size before relaxing)
 .debug_str     0x000cef4c       0x44 ./Core/Startup/startup_stm32g431c8ux.o
                                 0x84 (size before relaxing)
 .debug_str     0x000cef90      0x5dd ./Drivers/STM32G4xx_HAL_Driver/Src/stm32g4xx_hal.o
                              0xce2d7 (size before relaxing)
 .debug_str     0x000cf56d      0xb16 ./Drivers/STM32G4xx_HAL_Driver/Src/stm32g4xx_hal_adc.o
                              0xce7c5 (size before relaxing)
 .debug_str     0x000d0083      0x691 ./Drivers/STM32G4xx_HAL_Driver/Src/stm32g4xx_hal_adc_ex.o
                              0xce76b (size before relaxing)
 .debug_str     0x000d0714      0x35a ./Drivers/STM32G4xx_HAL_Driver/Src/stm32g4xx_hal_cortex.o
                              0xcdf93 (size before relaxing)
 .debug_str     0x000d0a6e      0x280 ./Drivers/STM32G4xx_HAL_Driver/Src/stm32g4xx_hal_dma.o
                              0xcdb72 (size before relaxing)
 .debug_str     0x000d0cee      0x123 ./Drivers/STM32G4xx_HAL_Driver/Src/stm32g4xx_hal_gpio.o
                              0xcd923 (size before relaxing)
 .debug_str     0x000d0e11      0x31b ./Drivers/STM32G4xx_HAL_Driver/Src/stm32g4xx_hal_opamp.o
                              0xcdc66 (size before relaxing)
 .debug_str     0x000d112c      0x495 ./Drivers/STM32G4xx_HAL_Driver/Src/stm32g4xx_hal_pwr_ex.o
                              0xcdc86 (size before relaxing)
 .debug_str     0x000d15c1      0x4e0 ./Drivers/STM32G4xx_HAL_Driver/Src/stm32g4xx_hal_rcc.o
                              0xcde91 (size before relaxing)
 .debug_str     0x000d1aa1      0x40b ./Drivers/STM32G4xx_HAL_Driver/Src/stm32g4xx_hal_rcc_ex.o
                              0xcde92 (size before relaxing)
 .debug_str     0x000d1eac      0xe82 ./Drivers/STM32G4xx_HAL_Driver/Src/stm32g4xx_hal_tim.o
                              0xcec96 (size before relaxing)
 .debug_str     0x000d2d2e      0x804 ./Drivers/STM32G4xx_HAL_Driver/Src/stm32g4xx_hal_tim_ex.o
                              0xce90a (size before relaxing)
 .debug_str     0x000d3532       0x1f ./foc_layer/angle_estimator.o
                              0xcd766 (size before relaxing)
 .debug_str     0x000d3551       0xa1 ./foc_layer/clarke_and_park.o
                               0x2efe (size before relaxing)
 .debug_str     0x000d35f2     0x397e ./foc_layer/vabctoduty.o
                              0xd110b (size before relaxing)
 .debug_str     0x000d6f70      0x23d ./hw_layer/hardware_adc.o
                              0xce45b (size before relaxing)
 .debug_str     0x000d71ad       0x1d ./hw_layer/hardware_opamp.o
                              0xcd99e (size before relaxing)
 .debug_str     0x000d71ca       0x43 ./hw_layer/hardware_pwm.o
                              0xcde9a (size before relaxing)

.comment        0x00000000       0x43
 .comment       0x00000000       0x43 ./Core/Src/adc.o
                                 0x44 (size before relaxing)
 .comment       0x00000043       0x44 ./Core/Src/dma.o
 .comment       0x00000043       0x44 ./Core/Src/gpio.o
 .comment       0x00000043       0x44 ./Core/Src/main.o
 .comment       0x00000043       0x44 ./Core/Src/opamp.o
 .comment       0x00000043       0x44 ./Core/Src/stm32g4xx_hal_msp.o
 .comment       0x00000043       0x44 ./Core/Src/stm32g4xx_it.o
 .comment       0x00000043       0x44 ./Core/Src/system_stm32g4xx.o
 .comment       0x00000043       0x44 ./Core/Src/tim.o
 .comment       0x00000043       0x44 ./Drivers/STM32G4xx_HAL_Driver/Src/stm32g4xx_hal.o
 .comment       0x00000043       0x44 ./Drivers/STM32G4xx_HAL_Driver/Src/stm32g4xx_hal_adc.o
 .comment       0x00000043       0x44 ./Drivers/STM32G4xx_HAL_Driver/Src/stm32g4xx_hal_adc_ex.o
 .comment       0x00000043       0x44 ./Drivers/STM32G4xx_HAL_Driver/Src/stm32g4xx_hal_cortex.o
 .comment       0x00000043       0x44 ./Drivers/STM32G4xx_HAL_Driver/Src/stm32g4xx_hal_dma.o
 .comment       0x00000043       0x44 ./Drivers/STM32G4xx_HAL_Driver/Src/stm32g4xx_hal_gpio.o
 .comment       0x00000043       0x44 ./Drivers/STM32G4xx_HAL_Driver/Src/stm32g4xx_hal_opamp.o
 .comment       0x00000043       0x44 ./Drivers/STM32G4xx_HAL_Driver/Src/stm32g4xx_hal_pwr_ex.o
 .comment       0x00000043       0x44 ./Drivers/STM32G4xx_HAL_Driver/Src/stm32g4xx_hal_rcc.o
 .comment       0x00000043       0x44 ./Drivers/STM32G4xx_HAL_Driver/Src/stm32g4xx_hal_rcc_ex.o
 .comment       0x00000043       0x44 ./Drivers/STM32G4xx_HAL_Driver/Src/stm32g4xx_hal_tim.o
 .comment       0x00000043       0x44 ./Drivers/STM32G4xx_HAL_Driver/Src/stm32g4xx_hal_tim_ex.o
 .comment       0x00000043       0x44 ./foc_layer/angle_estimator.o
 .comment       0x00000043       0x44 ./foc_layer/clarke_and_park.o
 .comment       0x00000043       0x44 ./foc_layer/vabctoduty.o
 .comment       0x00000043       0x44 ./hw_layer/hardware_adc.o
 .comment       0x00000043       0x44 ./hw_layer/hardware_opamp.o
 .comment       0x00000043       0x44 ./hw_layer/hardware_pwm.o

.debug_frame    0x00000000     0x5104
 .debug_frame   0x00000000       0xa0 ./Core/Src/adc.o
 .debug_frame   0x000000a0       0x34 ./Core/Src/dma.o
 .debug_frame   0x000000d4       0x34 ./Core/Src/gpio.o
 .debug_frame   0x00000108       0x6c ./Core/Src/main.o
 .debug_frame   0x00000174       0xac ./Core/Src/opamp.o
 .debug_frame   0x00000220       0x34 ./Core/Src/stm32g4xx_hal_msp.o
 .debug_frame   0x00000254      0x158 ./Core/Src/stm32g4xx_it.o
 .debug_frame   0x000003ac       0x58 ./Core/Src/system_stm32g4xx.o
 .debug_frame   0x00000404       0xc4 ./Core/Src/tim.o
 .debug_frame   0x000004c8      0x500 ./Drivers/STM32G4xx_HAL_Driver/Src/stm32g4xx_hal.o
 .debug_frame   0x000009c8      0xacc ./Drivers/STM32G4xx_HAL_Driver/Src/stm32g4xx_hal_adc.o
 .debug_frame   0x00001494      0x81c ./Drivers/STM32G4xx_HAL_Driver/Src/stm32g4xx_hal_adc_ex.o
 .debug_frame   0x00001cb0      0x4e8 ./Drivers/STM32G4xx_HAL_Driver/Src/stm32g4xx_hal_cortex.o
 .debug_frame   0x00002198      0x24c ./Drivers/STM32G4xx_HAL_Driver/Src/stm32g4xx_hal_dma.o
 .debug_frame   0x000023e4      0x14c ./Drivers/STM32G4xx_HAL_Driver/Src/stm32g4xx_hal_gpio.o
 .debug_frame   0x00002530      0x1c0 ./Drivers/STM32G4xx_HAL_Driver/Src/stm32g4xx_hal_opamp.o
 .debug_frame   0x000026f0      0x4fc ./Drivers/STM32G4xx_HAL_Driver/Src/stm32g4xx_hal_pwr_ex.o
 .debug_frame   0x00002bec      0x23c ./Drivers/STM32G4xx_HAL_Driver/Src/stm32g4xx_hal_rcc.o
 .debug_frame   0x00002e28      0x2ac ./Drivers/STM32G4xx_HAL_Driver/Src/stm32g4xx_hal_rcc_ex.o
 .debug_frame   0x000030d4     0x121c ./Drivers/STM32G4xx_HAL_Driver/Src/stm32g4xx_hal_tim.o
 .debug_frame   0x000042f0      0xa68 ./Drivers/STM32G4xx_HAL_Driver/Src/stm32g4xx_hal_tim_ex.o
 .debug_frame   0x00004d58       0x38 ./foc_layer/angle_estimator.o
 .debug_frame   0x00004d90      0x108 ./foc_layer/clarke_and_park.o
 .debug_frame   0x00004e98       0xc8 ./foc_layer/vabctoduty.o
 .debug_frame   0x00004f60       0xc8 ./hw_layer/hardware_adc.o
 .debug_frame   0x00005028       0x34 ./hw_layer/hardware_opamp.o
 .debug_frame   0x0000505c       0x5c ./hw_layer/hardware_pwm.o
 .debug_frame   0x000050b8       0x20 C:/ST/STM32CubeIDE_1.16.0/STM32CubeIDE/plugins/com.st.stm32cube.ide.mcu.externaltools.gnu-tools-for-stm32.12.3.rel1.win32_1.0.200.202406191623/tools/bin/../lib/gcc/arm-none-eabi/12.3.1/../../../../arm-none-eabi/lib/thumb/v7e-m+fp/hard\libc_nano.a(libc_a-memset.o)
 .debug_frame   0x000050d8       0x2c C:/ST/STM32CubeIDE_1.16.0/STM32CubeIDE/plugins/com.st.stm32cube.ide.mcu.externaltools.gnu-tools-for-stm32.12.3.rel1.win32_1.0.200.202406191623/tools/bin/../lib/gcc/arm-none-eabi/12.3.1/../../../../arm-none-eabi/lib/thumb/v7e-m+fp/hard\libc_nano.a(libc_a-init.o)

.debug_line_str
                0x00000000       0x68
 .debug_line_str
                0x00000000       0x68 ./Core/Startup/startup_stm32g431c8ux.o
